<?xml version="1.0" encoding="ISO-8859-1" ?>
<link_info>
   <banner>TI ARM Linker Unix v18.12.1.LTS</banner>
   <copyright>Copyright (c) 1996-2018 Texas Instruments Incorporated</copyright>
   <link_time>0x5ce49022</link_time>
   <link_errors>0x0</link_errors>
   <output_file>boostxl_edumkii_accelerometer_msp432p401r_MSP_EXP432P401R_nortos_ccs.out</output_file>
   <entry_point>
      <name>_c_int00_noargs</name>
      <address>0x329d</address>
   </entry_point>
   <input_file_list>
      <input_file id="fl-2">
         <path>./</path>
         <kind>object</kind>
         <file>main.obj</file>
         <name>main.obj</name>
      </input_file>
      <input_file id="fl-3">
         <path>./</path>
         <kind>object</kind>
         <file>system_msp432p401r.obj</file>
         <name>system_msp432p401r.obj</name>
      </input_file>
      <input_file id="fl-4">
         <path>./LcdDriver/</path>
         <kind>object</kind>
         <file>Crystalfontz128x128_ST7735.obj</file>
         <name>Crystalfontz128x128_ST7735.obj</name>
      </input_file>
      <input_file id="fl-5">
         <path>./LcdDriver/</path>
         <kind>object</kind>
         <file>HAL_MSP_EXP432P401R_Crystalfontz128x128_ST7735.obj</file>
         <name>HAL_MSP_EXP432P401R_Crystalfontz128x128_ST7735.obj</name>
      </input_file>
      <input_file id="fl-6">
         <path>./ccs/</path>
         <kind>object</kind>
         <file>startup_msp432p401r_ccs.obj</file>
         <name>startup_msp432p401r_ccs.obj</name>
      </input_file>
      <input_file id="fl-11">
         <kind>object</kind>
         <file>&lt;internal&gt;</file>
         <name>&lt;internal&gt;</name>
      </input_file>
      <input_file id="fl-12">
         <path>/home/cerva08/ti/simplelink_msp432p4_sdk_3_10_00_08/source/ti/grlib/lib/ccs/m4f/</path>
         <kind>archive</kind>
         <file>grlib.a</file>
         <name>context.obj</name>
      </input_file>
      <input_file id="fl-13">
         <path>/home/cerva08/ti/simplelink_msp432p4_sdk_3_10_00_08/source/ti/grlib/lib/ccs/m4f/</path>
         <kind>archive</kind>
         <file>grlib.a</file>
         <name>display.obj</name>
      </input_file>
      <input_file id="fl-14">
         <path>/home/cerva08/ti/simplelink_msp432p4_sdk_3_10_00_08/source/ti/grlib/lib/ccs/m4f/</path>
         <kind>archive</kind>
         <file>grlib.a</file>
         <name>fontfixed6x8.obj</name>
      </input_file>
      <input_file id="fl-15">
         <path>/home/cerva08/ti/simplelink_msp432p4_sdk_3_10_00_08/source/ti/grlib/lib/ccs/m4f/</path>
         <kind>archive</kind>
         <file>grlib.a</file>
         <name>string.obj</name>
      </input_file>
      <input_file id="fl-16">
         <path>/home/cerva08/ti/simplelink_msp432p4_sdk_3_10_00_08/source/ti/grlib/lib/ccs/m4f/</path>
         <kind>archive</kind>
         <file>grlib.a</file>
         <name>line.obj</name>
      </input_file>
      <input_file id="fl-17">
         <path>/home/cerva08/ti/simplelink_msp432p4_sdk_3_10_00_08/source/ti/devices/msp432p4xx/driverlib/ccs/</path>
         <kind>archive</kind>
         <file>msp432p4xx_driverlib.lib</file>
         <name>adc14.o</name>
      </input_file>
      <input_file id="fl-18">
         <path>/home/cerva08/ti/simplelink_msp432p4_sdk_3_10_00_08/source/ti/devices/msp432p4xx/driverlib/ccs/</path>
         <kind>archive</kind>
         <file>msp432p4xx_driverlib.lib</file>
         <name>gpio.o</name>
      </input_file>
      <input_file id="fl-19">
         <path>/home/cerva08/ti/simplelink_msp432p4_sdk_3_10_00_08/source/ti/devices/msp432p4xx/driverlib/ccs/</path>
         <kind>archive</kind>
         <file>msp432p4xx_driverlib.lib</file>
         <name>interrupt.o</name>
      </input_file>
      <input_file id="fl-1a">
         <path>/home/cerva08/ti/simplelink_msp432p4_sdk_3_10_00_08/source/ti/devices/msp432p4xx/driverlib/ccs/</path>
         <kind>archive</kind>
         <file>msp432p4xx_driverlib.lib</file>
         <name>spi.o</name>
      </input_file>
      <input_file id="fl-1b">
         <path>/home/cerva08/ti/simplelink_msp432p4_sdk_3_10_00_08/source/ti/devices/msp432p4xx/driverlib/ccs/</path>
         <kind>archive</kind>
         <file>msp432p4xx_driverlib.lib</file>
         <name>cpu.o</name>
      </input_file>
      <input_file id="fl-d1">
         <path>/opt/ti/ccs901/ccs/tools/compiler/ti-cgt-arm_18.12.1.LTS/lib/</path>
         <kind>archive</kind>
         <file>rtsv7M4_T_le_v4SPD16_eabi.lib</file>
         <name>sprintf.c.obj</name>
      </input_file>
      <input_file id="fl-d2">
         <path>/opt/ti/ccs901/ccs/tools/compiler/ti-cgt-arm_18.12.1.LTS/lib/</path>
         <kind>archive</kind>
         <file>rtsv7M4_T_le_v4SPD16_eabi.lib</file>
         <name>memcpy_t2.asm.obj</name>
      </input_file>
      <input_file id="fl-d3">
         <path>/opt/ti/ccs901/ccs/tools/compiler/ti-cgt-arm_18.12.1.LTS/lib/</path>
         <kind>archive</kind>
         <file>rtsv7M4_T_le_v4SPD16_eabi.lib</file>
         <name>copy_zero_init.c.obj</name>
      </input_file>
      <input_file id="fl-d4">
         <path>/opt/ti/ccs901/ccs/tools/compiler/ti-cgt-arm_18.12.1.LTS/lib/</path>
         <kind>archive</kind>
         <file>rtsv7M4_T_le_v4SPD16_eabi.lib</file>
         <name>copy_decompress_none.c.obj</name>
      </input_file>
      <input_file id="fl-d5">
         <path>/opt/ti/ccs901/ccs/tools/compiler/ti-cgt-arm_18.12.1.LTS/lib/</path>
         <kind>archive</kind>
         <file>rtsv7M4_T_le_v4SPD16_eabi.lib</file>
         <name>copy_decompress_lzss.c.obj</name>
      </input_file>
      <input_file id="fl-d6">
         <path>/opt/ti/ccs901/ccs/tools/compiler/ti-cgt-arm_18.12.1.LTS/lib/</path>
         <kind>archive</kind>
         <file>rtsv7M4_T_le_v4SPD16_eabi.lib</file>
         <name>boot_cortex_m.c.obj</name>
      </input_file>
      <input_file id="fl-d7">
         <path>/opt/ti/ccs901/ccs/tools/compiler/ti-cgt-arm_18.12.1.LTS/lib/</path>
         <kind>archive</kind>
         <file>rtsv7M4_T_le_v4SPD16_eabi.lib</file>
         <name>_printfi.c.obj</name>
      </input_file>
      <input_file id="fl-d8">
         <path>/opt/ti/ccs901/ccs/tools/compiler/ti-cgt-arm_18.12.1.LTS/lib/</path>
         <kind>archive</kind>
         <file>rtsv7M4_T_le_v4SPD16_eabi.lib</file>
         <name>s_frexp.c.obj</name>
      </input_file>
      <input_file id="fl-d9">
         <path>/opt/ti/ccs901/ccs/tools/compiler/ti-cgt-arm_18.12.1.LTS/lib/</path>
         <kind>archive</kind>
         <file>rtsv7M4_T_le_v4SPD16_eabi.lib</file>
         <name>s_scalbn.c.obj</name>
      </input_file>
      <input_file id="fl-da">
         <path>/opt/ti/ccs901/ccs/tools/compiler/ti-cgt-arm_18.12.1.LTS/lib/</path>
         <kind>archive</kind>
         <file>rtsv7M4_T_le_v4SPD16_eabi.lib</file>
         <name>s_copysign.c.obj</name>
      </input_file>
      <input_file id="fl-db">
         <path>/opt/ti/ccs901/ccs/tools/compiler/ti-cgt-arm_18.12.1.LTS/lib/</path>
         <kind>archive</kind>
         <file>rtsv7M4_T_le_v4SPD16_eabi.lib</file>
         <name>ull_div_t2.asm.obj</name>
      </input_file>
      <input_file id="fl-dc">
         <path>/opt/ti/ccs901/ccs/tools/compiler/ti-cgt-arm_18.12.1.LTS/lib/</path>
         <kind>archive</kind>
         <file>rtsv7M4_T_le_v4SPD16_eabi.lib</file>
         <name>fd_add_t2.asm.obj</name>
      </input_file>
      <input_file id="fl-dd">
         <path>/opt/ti/ccs901/ccs/tools/compiler/ti-cgt-arm_18.12.1.LTS/lib/</path>
         <kind>archive</kind>
         <file>rtsv7M4_T_le_v4SPD16_eabi.lib</file>
         <name>fd_cmp_t2.asm.obj</name>
      </input_file>
      <input_file id="fl-de">
         <path>/opt/ti/ccs901/ccs/tools/compiler/ti-cgt-arm_18.12.1.LTS/lib/</path>
         <kind>archive</kind>
         <file>rtsv7M4_T_le_v4SPD16_eabi.lib</file>
         <name>fd_div_t2.asm.obj</name>
      </input_file>
      <input_file id="fl-df">
         <path>/opt/ti/ccs901/ccs/tools/compiler/ti-cgt-arm_18.12.1.LTS/lib/</path>
         <kind>archive</kind>
         <file>rtsv7M4_T_le_v4SPD16_eabi.lib</file>
         <name>fd_mul_t2.asm.obj</name>
      </input_file>
      <input_file id="fl-e0">
         <path>/opt/ti/ccs901/ccs/tools/compiler/ti-cgt-arm_18.12.1.LTS/lib/</path>
         <kind>archive</kind>
         <file>rtsv7M4_T_le_v4SPD16_eabi.lib</file>
         <name>fd_toi_t2.asm.obj</name>
      </input_file>
      <input_file id="fl-e1">
         <path>/opt/ti/ccs901/ccs/tools/compiler/ti-cgt-arm_18.12.1.LTS/lib/</path>
         <kind>archive</kind>
         <file>rtsv7M4_T_le_v4SPD16_eabi.lib</file>
         <name>i_tofd_t2.asm.obj</name>
      </input_file>
      <input_file id="fl-e2">
         <path>/opt/ti/ccs901/ccs/tools/compiler/ti-cgt-arm_18.12.1.LTS/lib/</path>
         <kind>archive</kind>
         <file>rtsv7M4_T_le_v4SPD16_eabi.lib</file>
         <name>memset_t2.asm.obj</name>
      </input_file>
      <input_file id="fl-e3">
         <path>/opt/ti/ccs901/ccs/tools/compiler/ti-cgt-arm_18.12.1.LTS/lib/</path>
         <kind>archive</kind>
         <file>rtsv7M4_T_le_v4SPD16_eabi.lib</file>
         <name>autoinit.c.obj</name>
      </input_file>
      <input_file id="fl-e4">
         <path>/opt/ti/ccs901/ccs/tools/compiler/ti-cgt-arm_18.12.1.LTS/lib/</path>
         <kind>archive</kind>
         <file>rtsv7M4_T_le_v4SPD16_eabi.lib</file>
         <name>pre_init.c.obj</name>
      </input_file>
      <input_file id="fl-e5">
         <path>/opt/ti/ccs901/ccs/tools/compiler/ti-cgt-arm_18.12.1.LTS/lib/</path>
         <kind>archive</kind>
         <file>rtsv7M4_T_le_v4SPD16_eabi.lib</file>
         <name>cpy_tbl.c.obj</name>
      </input_file>
      <input_file id="fl-e6">
         <path>/opt/ti/ccs901/ccs/tools/compiler/ti-cgt-arm_18.12.1.LTS/lib/</path>
         <kind>archive</kind>
         <file>rtsv7M4_T_le_v4SPD16_eabi.lib</file>
         <name>exit.c.obj</name>
      </input_file>
      <input_file id="fl-e7">
         <path>/opt/ti/ccs901/ccs/tools/compiler/ti-cgt-arm_18.12.1.LTS/lib/</path>
         <kind>archive</kind>
         <file>rtsv7M4_T_le_v4SPD16_eabi.lib</file>
         <name>_lock.c.obj</name>
      </input_file>
      <input_file id="fl-e8">
         <path>/opt/ti/ccs901/ccs/tools/compiler/ti-cgt-arm_18.12.1.LTS/lib/</path>
         <kind>archive</kind>
         <file>rtsv7M4_T_le_v4SPD16_eabi.lib</file>
         <name>args_main.c.obj</name>
      </input_file>
      <input_file id="fl-e9">
         <path>/opt/ti/ccs901/ccs/tools/compiler/ti-cgt-arm_18.12.1.LTS/lib/</path>
         <kind>archive</kind>
         <file>rtsv7M4_T_le_v4SPD16_eabi.lib</file>
         <name>atoi.c.obj</name>
      </input_file>
      <input_file id="fl-ea">
         <path>/opt/ti/ccs901/ccs/tools/compiler/ti-cgt-arm_18.12.1.LTS/lib/</path>
         <kind>archive</kind>
         <file>rtsv7M4_T_le_v4SPD16_eabi.lib</file>
         <name>ctype.c.obj</name>
      </input_file>
      <input_file id="fl-eb">
         <path>/opt/ti/ccs901/ccs/tools/compiler/ti-cgt-arm_18.12.1.LTS/lib/</path>
         <kind>archive</kind>
         <file>rtsv7M4_T_le_v4SPD16_eabi.lib</file>
         <name>ltoa.c.obj</name>
      </input_file>
      <input_file id="fl-ec">
         <path>/opt/ti/ccs901/ccs/tools/compiler/ti-cgt-arm_18.12.1.LTS/lib/</path>
         <kind>archive</kind>
         <file>rtsv7M4_T_le_v4SPD16_eabi.lib</file>
         <name>memccpy.c.obj</name>
      </input_file>
      <input_file id="fl-ed">
         <path>/opt/ti/ccs901/ccs/tools/compiler/ti-cgt-arm_18.12.1.LTS/lib/</path>
         <kind>archive</kind>
         <file>rtsv7M4_T_le_v4SPD16_eabi.lib</file>
         <name>strchr.c.obj</name>
      </input_file>
      <input_file id="fl-ee">
         <path>/opt/ti/ccs901/ccs/tools/compiler/ti-cgt-arm_18.12.1.LTS/lib/</path>
         <kind>archive</kind>
         <file>rtsv7M4_T_le_v4SPD16_eabi.lib</file>
         <name>strlen.c.obj</name>
      </input_file>
      <input_file id="fl-ef">
         <path>/opt/ti/ccs901/ccs/tools/compiler/ti-cgt-arm_18.12.1.LTS/lib/</path>
         <kind>archive</kind>
         <file>rtsv7M4_T_le_v4SPD16_eabi.lib</file>
         <name>errno.c.obj</name>
      </input_file>
      <input_file id="fl-f0">
         <path>/opt/ti/ccs901/ccs/tools/compiler/ti-cgt-arm_18.12.1.LTS/lib/</path>
         <kind>archive</kind>
         <file>rtsv7M4_T_le_v4SPD16_eabi.lib</file>
         <name>wcslen.c.obj</name>
      </input_file>
      <input_file id="fl-f1">
         <path>/opt/ti/ccs901/ccs/tools/compiler/ti-cgt-arm_18.12.1.LTS/lib/</path>
         <kind>archive</kind>
         <file>rtsv7M4_T_le_v4SPD16_eabi.lib</file>
         <name>div0.asm.obj</name>
      </input_file>
   </input_file_list>
   <object_component_list>
      <object_component id="oc-23">
         <name>.intvecs:retain</name>
         <load_address>0x0</load_address>
         <run_address>0x0</run_address>
         <size>0xe4</size>
         <input_file_ref idref="fl-6"/>
      </object_component>
      <object_component id="oc-254">
         <name>.text:__TI_printfi</name>
         <load_address>0xe4</load_address>
         <run_address>0xe4</run_address>
         <size>0xa4e</size>
         <input_file_ref idref="fl-d7"/>
      </object_component>
      <object_component id="oc-24c">
         <name>.text:Graphics_drawString</name>
         <load_address>0xb32</load_address>
         <run_address>0xb32</run_address>
         <size>0x47e</size>
         <input_file_ref idref="fl-15"/>
      </object_component>
      <object_component id="oc-310">
         <name>.text:_pconv_a</name>
         <load_address>0xfb0</load_address>
         <run_address>0xfb0</run_address>
         <size>0x270</size>
         <input_file_ref idref="fl-d7"/>
      </object_component>
      <object_component id="oc-1e7">
         <name>.text:Crystalfontz128x128_PixelDrawMultiple</name>
         <load_address>0x1220</load_address>
         <run_address>0x1220</run_address>
         <size>0x1d8</size>
         <input_file_ref idref="fl-4"/>
      </object_component>
      <object_component id="oc-2fe">
         <name>.text:_pconv_g</name>
         <load_address>0x13f8</load_address>
         <run_address>0x13f8</run_address>
         <size>0x1d0</size>
         <input_file_ref idref="fl-d7"/>
      </object_component>
      <object_component id="oc-39f">
         <name>.text</name>
         <load_address>0x15c8</load_address>
         <run_address>0x15c8</run_address>
         <size>0x1b6</size>
         <input_file_ref idref="fl-dc"/>
      </object_component>
      <object_component id="oc-6a">
         <name>.text:Default_Handler</name>
         <load_address>0x177e</load_address>
         <run_address>0x177e</run_address>
         <size>0x2</size>
         <input_file_ref idref="fl-6"/>
      </object_component>
      <object_component id="oc-9c">
         <name>.text:main</name>
         <load_address>0x1780</load_address>
         <run_address>0x1780</run_address>
         <size>0x1b4</size>
         <input_file_ref idref="fl-2"/>
      </object_component>
      <object_component id="oc-160">
         <name>.text:_getIndexForMemRegister</name>
         <load_address>0x1934</load_address>
         <run_address>0x1934</run_address>
         <size>0x160</size>
         <input_file_ref idref="fl-17"/>
      </object_component>
      <object_component id="oc-30a">
         <name>.text:_pconv_e</name>
         <load_address>0x1a94</load_address>
         <run_address>0x1a94</run_address>
         <size>0x13c</size>
         <input_file_ref idref="fl-d7"/>
      </object_component>
      <object_component id="oc-385">
         <name>.text</name>
         <load_address>0x1bd0</load_address>
         <run_address>0x1bd0</run_address>
         <size>0x136</size>
         <input_file_ref idref="fl-de"/>
      </object_component>
      <object_component id="oc-404">
         <name>.text</name>
         <load_address>0x1d06</load_address>
         <run_address>0x1d06</run_address>
         <size>0x2</size>
         <input_file_ref idref="fl-f1"/>
      </object_component>
      <object_component id="oc-1c0">
         <name>.text:Crystalfontz128x128_SetDrawFrame</name>
         <load_address>0x1d08</load_address>
         <run_address>0x1d08</run_address>
         <size>0x134</size>
         <input_file_ref idref="fl-4"/>
      </object_component>
      <object_component id="oc-f1">
         <name>.text:Crystalfontz128x128_Init</name>
         <load_address>0x1e3c</load_address>
         <run_address>0x1e3c</run_address>
         <size>0x12c</size>
         <input_file_ref idref="fl-4"/>
      </object_component>
      <object_component id="oc-3b1">
         <name>.text:fcvt</name>
         <load_address>0x1f68</load_address>
         <run_address>0x1f68</run_address>
         <size>0x124</size>
         <input_file_ref idref="fl-d7"/>
      </object_component>
      <object_component id="oc-3c5">
         <name>.text:scalbn</name>
         <load_address>0x208c</load_address>
         <run_address>0x208c</run_address>
         <size>0x110</size>
         <input_file_ref idref="fl-d9"/>
      </object_component>
      <object_component id="oc-380">
         <name>.text</name>
         <load_address>0x219c</load_address>
         <run_address>0x219c</run_address>
         <size>0xfc</size>
         <input_file_ref idref="fl-df"/>
      </object_component>
      <object_component id="oc-246">
         <name>.text:Graphics_getStringWidth</name>
         <load_address>0x2298</load_address>
         <run_address>0x2298</run_address>
         <size>0xfa</size>
         <input_file_ref idref="fl-15"/>
      </object_component>
      <object_component id="oc-70">
         <name>.text:ADC14_IRQHandler</name>
         <load_address>0x2394</load_address>
         <run_address>0x2394</run_address>
         <size>0xf8</size>
         <input_file_ref idref="fl-2"/>
      </object_component>
      <object_component id="oc-2f3">
         <name>.text:_ltostr</name>
         <load_address>0x248c</load_address>
         <run_address>0x248c</run_address>
         <size>0xb1</size>
         <input_file_ref idref="fl-d7"/>
      </object_component>
      <object_component id="oc-27a">
         <name>.text:SPI_initMaster</name>
         <load_address>0x253e</load_address>
         <run_address>0x253e</run_address>
         <size>0xb0</size>
         <input_file_ref idref="fl-1a"/>
      </object_component>
      <object_component id="oc-1f9">
         <name>.text:Crystalfontz128x128_RectFill</name>
         <load_address>0x25ee</load_address>
         <run_address>0x25ee</run_address>
         <size>0x9c</size>
         <input_file_ref idref="fl-4"/>
      </object_component>
      <object_component id="oc-2d8">
         <name>.text:Graphics_drawLineH</name>
         <load_address>0x268a</load_address>
         <run_address>0x268a</run_address>
         <size>0x9c</size>
         <input_file_ref idref="fl-16"/>
      </object_component>
      <object_component id="oc-34">
         <name>.text</name>
         <load_address>0x2726</load_address>
         <run_address>0x2726</run_address>
         <size>0x9c</size>
         <input_file_ref idref="fl-d2"/>
      </object_component>
      <object_component id="oc-379">
         <name>.text</name>
         <load_address>0x27c2</load_address>
         <run_address>0x27c2</run_address>
         <size>0x96</size>
         <input_file_ref idref="fl-db"/>
      </object_component>
      <object_component id="oc-c8">
         <name>.text:drawAccelData</name>
         <load_address>0x2858</load_address>
         <run_address>0x2858</run_address>
         <size>0x94</size>
         <input_file_ref idref="fl-2"/>
      </object_component>
      <object_component id="oc-26d">
         <name>.text:GPIO_setAsPeripheralModuleFunctionOutputPin</name>
         <load_address>0x28ec</load_address>
         <run_address>0x28ec</run_address>
         <size>0x88</size>
         <input_file_ref idref="fl-18"/>
      </object_component>
      <object_component id="oc-2f9">
         <name>.text:__aeabi_cdcmple</name>
         <load_address>0x2974</load_address>
         <run_address>0x2974</run_address>
         <size>0x86</size>
         <input_file_ref idref="fl-dd"/>
      </object_component>
      <object_component id="oc-38a">
         <name>.text:__aeabi_cdrcmple</name>
         <load_address>0x29fa</load_address>
         <run_address>0x29fa</run_address>
         <size>0x86</size>
         <input_file_ref idref="fl-dd"/>
      </object_component>
      <object_component id="oc-90">
         <name>.text</name>
         <load_address>0x2a80</load_address>
         <run_address>0x2a80</run_address>
         <size>0x7a</size>
         <input_file_ref idref="fl-e2"/>
      </object_component>
      <object_component id="oc-ae">
         <name>.text:SystemInit</name>
         <load_address>0x2afc</load_address>
         <run_address>0x2afc</run_address>
         <size>0x78</size>
         <input_file_ref idref="fl-3"/>
      </object_component>
      <object_component id="oc-3aa">
         <name>.text:_mcpy</name>
         <load_address>0x2b74</load_address>
         <run_address>0x2b74</run_address>
         <size>0x6e</size>
         <input_file_ref idref="fl-d7"/>
      </object_component>
      <object_component id="oc-14">
         <name>.text:decompress:lzss:__TI_decompress_lzss</name>
         <load_address>0x2be2</load_address>
         <run_address>0x2be2</run_address>
         <size>0x68</size>
         <input_file_ref idref="fl-d5"/>
      </object_component>
      <object_component id="oc-3bf">
         <name>.text:frexp</name>
         <load_address>0x2c4c</load_address>
         <run_address>0x2c4c</run_address>
         <size>0x64</size>
         <input_file_ref idref="fl-d8"/>
      </object_component>
      <object_component id="oc-1ed">
         <name>.text:Crystalfontz128x128_LineDrawH</name>
         <load_address>0x2cb0</load_address>
         <run_address>0x2cb0</run_address>
         <size>0x60</size>
         <input_file_ref idref="fl-4"/>
      </object_component>
      <object_component id="oc-1f3">
         <name>.text:Crystalfontz128x128_LineDrawV</name>
         <load_address>0x2d10</load_address>
         <run_address>0x2d10</run_address>
         <size>0x60</size>
         <input_file_ref idref="fl-4"/>
      </object_component>
      <object_component id="oc-304">
         <name>.text:_pconv_f</name>
         <load_address>0x2d70</load_address>
         <run_address>0x2d70</run_address>
         <size>0x56</size>
         <input_file_ref idref="fl-d7"/>
      </object_component>
      <object_component id="oc-bc">
         <name>.text:Crystalfontz128x128_SetOrientation</name>
         <load_address>0x2dc8</load_address>
         <run_address>0x2dc8</run_address>
         <size>0x54</size>
         <input_file_ref idref="fl-4"/>
      </object_component>
      <object_component id="oc-394">
         <name>.text:ltoa</name>
         <load_address>0x2e1c</load_address>
         <run_address>0x2e1c</run_address>
         <size>0x54</size>
         <input_file_ref idref="fl-eb"/>
      </object_component>
      <object_component id="oc-f7">
         <name>.text:Graphics_initContext</name>
         <load_address>0x2e70</load_address>
         <run_address>0x2e70</run_address>
         <size>0x52</size>
         <input_file_ref idref="fl-12"/>
      </object_component>
      <object_component id="oc-3a4">
         <name>.text:_ecpy</name>
         <load_address>0x2ec2</load_address>
         <run_address>0x2ec2</run_address>
         <size>0x52</size>
         <input_file_ref idref="fl-d7"/>
      </object_component>
      <object_component id="oc-2ed">
         <name>.text:atoi</name>
         <load_address>0x2f14</load_address>
         <run_address>0x2f14</run_address>
         <size>0x4c</size>
         <input_file_ref idref="fl-e9"/>
      </object_component>
      <object_component id="oc-182">
         <name>.text:Graphics_drawStringCentered</name>
         <load_address>0x2f60</load_address>
         <run_address>0x2f60</run_address>
         <size>0x48</size>
         <input_file_ref idref="fl-15"/>
      </object_component>
      <object_component id="oc-38f">
         <name>.text</name>
         <load_address>0x2fa8</load_address>
         <run_address>0x2fa8</run_address>
         <size>0x48</size>
         <input_file_ref idref="fl-e0"/>
      </object_component>
      <object_component id="oc-12d">
         <name>.text:__TI_auto_init_nobinit_nopinit:__TI_auto_init_nobinit_nopinit</name>
         <load_address>0x2ff0</load_address>
         <run_address>0x2ff0</run_address>
         <size>0x44</size>
         <input_file_ref idref="fl-e3"/>
      </object_component>
      <object_component id="oc-1e1">
         <name>.text:Crystalfontz128x128_PixelDraw</name>
         <load_address>0x3034</load_address>
         <run_address>0x3034</run_address>
         <size>0x40</size>
         <input_file_ref idref="fl-4"/>
      </object_component>
      <object_component id="oc-273">
         <name>.text:GPIO_setAsOutputPin</name>
         <load_address>0x3074</load_address>
         <run_address>0x3074</run_address>
         <size>0x40</size>
         <input_file_ref idref="fl-18"/>
      </object_component>
      <object_component id="oc-2d2">
         <name>.text:Graphics_getNumberOfLeadingZeros</name>
         <load_address>0x30b4</load_address>
         <run_address>0x30b4</run_address>
         <size>0x40</size>
         <input_file_ref idref="fl-15"/>
      </object_component>
      <object_component id="oc-1ae">
         <name>.text:HAL_LCD_SpiInit</name>
         <load_address>0x30f4</load_address>
         <run_address>0x30f4</run_address>
         <size>0x40</size>
         <input_file_ref idref="fl-5"/>
      </object_component>
      <object_component id="oc-33a">
         <name>.text:is_A_Module</name>
         <load_address>0x3134</load_address>
         <run_address>0x3134</run_address>
         <size>0x40</size>
         <input_file_ref idref="fl-1a"/>
      </object_component>
      <object_component id="oc-189">
         <name>.text:sprintf</name>
         <load_address>0x3174</load_address>
         <run_address>0x3174</run_address>
         <size>0x40</size>
         <input_file_ref idref="fl-d1"/>
      </object_component>
      <object_component id="oc-3b7">
         <name>.text:_fcpy</name>
         <load_address>0x31b4</load_address>
         <run_address>0x31b4</run_address>
         <size>0x3e</size>
         <input_file_ref idref="fl-d7"/>
      </object_component>
      <object_component id="oc-16f">
         <name>.text:HAL_LCD_writeCommand</name>
         <load_address>0x31f4</load_address>
         <run_address>0x31f4</run_address>
         <size>0x38</size>
         <input_file_ref idref="fl-5"/>
      </object_component>
      <object_component id="oc-c2">
         <name>.text:drawTitle</name>
         <load_address>0x322c</load_address>
         <run_address>0x322c</run_address>
         <size>0x38</size>
         <input_file_ref idref="fl-2"/>
      </object_component>
      <object_component id="oc-369">
         <name>.text:Graphics_drawHorizontalLineOnDisplay</name>
         <load_address>0x3264</load_address>
         <run_address>0x3264</run_address>
         <size>0x36</size>
         <input_file_ref idref="fl-13"/>
      </object_component>
      <object_component id="oc-52">
         <name>.text:_c_int00_noargs:_c_int00_noargs</name>
         <load_address>0x329c</load_address>
         <run_address>0x329c</run_address>
         <size>0x34</size>
         <input_file_ref idref="fl-d6"/>
      </object_component>
      <object_component id="oc-1a8">
         <name>.text:HAL_LCD_PortInit</name>
         <load_address>0x32d0</load_address>
         <run_address>0x32d0</run_address>
         <size>0x30</size>
         <input_file_ref idref="fl-5"/>
      </object_component>
      <object_component id="oc-39a">
         <name>.text</name>
         <load_address>0x3300</load_address>
         <run_address>0x3300</run_address>
         <size>0x2e</size>
         <input_file_ref idref="fl-e1"/>
      </object_component>
      <object_component id="oc-20b">
         <name>.text:Crystalfontz128x128_ClearScreen</name>
         <load_address>0x3330</load_address>
         <run_address>0x3330</run_address>
         <size>0x2c</size>
         <input_file_ref idref="fl-4"/>
      </object_component>
      <object_component id="oc-2de">
         <name>.text:Graphics_drawPixelOnDisplay</name>
         <load_address>0x335c</load_address>
         <run_address>0x335c</run_address>
         <size>0x2c</size>
         <input_file_ref idref="fl-13"/>
      </object_component>
      <object_component id="oc-175">
         <name>.text:HAL_LCD_writeData</name>
         <load_address>0x3388</load_address>
         <run_address>0x3388</run_address>
         <size>0x2c</size>
         <input_file_ref idref="fl-5"/>
      </object_component>
      <object_component id="oc-1ff">
         <name>.text:Crystalfontz128x128_ColorTranslate</name>
         <load_address>0x33b4</load_address>
         <run_address>0x33b4</run_address>
         <size>0x28</size>
         <input_file_ref idref="fl-4"/>
      </object_component>
      <object_component id="oc-1ba">
         <name>.text:GPIO_setOutputHighOnPin</name>
         <load_address>0x33dc</load_address>
         <run_address>0x33dc</run_address>
         <size>0x28</size>
         <input_file_ref idref="fl-18"/>
      </object_component>
      <object_component id="oc-1b4">
         <name>.text:GPIO_setOutputLowOnPin</name>
         <load_address>0x3404</load_address>
         <run_address>0x3404</run_address>
         <size>0x28</size>
         <input_file_ref idref="fl-18"/>
      </object_component>
      <object_component id="oc-b6">
         <name>.text:ADC14_getResult</name>
         <load_address>0x342c</load_address>
         <run_address>0x342c</run_address>
         <size>0x1c</size>
         <input_file_ref idref="fl-17"/>
      </object_component>
      <object_component id="oc-280">
         <name>.text:SPI_enableModule</name>
         <load_address>0x3448</load_address>
         <run_address>0x3448</run_address>
         <size>0x1c</size>
         <input_file_ref idref="fl-1a"/>
      </object_component>
      <object_component id="oc-316">
         <name>.text:memccpy</name>
         <load_address>0x3464</load_address>
         <run_address>0x3464</run_address>
         <size>0x1c</size>
         <input_file_ref idref="fl-ec"/>
      </object_component>
      <object_component id="oc-23f">
         <name>.text:Graphics_clearDisplayOnDisplay</name>
         <load_address>0x3480</load_address>
         <run_address>0x3480</run_address>
         <size>0x1a</size>
         <input_file_ref idref="fl-13"/>
      </object_component>
      <object_component id="oc-103">
         <name>.text:Graphics_setBackgroundColor</name>
         <load_address>0x349a</load_address>
         <run_address>0x349a</run_address>
         <size>0x1a</size>
         <input_file_ref idref="fl-12"/>
      </object_component>
      <object_component id="oc-109">
         <name>.text:Graphics_setFont</name>
         <load_address>0x34b4</load_address>
         <run_address>0x34b4</run_address>
         <size>0x1a</size>
         <input_file_ref idref="fl-12"/>
      </object_component>
      <object_component id="oc-41d">
         <name>.text:copysign</name>
         <load_address>0x34ce</load_address>
         <run_address>0x34ce</run_address>
         <size>0x1a</size>
         <input_file_ref idref="fl-da"/>
      </object_component>
      <object_component id="oc-25a">
         <name>.text:_outs</name>
         <load_address>0x34e8</load_address>
         <run_address>0x34e8</run_address>
         <size>0x18</size>
         <input_file_ref idref="fl-d1"/>
      </object_component>
      <object_component id="oc-342">
         <name>.text:EUSCI_A_SPI_enable</name>
         <load_address>0x3500</load_address>
         <run_address>0x3500</run_address>
         <size>0x16</size>
         <input_file_ref idref="fl-1a"/>
      </object_component>
      <object_component id="oc-348">
         <name>.text:EUSCI_B_SPI_enable</name>
         <load_address>0x3516</load_address>
         <run_address>0x3516</run_address>
         <size>0x16</size>
         <input_file_ref idref="fl-1a"/>
      </object_component>
      <object_component id="oc-fd">
         <name>.text:Graphics_setForegroundColor</name>
         <load_address>0x352c</load_address>
         <run_address>0x352c</run_address>
         <size>0x16</size>
         <input_file_ref idref="fl-12"/>
      </object_component>
      <object_component id="oc-1cf">
         <name>.text:Graphics_translateColorOnDisplay</name>
         <load_address>0x3542</load_address>
         <run_address>0x3542</run_address>
         <size>0x16</size>
         <input_file_ref idref="fl-13"/>
      </object_component>
      <object_component id="oc-3cb">
         <name>.text:strchr</name>
         <load_address>0x3558</load_address>
         <run_address>0x3558</run_address>
         <size>0x16</size>
         <input_file_ref idref="fl-ed"/>
      </object_component>
      <object_component id="oc-2e7">
         <name>.text:strlen</name>
         <load_address>0x356e</load_address>
         <run_address>0x356e</run_address>
         <size>0x14</size>
         <input_file_ref idref="fl-ee"/>
      </object_component>
      <object_component id="oc-17c">
         <name>.text:Graphics_clearDisplay</name>
         <load_address>0x3582</load_address>
         <run_address>0x3582</run_address>
         <size>0x12</size>
         <input_file_ref idref="fl-12"/>
      </object_component>
      <object_component id="oc-40">
         <name>.text:decompress:ZI:__TI_zero_init_nomemset:__TI_zero_init_nomemset</name>
         <load_address>0x3594</load_address>
         <run_address>0x3594</run_address>
         <size>0x12</size>
         <input_file_ref idref="fl-d3"/>
      </object_component>
      <object_component id="oc-31c">
         <name>.text:wcslen</name>
         <load_address>0x35a6</load_address>
         <run_address>0x35a6</run_address>
         <size>0x12</size>
         <input_file_ref idref="fl-f0"/>
      </object_component>
      <object_component id="oc-1a">
         <name>.text:decompress:none:__TI_decompress_none</name>
         <load_address>0x35b8</load_address>
         <run_address>0x35b8</run_address>
         <size>0xe</size>
         <input_file_ref idref="fl-d4"/>
      </object_component>
      <object_component id="oc-64">
         <name>.text:Reset_Handler</name>
         <load_address>0x35c6</load_address>
         <run_address>0x35c6</run_address>
         <size>0xc</size>
         <input_file_ref idref="fl-6"/>
      </object_component>
      <object_component id="oc-205">
         <name>.text:Crystalfontz128x128_Flush</name>
         <load_address>0x35d2</load_address>
         <run_address>0x35d2</run_address>
         <size>0xa</size>
         <input_file_ref idref="fl-4"/>
      </object_component>
      <object_component id="oc-260">
         <name>.text:_outc</name>
         <load_address>0x35dc</load_address>
         <run_address>0x35dc</run_address>
         <size>0xa</size>
         <input_file_ref idref="fl-d1"/>
      </object_component>
      <object_component id="oc-322">
         <name>.text:__aeabi_errno_addr</name>
         <load_address>0x35e8</load_address>
         <run_address>0x35e8</run_address>
         <size>0x8</size>
         <input_file_ref idref="fl-ef"/>
      </object_component>
      <object_component id="oc-96">
         <name>.text:_system_pre_init</name>
         <load_address>0x35f0</load_address>
         <run_address>0x35f0</run_address>
         <size>0x4</size>
         <input_file_ref idref="fl-e4"/>
      </object_component>
      <object_component id="oc-121">
         <name>.text:abort:abort</name>
         <load_address>0x35f4</load_address>
         <run_address>0x35f4</run_address>
         <size>0x4</size>
         <input_file_ref idref="fl-e6"/>
      </object_component>
      <object_component id="oc-213">
         <name>.const:.string:g_pucFontFixed6x8Data</name>
         <load_address>0x35f8</load_address>
         <run_address>0x35f8</run_address>
         <size>0x2f8</size>
         <input_file_ref idref="fl-14"/>
      </object_component>
      <object_component id="oc-374">
         <name>.const:.string:_ctypes_</name>
         <load_address>0x38f0</load_address>
         <run_address>0x38f0</run_address>
         <size>0x101</size>
         <input_file_ref idref="fl-ea"/>
      </object_component>
      <object_component id="oc-118">
         <name>.const:g_sFontFixed6x8</name>
         <load_address>0x39f4</load_address>
         <run_address>0x39f4</run_address>
         <size>0xc8</size>
         <input_file_ref idref="fl-14"/>
      </object_component>
      <object_component id="oc-166">
         <name>.const:_ctlRegs</name>
         <load_address>0x3abc</load_address>
         <run_address>0x3abc</run_address>
         <size>0x80</size>
         <input_file_ref idref="fl-17"/>
      </object_component>
      <object_component id="oc-28f">
         <name>.const:GPIO_PORT_TO_BASE</name>
         <load_address>0x3b3c</load_address>
         <run_address>0x3b3c</run_address>
         <size>0x30</size>
         <input_file_ref idref="fl-18"/>
      </object_component>
      <object_component id="oc-115">
         <name>.const:g_sCrystalfontz128x128_funcs</name>
         <load_address>0x3b6c</load_address>
         <run_address>0x3b6c</run_address>
         <size>0x20</size>
         <input_file_ref idref="fl-4"/>
      </object_component>
      <object_component id="oc-286">
         <name>.const:$P$T0$1</name>
         <load_address>0x3b8c</load_address>
         <run_address>0x3b8c</run_address>
         <size>0x1c</size>
         <input_file_ref idref="fl-5"/>
      </object_component>
      <object_component id="oc-2a0">
         <name>.const:$P$T0$1</name>
         <load_address>0x3ba8</load_address>
         <run_address>0x3ba8</run_address>
         <size>0x8</size>
         <input_file_ref idref="fl-4"/>
      </object_component>
      <object_component id="oc-479">
         <name>.cinit..data.load</name>
         <load_address>0x3bb0</load_address>
         <run_address>0x3bb0</run_address>
         <size>0xd</size>
      </object_component>
      <object_component id="oc-477">
         <name>__TI_handler_table</name>
         <load_address>0x3bc0</load_address>
         <run_address>0x3bc0</run_address>
         <size>0xc</size>
      </object_component>
      <object_component id="oc-47a">
         <name>.cinit..bss.load</name>
         <load_address>0x3bd0</load_address>
         <run_address>0x3bd0</run_address>
         <size>0x8</size>
      </object_component>
      <object_component id="oc-478">
         <name>__TI_cinit_table</name>
         <load_address>0x3bd8</load_address>
         <run_address>0x3bd8</run_address>
         <size>0x10</size>
      </object_component>
      <object_component id="oc-44c">
         <name>.binit</name>
         <load_address>0x0</load_address>
         <run_address>0x0</run_address>
         <size>0x0</size>
      </object_component>
      <object_component id="oc-112">
         <name>.data:g_sCrystalfontz128x128</name>
         <load_address>0x20000030</load_address>
         <run_address>0x20000030</run_address>
         <size>0x10</size>
         <input_file_ref idref="fl-4"/>
      </object_component>
      <object_component id="oc-3db">
         <name>.data</name>
         <load_address>0x20000040</load_address>
         <run_address>0x20000040</run_address>
         <size>0x4</size>
         <input_file_ref idref="fl-ef"/>
      </object_component>
      <object_component id="oc-ce">
         <name>.bss:resultsBuffer</name>
         <uninitialized>true</uninitialized>
         <run_address>0x2000001c</run_address>
         <size>0x8</size>
         <input_file_ref idref="fl-2"/>
      </object_component>
      <object_component id="oc-10f">
         <name>.common:g_sContext</name>
         <uninitialized>true</uninitialized>
         <run_address>0x20000000</run_address>
         <size>0x1c</size>
      </object_component>
      <object_component id="oc-d1">
         <name>.common:Lcd_Orientation</name>
         <uninitialized>true</uninitialized>
         <run_address>0x2000002c</run_address>
         <size>0x1</size>
      </object_component>
      <object_component id="oc-1c6">
         <name>.common:Lcd_ScreenWidth</name>
         <uninitialized>true</uninitialized>
         <run_address>0x20000026</run_address>
         <size>0x2</size>
      </object_component>
      <object_component id="oc-1c7">
         <name>.common:Lcd_ScreenHeigth</name>
         <uninitialized>true</uninitialized>
         <run_address>0x20000024</run_address>
         <size>0x2</size>
      </object_component>
      <object_component id="oc-1c8">
         <name>.common:Lcd_PenSolid</name>
         <uninitialized>true</uninitialized>
         <run_address>0x2000002d</run_address>
         <size>0x1</size>
      </object_component>
      <object_component id="oc-1c9">
         <name>.common:Lcd_FontSolid</name>
         <uninitialized>true</uninitialized>
         <run_address>0x2000002b</run_address>
         <size>0x1</size>
      </object_component>
      <object_component id="oc-1ca">
         <name>.common:Lcd_FlagRead</name>
         <uninitialized>true</uninitialized>
         <run_address>0x2000002a</run_address>
         <size>0x1</size>
      </object_component>
      <object_component id="oc-1cb">
         <name>.common:Lcd_TouchTrim</name>
         <uninitialized>true</uninitialized>
         <run_address>0x20000028</run_address>
         <size>0x2</size>
      </object_component>
      <object_component id="oc-26">
         <name>.stack</name>
         <uninitialized>true</uninitialized>
         <run_address>0x2000fe00</run_address>
         <size>0x4</size>
         <input_file_ref idref="fl-d6"/>
      </object_component>
      <object_component id="oc-47b">
         <name>.stack</name>
         <uninitialized>true</uninitialized>
         <run_address>0x2000fe00</run_address>
         <size>0x0</size>
      </object_component>
      <object_component id="oc-110">
         <name>.debug_info</name>
         <load_address>0x0</load_address>
         <run_address>0x0</run_address>
         <size>0xaba</size>
         <input_file_ref idref="fl-2"/>
      </object_component>
      <object_component id="oc-cf">
         <name>.debug_info</name>
         <load_address>0xaba</load_address>
         <run_address>0xaba</run_address>
         <size>0x120</size>
         <input_file_ref idref="fl-2"/>
      </object_component>
      <object_component id="oc-9d">
         <name>.debug_info</name>
         <load_address>0xbda</load_address>
         <run_address>0xbda</run_address>
         <size>0x2b4</size>
         <input_file_ref idref="fl-2"/>
      </object_component>
      <object_component id="oc-c3">
         <name>.debug_info</name>
         <load_address>0xe8e</load_address>
         <run_address>0xe8e</run_address>
         <size>0x195</size>
         <input_file_ref idref="fl-2"/>
      </object_component>
      <object_component id="oc-c9">
         <name>.debug_info</name>
         <load_address>0x1023</load_address>
         <run_address>0x1023</run_address>
         <size>0x1f1</size>
         <input_file_ref idref="fl-2"/>
      </object_component>
      <object_component id="oc-71">
         <name>.debug_info</name>
         <load_address>0x1214</load_address>
         <run_address>0x1214</run_address>
         <size>0x2ff</size>
         <input_file_ref idref="fl-2"/>
      </object_component>
      <object_component id="oc-dc">
         <name>.debug_info</name>
         <load_address>0x1513</load_address>
         <run_address>0x1513</run_address>
         <size>0x26b</size>
         <input_file_ref idref="fl-2"/>
      </object_component>
      <object_component id="oc-199">
         <name>.debug_info</name>
         <load_address>0x177e</load_address>
         <run_address>0x177e</run_address>
         <size>0x1055</size>
         <input_file_ref idref="fl-2"/>
      </object_component>
      <object_component id="oc-1da">
         <name>.debug_info</name>
         <load_address>0x27d3</load_address>
         <run_address>0x27d3</run_address>
         <size>0x37e2</size>
         <input_file_ref idref="fl-2"/>
      </object_component>
      <object_component id="oc-19e">
         <name>.debug_info</name>
         <load_address>0x5fb5</load_address>
         <run_address>0x5fb5</run_address>
         <size>0x439</size>
         <input_file_ref idref="fl-2"/>
      </object_component>
      <object_component id="oc-11c">
         <name>.debug_info</name>
         <load_address>0x63ee</load_address>
         <run_address>0x63ee</run_address>
         <size>0x8b</size>
         <input_file_ref idref="fl-2"/>
      </object_component>
      <object_component id="oc-1a3">
         <name>.debug_info</name>
         <load_address>0x6479</load_address>
         <run_address>0x6479</run_address>
         <size>0x297</size>
         <input_file_ref idref="fl-2"/>
      </object_component>
      <object_component id="oc-16a">
         <name>.debug_info</name>
         <load_address>0x6710</load_address>
         <run_address>0x6710</run_address>
         <size>0xef</size>
         <input_file_ref idref="fl-2"/>
      </object_component>
      <object_component id="oc-d5">
         <name>.debug_info</name>
         <load_address>0x67ff</load_address>
         <run_address>0x67ff</run_address>
         <size>0xbb</size>
         <input_file_ref idref="fl-2"/>
      </object_component>
      <object_component id="oc-268">
         <name>.debug_info</name>
         <load_address>0x68ba</load_address>
         <run_address>0x68ba</run_address>
         <size>0x2c</size>
         <input_file_ref idref="fl-2"/>
      </object_component>
      <object_component id="oc-28a">
         <name>.debug_info</name>
         <load_address>0x68e6</load_address>
         <run_address>0x68e6</run_address>
         <size>0x131</size>
         <input_file_ref idref="fl-2"/>
      </object_component>
      <object_component id="oc-af">
         <name>.debug_info</name>
         <load_address>0x6a17</load_address>
         <run_address>0x6a17</run_address>
         <size>0x172</size>
         <input_file_ref idref="fl-3"/>
      </object_component>
      <object_component id="oc-2f">
         <name>.debug_info</name>
         <load_address>0x6b89</load_address>
         <run_address>0x6b89</run_address>
         <size>0x84</size>
         <input_file_ref idref="fl-3"/>
      </object_component>
      <object_component id="oc-d2">
         <name>.debug_info</name>
         <load_address>0x6c0d</load_address>
         <run_address>0x6c0d</run_address>
         <size>0x970</size>
         <input_file_ref idref="fl-4"/>
      </object_component>
      <object_component id="oc-113">
         <name>.debug_info</name>
         <load_address>0x757d</load_address>
         <run_address>0x757d</run_address>
         <size>0x154</size>
         <input_file_ref idref="fl-4"/>
      </object_component>
      <object_component id="oc-116">
         <name>.debug_info</name>
         <load_address>0x76d1</load_address>
         <run_address>0x76d1</run_address>
         <size>0x160</size>
         <input_file_ref idref="fl-4"/>
      </object_component>
      <object_component id="oc-2a1">
         <name>.debug_info</name>
         <load_address>0x7831</load_address>
         <run_address>0x7831</run_address>
         <size>0x135</size>
         <input_file_ref idref="fl-4"/>
      </object_component>
      <object_component id="oc-f2">
         <name>.debug_info</name>
         <load_address>0x7966</load_address>
         <run_address>0x7966</run_address>
         <size>0x427</size>
         <input_file_ref idref="fl-4"/>
      </object_component>
      <object_component id="oc-1c1">
         <name>.debug_info</name>
         <load_address>0x7d8d</load_address>
         <run_address>0x7d8d</run_address>
         <size>0x333</size>
         <input_file_ref idref="fl-4"/>
      </object_component>
      <object_component id="oc-bd">
         <name>.debug_info</name>
         <load_address>0x80c0</load_address>
         <run_address>0x80c0</run_address>
         <size>0x28f</size>
         <input_file_ref idref="fl-4"/>
      </object_component>
      <object_component id="oc-1e2">
         <name>.debug_info</name>
         <load_address>0x834f</load_address>
         <run_address>0x834f</run_address>
         <size>0x2d4</size>
         <input_file_ref idref="fl-4"/>
      </object_component>
      <object_component id="oc-1e8">
         <name>.debug_info</name>
         <load_address>0x8623</load_address>
         <run_address>0x8623</run_address>
         <size>0x437</size>
         <input_file_ref idref="fl-4"/>
      </object_component>
      <object_component id="oc-1ee">
         <name>.debug_info</name>
         <load_address>0x8a5a</load_address>
         <run_address>0x8a5a</run_address>
         <size>0x2ef</size>
         <input_file_ref idref="fl-4"/>
      </object_component>
      <object_component id="oc-1f4">
         <name>.debug_info</name>
         <load_address>0x8d49</load_address>
         <run_address>0x8d49</run_address>
         <size>0x2ef</size>
         <input_file_ref idref="fl-4"/>
      </object_component>
      <object_component id="oc-1fa">
         <name>.debug_info</name>
         <load_address>0x9038</load_address>
         <run_address>0x9038</run_address>
         <size>0x320</size>
         <input_file_ref idref="fl-4"/>
      </object_component>
      <object_component id="oc-200">
         <name>.debug_info</name>
         <load_address>0x9358</load_address>
         <run_address>0x9358</run_address>
         <size>0x23d</size>
         <input_file_ref idref="fl-4"/>
      </object_component>
      <object_component id="oc-206">
         <name>.debug_info</name>
         <load_address>0x9595</load_address>
         <run_address>0x9595</run_address>
         <size>0x1f8</size>
         <input_file_ref idref="fl-4"/>
      </object_component>
      <object_component id="oc-20c">
         <name>.debug_info</name>
         <load_address>0x978d</load_address>
         <run_address>0x978d</run_address>
         <size>0x268</size>
         <input_file_ref idref="fl-4"/>
      </object_component>
      <object_component id="oc-194">
         <name>.debug_info</name>
         <load_address>0x99f5</load_address>
         <run_address>0x99f5</run_address>
         <size>0x37e2</size>
         <input_file_ref idref="fl-4"/>
      </object_component>
      <object_component id="oc-351">
         <name>.debug_info</name>
         <load_address>0xd1d7</load_address>
         <run_address>0xd1d7</run_address>
         <size>0x8b6</size>
         <input_file_ref idref="fl-5"/>
      </object_component>
      <object_component id="oc-287">
         <name>.debug_info</name>
         <load_address>0xda8d</load_address>
         <run_address>0xda8d</run_address>
         <size>0x148</size>
         <input_file_ref idref="fl-5"/>
      </object_component>
      <object_component id="oc-1a9">
         <name>.debug_info</name>
         <load_address>0xdbd5</load_address>
         <run_address>0xdbd5</run_address>
         <size>0x29f</size>
         <input_file_ref idref="fl-5"/>
      </object_component>
      <object_component id="oc-1af">
         <name>.debug_info</name>
         <load_address>0xde74</load_address>
         <run_address>0xde74</run_address>
         <size>0x268</size>
         <input_file_ref idref="fl-5"/>
      </object_component>
      <object_component id="oc-170">
         <name>.debug_info</name>
         <load_address>0xe0dc</load_address>
         <run_address>0xe0dc</run_address>
         <size>0x25f</size>
         <input_file_ref idref="fl-5"/>
      </object_component>
      <object_component id="oc-176">
         <name>.debug_info</name>
         <load_address>0xe33b</load_address>
         <run_address>0xe33b</run_address>
         <size>0x212</size>
         <input_file_ref idref="fl-5"/>
      </object_component>
      <object_component id="oc-78">
         <name>.debug_info</name>
         <load_address>0xe54d</load_address>
         <run_address>0xe54d</run_address>
         <size>0x312</size>
         <input_file_ref idref="fl-6"/>
      </object_component>
      <object_component id="oc-24">
         <name>.debug_info</name>
         <load_address>0xe85f</load_address>
         <run_address>0xe85f</run_address>
         <size>0x13e</size>
         <input_file_ref idref="fl-6"/>
      </object_component>
      <object_component id="oc-65">
         <name>.debug_info</name>
         <load_address>0xe99d</load_address>
         <run_address>0xe99d</run_address>
         <size>0x1a1</size>
         <input_file_ref idref="fl-6"/>
      </object_component>
      <object_component id="oc-6b">
         <name>.debug_info</name>
         <load_address>0xeb3e</load_address>
         <run_address>0xeb3e</run_address>
         <size>0x189</size>
         <input_file_ref idref="fl-6"/>
      </object_component>
      <object_component id="oc-1ce">
         <name>.debug_info</name>
         <load_address>0xecc7</load_address>
         <run_address>0xecc7</run_address>
         <size>0x561</size>
         <input_file_ref idref="fl-12"/>
      </object_component>
      <object_component id="oc-fb">
         <name>.debug_info</name>
         <load_address>0xf228</load_address>
         <run_address>0xf228</run_address>
         <size>0x1ef</size>
         <input_file_ref idref="fl-12"/>
      </object_component>
      <object_component id="oc-107">
         <name>.debug_info</name>
         <load_address>0xf417</load_address>
         <run_address>0xf417</run_address>
         <size>0x203</size>
         <input_file_ref idref="fl-12"/>
      </object_component>
      <object_component id="oc-10d">
         <name>.debug_info</name>
         <load_address>0xf61a</load_address>
         <run_address>0xf61a</run_address>
         <size>0x1d0</size>
         <input_file_ref idref="fl-12"/>
      </object_component>
      <object_component id="oc-101">
         <name>.debug_info</name>
         <load_address>0xf7ea</load_address>
         <run_address>0xf7ea</run_address>
         <size>0x1f6</size>
         <input_file_ref idref="fl-12"/>
      </object_component>
      <object_component id="oc-180">
         <name>.debug_info</name>
         <load_address>0xf9e0</load_address>
         <run_address>0xf9e0</run_address>
         <size>0x1c3</size>
         <input_file_ref idref="fl-12"/>
      </object_component>
      <object_component id="oc-298">
         <name>.debug_info</name>
         <load_address>0xfba3</load_address>
         <run_address>0xfba3</run_address>
         <size>0x3fb</size>
         <input_file_ref idref="fl-13"/>
      </object_component>
      <object_component id="oc-2df">
         <name>.debug_info</name>
         <load_address>0xff9e</load_address>
         <run_address>0xff9e</run_address>
         <size>0x203</size>
         <input_file_ref idref="fl-13"/>
      </object_component>
      <object_component id="oc-36a">
         <name>.debug_info</name>
         <load_address>0x101a1</load_address>
         <run_address>0x101a1</run_address>
         <size>0x221</size>
         <input_file_ref idref="fl-13"/>
      </object_component>
      <object_component id="oc-1d0">
         <name>.debug_info</name>
         <load_address>0x103c2</load_address>
         <run_address>0x103c2</run_address>
         <size>0x1e3</size>
         <input_file_ref idref="fl-13"/>
      </object_component>
      <object_component id="oc-240">
         <name>.debug_info</name>
         <load_address>0x105a5</load_address>
         <run_address>0x105a5</run_address>
         <size>0x1db</size>
         <input_file_ref idref="fl-13"/>
      </object_component>
      <object_component id="oc-218">
         <name>.debug_info</name>
         <load_address>0x10780</load_address>
         <run_address>0x10780</run_address>
         <size>0x27c</size>
         <input_file_ref idref="fl-14"/>
      </object_component>
      <object_component id="oc-214">
         <name>.debug_info</name>
         <load_address>0x109fc</load_address>
         <run_address>0x109fc</run_address>
         <size>0x13a</size>
         <input_file_ref idref="fl-14"/>
      </object_component>
      <object_component id="oc-119">
         <name>.debug_info</name>
         <load_address>0x10b36</load_address>
         <run_address>0x10b36</run_address>
         <size>0x12f</size>
         <input_file_ref idref="fl-14"/>
      </object_component>
      <object_component id="oc-253">
         <name>.debug_info</name>
         <load_address>0x10c65</load_address>
         <run_address>0x10c65</run_address>
         <size>0x4ba</size>
         <input_file_ref idref="fl-15"/>
      </object_component>
      <object_component id="oc-2d3">
         <name>.debug_info</name>
         <load_address>0x1111f</load_address>
         <run_address>0x1111f</run_address>
         <size>0x1c5</size>
         <input_file_ref idref="fl-15"/>
      </object_component>
      <object_component id="oc-247">
         <name>.debug_info</name>
         <load_address>0x112e4</load_address>
         <run_address>0x112e4</run_address>
         <size>0x28e</size>
         <input_file_ref idref="fl-15"/>
      </object_component>
      <object_component id="oc-24d">
         <name>.debug_info</name>
         <load_address>0x11572</load_address>
         <run_address>0x11572</run_address>
         <size>0x42a</size>
         <input_file_ref idref="fl-15"/>
      </object_component>
      <object_component id="oc-183">
         <name>.debug_info</name>
         <load_address>0x1199c</load_address>
         <run_address>0x1199c</run_address>
         <size>0x26e</size>
         <input_file_ref idref="fl-15"/>
      </object_component>
      <object_component id="oc-370">
         <name>.debug_info</name>
         <load_address>0x11c0a</load_address>
         <run_address>0x11c0a</run_address>
         <size>0x53b</size>
         <input_file_ref idref="fl-16"/>
      </object_component>
      <object_component id="oc-2d9">
         <name>.debug_info</name>
         <load_address>0x12145</load_address>
         <run_address>0x12145</run_address>
         <size>0x216</size>
         <input_file_ref idref="fl-16"/>
      </object_component>
      <object_component id="oc-23c">
         <name>.debug_info</name>
         <load_address>0x1235b</load_address>
         <run_address>0x1235b</run_address>
         <size>0x702</size>
         <input_file_ref idref="fl-17"/>
      </object_component>
      <object_component id="oc-167">
         <name>.debug_info</name>
         <load_address>0x12a5d</load_address>
         <run_address>0x12a5d</run_address>
         <size>0x120</size>
         <input_file_ref idref="fl-17"/>
      </object_component>
      <object_component id="oc-161">
         <name>.debug_info</name>
         <load_address>0x12b7d</load_address>
         <run_address>0x12b7d</run_address>
         <size>0x1d5</size>
         <input_file_ref idref="fl-17"/>
      </object_component>
      <object_component id="oc-b7">
         <name>.debug_info</name>
         <load_address>0x12d52</load_address>
         <run_address>0x12d52</run_address>
         <size>0x20b</size>
         <input_file_ref idref="fl-17"/>
      </object_component>
      <object_component id="oc-2cb">
         <name>.debug_info</name>
         <load_address>0x12f5d</load_address>
         <run_address>0x12f5d</run_address>
         <size>0x431a</size>
         <input_file_ref idref="fl-17"/>
      </object_component>
      <object_component id="oc-354">
         <name>.debug_info</name>
         <load_address>0x17277</load_address>
         <run_address>0x17277</run_address>
         <size>0x6fd</size>
         <input_file_ref idref="fl-18"/>
      </object_component>
      <object_component id="oc-290">
         <name>.debug_info</name>
         <load_address>0x17974</load_address>
         <run_address>0x17974</run_address>
         <size>0x131</size>
         <input_file_ref idref="fl-18"/>
      </object_component>
      <object_component id="oc-274">
         <name>.debug_info</name>
         <load_address>0x17aa5</load_address>
         <run_address>0x17aa5</run_address>
         <size>0x24e</size>
         <input_file_ref idref="fl-18"/>
      </object_component>
      <object_component id="oc-26e">
         <name>.debug_info</name>
         <load_address>0x17cf3</load_address>
         <run_address>0x17cf3</run_address>
         <size>0x2a1</size>
         <input_file_ref idref="fl-18"/>
      </object_component>
      <object_component id="oc-1bb">
         <name>.debug_info</name>
         <load_address>0x17f94</load_address>
         <run_address>0x17f94</run_address>
         <size>0x256</size>
         <input_file_ref idref="fl-18"/>
      </object_component>
      <object_component id="oc-1b5">
         <name>.debug_info</name>
         <load_address>0x181ea</load_address>
         <run_address>0x181ea</run_address>
         <size>0x254</size>
         <input_file_ref idref="fl-18"/>
      </object_component>
      <object_component id="oc-341">
         <name>.debug_info</name>
         <load_address>0x1843e</load_address>
         <run_address>0x1843e</run_address>
         <size>0x6f0</size>
         <input_file_ref idref="fl-1a"/>
      </object_component>
      <object_component id="oc-33b">
         <name>.debug_info</name>
         <load_address>0x18b2e</load_address>
         <run_address>0x18b2e</run_address>
         <size>0x1c2</size>
         <input_file_ref idref="fl-1a"/>
      </object_component>
      <object_component id="oc-27b">
         <name>.debug_info</name>
         <load_address>0x18cf0</load_address>
         <run_address>0x18cf0</run_address>
         <size>0x226</size>
         <input_file_ref idref="fl-1a"/>
      </object_component>
      <object_component id="oc-281">
         <name>.debug_info</name>
         <load_address>0x18f16</load_address>
         <run_address>0x18f16</run_address>
         <size>0x230</size>
         <input_file_ref idref="fl-1a"/>
      </object_component>
      <object_component id="oc-349">
         <name>.debug_info</name>
         <load_address>0x19146</load_address>
         <run_address>0x19146</run_address>
         <size>0x1e4</size>
         <input_file_ref idref="fl-1a"/>
      </object_component>
      <object_component id="oc-343">
         <name>.debug_info</name>
         <load_address>0x1932a</load_address>
         <run_address>0x1932a</run_address>
         <size>0x1e4</size>
         <input_file_ref idref="fl-1a"/>
      </object_component>
      <object_component id="oc-267">
         <name>.debug_info</name>
         <load_address>0x1950e</load_address>
         <run_address>0x1950e</run_address>
         <size>0x337</size>
         <input_file_ref idref="fl-d1"/>
      </object_component>
      <object_component id="oc-18a">
         <name>.debug_info</name>
         <load_address>0x19845</load_address>
         <run_address>0x19845</run_address>
         <size>0x1d5</size>
         <input_file_ref idref="fl-d1"/>
      </object_component>
      <object_component id="oc-25b">
         <name>.debug_info</name>
         <load_address>0x19a1a</load_address>
         <run_address>0x19a1a</run_address>
         <size>0x191</size>
         <input_file_ref idref="fl-d1"/>
      </object_component>
      <object_component id="oc-261">
         <name>.debug_info</name>
         <load_address>0x19bab</load_address>
         <run_address>0x19bab</run_address>
         <size>0x171</size>
         <input_file_ref idref="fl-d1"/>
      </object_component>
      <object_component id="oc-3e2">
         <name>.debug_info</name>
         <load_address>0x19d1c</load_address>
         <run_address>0x19d1c</run_address>
         <size>0x2c</size>
         <input_file_ref idref="fl-d1"/>
      </object_component>
      <object_component id="oc-35">
         <name>.debug_info</name>
         <load_address>0x19d48</load_address>
         <run_address>0x19d48</run_address>
         <size>0x11d</size>
         <input_file_ref idref="fl-d2"/>
      </object_component>
      <object_component id="oc-8f">
         <name>.debug_info</name>
         <load_address>0x19e65</load_address>
         <run_address>0x19e65</run_address>
         <size>0x2d8</size>
         <input_file_ref idref="fl-d3"/>
      </object_component>
      <object_component id="oc-41">
         <name>.debug_info</name>
         <load_address>0x1a13d</load_address>
         <run_address>0x1a13d</run_address>
         <size>0x1c3</size>
         <input_file_ref idref="fl-d3"/>
      </object_component>
      <object_component id="oc-8a">
         <name>.debug_info</name>
         <load_address>0x1a300</load_address>
         <run_address>0x1a300</run_address>
         <size>0x46</size>
         <input_file_ref idref="fl-d3"/>
      </object_component>
      <object_component id="oc-e8">
         <name>.debug_info</name>
         <load_address>0x1a346</load_address>
         <run_address>0x1a346</run_address>
         <size>0x2c</size>
         <input_file_ref idref="fl-d3"/>
      </object_component>
      <object_component id="oc-3f">
         <name>.debug_info</name>
         <load_address>0x1a372</load_address>
         <run_address>0x1a372</run_address>
         <size>0x2ac</size>
         <input_file_ref idref="fl-d4"/>
      </object_component>
      <object_component id="oc-1b">
         <name>.debug_info</name>
         <load_address>0x1a61e</load_address>
         <run_address>0x1a61e</run_address>
         <size>0x1ee</size>
         <input_file_ref idref="fl-d4"/>
      </object_component>
      <object_component id="oc-3a">
         <name>.debug_info</name>
         <load_address>0x1a80c</load_address>
         <run_address>0x1a80c</run_address>
         <size>0x46</size>
         <input_file_ref idref="fl-d4"/>
      </object_component>
      <object_component id="oc-82">
         <name>.debug_info</name>
         <load_address>0x1a852</load_address>
         <run_address>0x1a852</run_address>
         <size>0x2c</size>
         <input_file_ref idref="fl-d4"/>
      </object_component>
      <object_component id="oc-80">
         <name>.debug_info</name>
         <load_address>0x1a87e</load_address>
         <run_address>0x1a87e</run_address>
         <size>0x2a2</size>
         <input_file_ref idref="fl-d5"/>
      </object_component>
      <object_component id="oc-15">
         <name>.debug_info</name>
         <load_address>0x1ab20</load_address>
         <run_address>0x1ab20</run_address>
         <size>0x254</size>
         <input_file_ref idref="fl-d5"/>
      </object_component>
      <object_component id="oc-2a">
         <name>.debug_info</name>
         <load_address>0x1ad74</load_address>
         <run_address>0x1ad74</run_address>
         <size>0x60</size>
         <input_file_ref idref="fl-d5"/>
      </object_component>
      <object_component id="oc-e1">
         <name>.debug_info</name>
         <load_address>0x1add4</load_address>
         <run_address>0x1add4</run_address>
         <size>0x46</size>
         <input_file_ref idref="fl-d5"/>
      </object_component>
      <object_component id="oc-7b">
         <name>.debug_info</name>
         <load_address>0x1ae1a</load_address>
         <run_address>0x1ae1a</run_address>
         <size>0x39</size>
         <input_file_ref idref="fl-d5"/>
      </object_component>
      <object_component id="oc-27">
         <name>.debug_info</name>
         <load_address>0x1ae53</load_address>
         <run_address>0x1ae53</run_address>
         <size>0x10f</size>
         <input_file_ref idref="fl-d6"/>
      </object_component>
      <object_component id="oc-53">
         <name>.debug_info</name>
         <load_address>0x1af62</load_address>
         <run_address>0x1af62</run_address>
         <size>0x1ad</size>
         <input_file_ref idref="fl-d6"/>
      </object_component>
      <object_component id="oc-329">
         <name>.debug_info</name>
         <load_address>0x1b10f</load_address>
         <run_address>0x1b10f</run_address>
         <size>0x57f</size>
         <input_file_ref idref="fl-d7"/>
      </object_component>
      <object_component id="oc-2f4">
         <name>.debug_info</name>
         <load_address>0x1b68e</load_address>
         <run_address>0x1b68e</run_address>
         <size>0x222</size>
         <input_file_ref idref="fl-d7"/>
      </object_component>
      <object_component id="oc-3a5">
         <name>.debug_info</name>
         <load_address>0x1b8b0</load_address>
         <run_address>0x1b8b0</run_address>
         <size>0x1b7</size>
         <input_file_ref idref="fl-d7"/>
      </object_component>
      <object_component id="oc-3ab">
         <name>.debug_info</name>
         <load_address>0x1ba67</load_address>
         <run_address>0x1ba67</run_address>
         <size>0x21f</size>
         <input_file_ref idref="fl-d7"/>
      </object_component>
      <object_component id="oc-2ff">
         <name>.debug_info</name>
         <load_address>0x1bc86</load_address>
         <run_address>0x1bc86</run_address>
         <size>0x3bf</size>
         <input_file_ref idref="fl-d7"/>
      </object_component>
      <object_component id="oc-3b2">
         <name>.debug_info</name>
         <load_address>0x1c045</load_address>
         <run_address>0x1c045</run_address>
         <size>0x309</size>
         <input_file_ref idref="fl-d7"/>
      </object_component>
      <object_component id="oc-3b8">
         <name>.debug_info</name>
         <load_address>0x1c34e</load_address>
         <run_address>0x1c34e</run_address>
         <size>0x219</size>
         <input_file_ref idref="fl-d7"/>
      </object_component>
      <object_component id="oc-305">
         <name>.debug_info</name>
         <load_address>0x1c567</load_address>
         <run_address>0x1c567</run_address>
         <size>0x219</size>
         <input_file_ref idref="fl-d7"/>
      </object_component>
      <object_component id="oc-30b">
         <name>.debug_info</name>
         <load_address>0x1c780</load_address>
         <run_address>0x1c780</run_address>
         <size>0x308</size>
         <input_file_ref idref="fl-d7"/>
      </object_component>
      <object_component id="oc-311">
         <name>.debug_info</name>
         <load_address>0x1ca88</load_address>
         <run_address>0x1ca88</run_address>
         <size>0x4b4</size>
         <input_file_ref idref="fl-d7"/>
      </object_component>
      <object_component id="oc-255">
         <name>.debug_info</name>
         <load_address>0x1cf3c</load_address>
         <run_address>0x1cf3c</run_address>
         <size>0x5f8</size>
         <input_file_ref idref="fl-d7"/>
      </object_component>
      <object_component id="oc-32a">
         <name>.debug_info</name>
         <load_address>0x1d534</load_address>
         <run_address>0x1d534</run_address>
         <size>0x86</size>
         <input_file_ref idref="fl-d7"/>
      </object_component>
      <object_component id="oc-3e7">
         <name>.debug_info</name>
         <load_address>0x1d5ba</load_address>
         <run_address>0x1d5ba</run_address>
         <size>0x39</size>
         <input_file_ref idref="fl-d7"/>
      </object_component>
      <object_component id="oc-434">
         <name>.debug_info</name>
         <load_address>0x1d5f3</load_address>
         <run_address>0x1d5f3</run_address>
         <size>0xb6</size>
         <input_file_ref idref="fl-d7"/>
      </object_component>
      <object_component id="oc-3ec">
         <name>.debug_info</name>
         <load_address>0x1d6a9</load_address>
         <run_address>0x1d6a9</run_address>
         <size>0x46</size>
         <input_file_ref idref="fl-d7"/>
      </object_component>
      <object_component id="oc-32f">
         <name>.debug_info</name>
         <load_address>0x1d6ef</load_address>
         <run_address>0x1d6ef</run_address>
         <size>0x46</size>
         <input_file_ref idref="fl-d7"/>
      </object_component>
      <object_component id="oc-417">
         <name>.debug_info</name>
         <load_address>0x1d735</load_address>
         <run_address>0x1d735</run_address>
         <size>0x29e</size>
         <input_file_ref idref="fl-d8"/>
      </object_component>
      <object_component id="oc-3c0">
         <name>.debug_info</name>
         <load_address>0x1d9d3</load_address>
         <run_address>0x1d9d3</run_address>
         <size>0x199</size>
         <input_file_ref idref="fl-d8"/>
      </object_component>
      <object_component id="oc-440">
         <name>.debug_info</name>
         <load_address>0x1db6c</load_address>
         <run_address>0x1db6c</run_address>
         <size>0x39</size>
         <input_file_ref idref="fl-d8"/>
      </object_component>
      <object_component id="oc-418">
         <name>.debug_info</name>
         <load_address>0x1dba5</load_address>
         <run_address>0x1dba5</run_address>
         <size>0x2c</size>
         <input_file_ref idref="fl-d8"/>
      </object_component>
      <object_component id="oc-424">
         <name>.debug_info</name>
         <load_address>0x1dbd1</load_address>
         <run_address>0x1dbd1</run_address>
         <size>0x301</size>
         <input_file_ref idref="fl-d9"/>
      </object_component>
      <object_component id="oc-3c7">
         <name>.debug_info</name>
         <load_address>0x1ded2</load_address>
         <run_address>0x1ded2</run_address>
         <size>0x229</size>
         <input_file_ref idref="fl-d9"/>
      </object_component>
      <object_component id="oc-41f">
         <name>.debug_info</name>
         <load_address>0x1e0fb</load_address>
         <run_address>0x1e0fb</run_address>
         <size>0x165</size>
         <input_file_ref idref="fl-da"/>
      </object_component>
      <object_component id="oc-37a">
         <name>.debug_info</name>
         <load_address>0x1e260</load_address>
         <run_address>0x1e260</run_address>
         <size>0x138</size>
         <input_file_ref idref="fl-db"/>
      </object_component>
      <object_component id="oc-3a1">
         <name>.debug_info</name>
         <load_address>0x1e398</load_address>
         <run_address>0x1e398</run_address>
         <size>0x150</size>
         <input_file_ref idref="fl-dc"/>
      </object_component>
      <object_component id="oc-2fa">
         <name>.debug_info</name>
         <load_address>0x1e4e8</load_address>
         <run_address>0x1e4e8</run_address>
         <size>0x12c</size>
         <input_file_ref idref="fl-dd"/>
      </object_component>
      <object_component id="oc-38b">
         <name>.debug_info</name>
         <load_address>0x1e614</load_address>
         <run_address>0x1e614</run_address>
         <size>0x12e</size>
         <input_file_ref idref="fl-dd"/>
      </object_component>
      <object_component id="oc-388">
         <name>.debug_info</name>
         <load_address>0x1e742</load_address>
         <run_address>0x1e742</run_address>
         <size>0x13e</size>
         <input_file_ref idref="fl-de"/>
      </object_component>
      <object_component id="oc-381">
         <name>.debug_info</name>
         <load_address>0x1e880</load_address>
         <run_address>0x1e880</run_address>
         <size>0x13e</size>
         <input_file_ref idref="fl-df"/>
      </object_component>
      <object_component id="oc-390">
         <name>.debug_info</name>
         <load_address>0x1e9be</load_address>
         <run_address>0x1e9be</run_address>
         <size>0x132</size>
         <input_file_ref idref="fl-e0"/>
      </object_component>
      <object_component id="oc-39b">
         <name>.debug_info</name>
         <load_address>0x1eaf0</load_address>
         <run_address>0x1eaf0</run_address>
         <size>0x130</size>
         <input_file_ref idref="fl-e1"/>
      </object_component>
      <object_component id="oc-91">
         <name>.debug_info</name>
         <load_address>0x1ec20</load_address>
         <run_address>0x1ec20</run_address>
         <size>0x14b</size>
         <input_file_ref idref="fl-e2"/>
      </object_component>
      <object_component id="oc-224">
         <name>.debug_info</name>
         <load_address>0x1ed6b</load_address>
         <run_address>0x1ed6b</run_address>
         <size>0x4b7</size>
         <input_file_ref idref="fl-e3"/>
      </object_component>
      <object_component id="oc-12e">
         <name>.debug_info</name>
         <load_address>0x1f222</load_address>
         <run_address>0x1f222</run_address>
         <size>0x1aa</size>
         <input_file_ref idref="fl-e3"/>
      </object_component>
      <object_component id="oc-2b8">
         <name>.debug_info</name>
         <load_address>0x1f3cc</load_address>
         <run_address>0x1f3cc</run_address>
         <size>0x39</size>
         <input_file_ref idref="fl-e3"/>
      </object_component>
      <object_component id="oc-35c">
         <name>.debug_info</name>
         <load_address>0x1f405</load_address>
         <run_address>0x1f405</run_address>
         <size>0x39</size>
         <input_file_ref idref="fl-e3"/>
      </object_component>
      <object_component id="oc-2bd">
         <name>.debug_info</name>
         <load_address>0x1f43e</load_address>
         <run_address>0x1f43e</run_address>
         <size>0x39</size>
         <input_file_ref idref="fl-e3"/>
      </object_component>
      <object_component id="oc-2c2">
         <name>.debug_info</name>
         <load_address>0x1f477</load_address>
         <run_address>0x1f477</run_address>
         <size>0xcd</size>
         <input_file_ref idref="fl-e3"/>
      </object_component>
      <object_component id="oc-97">
         <name>.debug_info</name>
         <load_address>0x1f544</load_address>
         <run_address>0x1f544</run_address>
         <size>0x157</size>
         <input_file_ref idref="fl-e4"/>
      </object_component>
      <object_component id="oc-122">
         <name>.debug_info</name>
         <load_address>0x1f69b</load_address>
         <run_address>0x1f69b</run_address>
         <size>0x126</size>
         <input_file_ref idref="fl-e6"/>
      </object_component>
      <object_component id="oc-378">
         <name>.debug_info</name>
         <load_address>0x1f7c1</load_address>
         <run_address>0x1f7c1</run_address>
         <size>0x2bd</size>
         <input_file_ref idref="fl-e9"/>
      </object_component>
      <object_component id="oc-2ee">
         <name>.debug_info</name>
         <load_address>0x1fa7e</load_address>
         <run_address>0x1fa7e</run_address>
         <size>0x180</size>
         <input_file_ref idref="fl-e9"/>
      </object_component>
      <object_component id="oc-401">
         <name>.debug_info</name>
         <load_address>0x1fbfe</load_address>
         <run_address>0x1fbfe</run_address>
         <size>0xfd</size>
         <input_file_ref idref="fl-ea"/>
      </object_component>
      <object_component id="oc-375">
         <name>.debug_info</name>
         <load_address>0x1fcfb</load_address>
         <run_address>0x1fcfb</run_address>
         <size>0x109</size>
         <input_file_ref idref="fl-ea"/>
      </object_component>
      <object_component id="oc-40f">
         <name>.debug_info</name>
[...]
      <symbol id="sm-185">
         <name>Lcd_TouchTrim</name>
         <value>0x20000028</value>
      </symbol>
      <symbol id="sm-186">
         <name>Crystalfontz128x128_SetDrawFrame</name>
         <value>0x1d09</value>
         <object_component_ref idref="oc-1c0"/>
      </symbol>
      <symbol id="sm-187">
         <name>Crystalfontz128x128_SetOrientation</name>
         <value>0x2dc9</value>
         <object_component_ref idref="oc-bc"/>
      </symbol>
      <symbol id="sm-188">
         <name>g_sCrystalfontz128x128_funcs</name>
         <value>0x3b6c</value>
         <object_component_ref idref="oc-115"/>
      </symbol>
      <symbol id="sm-189">
         <name>g_sCrystalfontz128x128</name>
         <value>0x20000030</value>
         <object_component_ref idref="oc-112"/>
      </symbol>
      <symbol id="sm-18a">
         <name>Crystalfontz128x128_Init</name>
         <value>0x1e3d</value>
         <object_component_ref idref="oc-f1"/>
      </symbol>
      <symbol id="sm-1c3">
         <name>HAL_LCD_writeData</name>
         <value>0x3389</value>
         <object_component_ref idref="oc-175"/>
      </symbol>
      <symbol id="sm-1c4">
         <name>HAL_LCD_SpiInit</name>
         <value>0x30f5</value>
         <object_component_ref idref="oc-1ae"/>
      </symbol>
      <symbol id="sm-1c5">
         <name>HAL_LCD_PortInit</name>
         <value>0x32d1</value>
         <object_component_ref idref="oc-1a8"/>
      </symbol>
      <symbol id="sm-1c6">
         <name>HAL_LCD_writeCommand</name>
         <value>0x31f5</value>
         <object_component_ref idref="oc-16f"/>
      </symbol>
      <symbol id="sm-1e2">
         <name>Reset_Handler</name>
         <value>0x35c7</value>
         <object_component_ref idref="oc-64"/>
      </symbol>
      <symbol id="sm-1e3">
         <name>Default_Handler</name>
         <value>0x177f</value>
         <object_component_ref idref="oc-6a"/>
      </symbol>
      <symbol id="sm-1e4">
         <name>interruptVectors</name>
         <value>0x0</value>
         <object_component_ref idref="oc-23"/>
      </symbol>
      <symbol id="sm-211">
         <name>Graphics_setBackgroundColor</name>
         <value>0x349b</value>
         <object_component_ref idref="oc-103"/>
      </symbol>
      <symbol id="sm-212">
         <name>Graphics_setFont</name>
         <value>0x34b5</value>
         <object_component_ref idref="oc-109"/>
      </symbol>
      <symbol id="sm-213">
         <name>Graphics_initContext</name>
         <value>0x2e71</value>
         <object_component_ref idref="oc-f7"/>
      </symbol>
      <symbol id="sm-214">
         <name>Graphics_setForegroundColor</name>
         <value>0x352d</value>
         <object_component_ref idref="oc-fd"/>
      </symbol>
      <symbol id="sm-215">
         <name>Graphics_clearDisplay</name>
         <value>0x3583</value>
         <object_component_ref idref="oc-17c"/>
      </symbol>
      <symbol id="sm-23a">
         <name>Graphics_clearDisplayOnDisplay</name>
         <value>0x3481</value>
         <object_component_ref idref="oc-23f"/>
      </symbol>
      <symbol id="sm-23b">
         <name>Graphics_drawPixelOnDisplay</name>
         <value>0x335d</value>
         <object_component_ref idref="oc-2de"/>
      </symbol>
      <symbol id="sm-23c">
         <name>Graphics_translateColorOnDisplay</name>
         <value>0x3543</value>
         <object_component_ref idref="oc-1cf"/>
      </symbol>
      <symbol id="sm-23d">
         <name>Graphics_drawHorizontalLineOnDisplay</name>
         <value>0x3265</value>
         <object_component_ref idref="oc-369"/>
      </symbol>
      <symbol id="sm-24f">
         <name>g_sFontFixed6x8</name>
         <value>0x39f4</value>
         <object_component_ref idref="oc-118"/>
      </symbol>
      <symbol id="sm-2a7">
         <name>Graphics_drawStringCentered</name>
         <value>0x2f61</value>
         <object_component_ref idref="oc-182"/>
      </symbol>
      <symbol id="sm-2a8">
         <name>Graphics_drawString</name>
         <value>0xb33</value>
         <object_component_ref idref="oc-24c"/>
      </symbol>
      <symbol id="sm-2a9">
         <name>Graphics_getStringWidth</name>
         <value>0x2299</value>
         <object_component_ref idref="oc-246"/>
      </symbol>
      <symbol id="sm-2bc">
         <name>Graphics_drawLineH</name>
         <value>0x268b</value>
         <object_component_ref idref="oc-2d8"/>
      </symbol>
      <symbol id="sm-308">
         <name>ADC14_getResult</name>
         <value>0x342d</value>
         <object_component_ref idref="oc-b6"/>
      </symbol>
      <symbol id="sm-341">
         <name>GPIO_setOutputHighOnPin</name>
         <value>0x33dd</value>
         <object_component_ref idref="oc-1ba"/>
      </symbol>
      <symbol id="sm-342">
         <name>GPIO_setAsOutputPin</name>
         <value>0x3075</value>
         <object_component_ref idref="oc-273"/>
      </symbol>
      <symbol id="sm-343">
         <name>GPIO_setOutputLowOnPin</name>
         <value>0x3405</value>
         <object_component_ref idref="oc-1b4"/>
      </symbol>
      <symbol id="sm-344">
         <name>GPIO_setAsPeripheralModuleFunctionOutputPin</name>
         <value>0x28ed</value>
         <object_component_ref idref="oc-26d"/>
      </symbol>
      <symbol id="sm-37f">
         <name>EUSCI_B_SPI_enable</name>
         <value>0x3517</value>
         <object_component_ref idref="oc-348"/>
      </symbol>
      <symbol id="sm-380">
         <name>SPI_enableModule</name>
         <value>0x3449</value>
         <object_component_ref idref="oc-280"/>
      </symbol>
      <symbol id="sm-381">
         <name>EUSCI_A_SPI_enable</name>
         <value>0x3501</value>
         <object_component_ref idref="oc-342"/>
      </symbol>
      <symbol id="sm-382">
         <name>SPI_initMaster</name>
         <value>0x253f</value>
         <object_component_ref idref="oc-27a"/>
      </symbol>
      <symbol id="sm-3aa">
         <name>sprintf</name>
         <value>0x3175</value>
         <object_component_ref idref="oc-189"/>
      </symbol>
      <symbol id="sm-3c5">
         <name>memcpy</name>
         <value>0x2727</value>
         <object_component_ref idref="oc-34"/>
      </symbol>
      <symbol id="sm-3c6">
         <name>__aeabi_memcpy</name>
         <value>0x2727</value>
         <object_component_ref idref="oc-34"/>
      </symbol>
      <symbol id="sm-3c7">
         <name>__aeabi_memcpy8</name>
         <value>0x2727</value>
         <object_component_ref idref="oc-34"/>
      </symbol>
      <symbol id="sm-3c8">
         <name>__aeabi_memcpy4</name>
         <value>0x2727</value>
         <object_component_ref idref="oc-34"/>
      </symbol>
      <symbol id="sm-3e1">
         <name>__TI_zero_init_nomemset</name>
         <value>0x3595</value>
         <object_component_ref idref="oc-40"/>
      </symbol>
      <symbol id="sm-3f8">
         <name>__TI_decompress_none</name>
         <value>0x35b9</value>
         <object_component_ref idref="oc-1a"/>
      </symbol>
      <symbol id="sm-41b">
         <name>__TI_decompress_lzss</name>
         <value>0x2be3</value>
         <object_component_ref idref="oc-14"/>
      </symbol>
      <symbol id="sm-42e">
         <name>__stack</name>
         <value>0x2000fe00</value>
         <object_component_ref idref="oc-26"/>
      </symbol>
      <symbol id="sm-42f">
         <name>_c_int00_noargs</name>
         <value>0x329d</value>
         <object_component_ref idref="oc-52"/>
      </symbol>
      <symbol id="sm-594">
         <name>__TI_printfi</name>
         <value>0xe5</value>
         <object_component_ref idref="oc-254"/>
      </symbol>
      <symbol id="sm-5b4">
         <name>frexpl</name>
         <value>0x2c4d</value>
         <object_component_ref idref="oc-3bf"/>
      </symbol>
      <symbol id="sm-5b5">
         <name>frexp</name>
         <value>0x2c4d</value>
         <object_component_ref idref="oc-3bf"/>
      </symbol>
      <symbol id="sm-5d2">
         <name>scalbn</name>
         <value>0x208d</value>
         <object_component_ref idref="oc-3c5"/>
      </symbol>
      <symbol id="sm-5d3">
         <name>scalbnl</name>
         <value>0x208d</value>
         <object_component_ref idref="oc-3c5"/>
      </symbol>
      <symbol id="sm-5d4">
         <name>ldexpl</name>
         <value>0x208d</value>
         <object_component_ref idref="oc-3c5"/>
      </symbol>
      <symbol id="sm-5d5">
         <name>ldexp</name>
         <value>0x208d</value>
         <object_component_ref idref="oc-3c5"/>
      </symbol>
      <symbol id="sm-5df">
         <name>copysign</name>
         <value>0x34cf</value>
         <object_component_ref idref="oc-41d"/>
      </symbol>
      <symbol id="sm-5e0">
         <name>copysignl</name>
         <value>0x34cf</value>
         <object_component_ref idref="oc-41d"/>
      </symbol>
      <symbol id="sm-5ed">
         <name>__aeabi_uldivmod</name>
         <value>0x27c3</value>
         <object_component_ref idref="oc-379"/>
      </symbol>
      <symbol id="sm-604">
         <name>__aeabi_dsub</name>
         <value>0x15c9</value>
         <object_component_ref idref="oc-39f"/>
      </symbol>
      <symbol id="sm-605">
         <name>__aeabi_dadd</name>
         <value>0x15d3</value>
         <object_component_ref idref="oc-39f"/>
      </symbol>
      <symbol id="sm-627">
         <name>__aeabi_cdcmpeq</name>
         <value>0x2975</value>
         <object_component_ref idref="oc-2f9"/>
      </symbol>
      <symbol id="sm-628">
         <name>__aeabi_cdcmple</name>
         <value>0x2975</value>
         <object_component_ref idref="oc-2f9"/>
      </symbol>
      <symbol id="sm-629">
         <name>__aeabi_cdrcmple</name>
         <value>0x29fb</value>
         <object_component_ref idref="oc-38a"/>
      </symbol>
      <symbol id="sm-63d">
         <name>__aeabi_ddiv</name>
         <value>0x1bd1</value>
         <object_component_ref idref="oc-385"/>
      </symbol>
      <symbol id="sm-648">
         <name>__aeabi_dmul</name>
         <value>0x219d</value>
         <object_component_ref idref="oc-380"/>
      </symbol>
      <symbol id="sm-652">
         <name>__aeabi_d2iz</name>
         <value>0x2fa9</value>
         <object_component_ref idref="oc-38f"/>
      </symbol>
      <symbol id="sm-65c">
         <name>__aeabi_i2d</name>
         <value>0x3301</value>
         <object_component_ref idref="oc-39a"/>
      </symbol>
      <symbol id="sm-66b">
         <name>__aeabi_memset</name>
         <value>0x2a83</value>
         <object_component_ref idref="oc-90"/>
      </symbol>
      <symbol id="sm-66c">
         <name>memset</name>
         <value>0x2a89</value>
         <object_component_ref idref="oc-90"/>
      </symbol>
      <symbol id="sm-66d">
         <name>__aeabi_memset8</name>
         <value>0x2a83</value>
         <object_component_ref idref="oc-90"/>
      </symbol>
      <symbol id="sm-66e">
         <name>__aeabi_memset4</name>
         <value>0x2a83</value>
         <object_component_ref idref="oc-90"/>
      </symbol>
      <symbol id="sm-66f">
         <name>__aeabi_memclr8</name>
         <value>0x2a81</value>
         <object_component_ref idref="oc-90"/>
      </symbol>
      <symbol id="sm-670">
         <name>__aeabi_memclr4</name>
         <value>0x2a81</value>
         <object_component_ref idref="oc-90"/>
      </symbol>
      <symbol id="sm-671">
         <name>__aeabi_memclr</name>
         <value>0x2a81</value>
         <object_component_ref idref="oc-90"/>
      </symbol>
      <symbol id="sm-699">
         <name>__TI_auto_init_nobinit_nopinit</name>
         <value>0x2ff1</value>
         <object_component_ref idref="oc-12d"/>
      </symbol>
      <symbol id="sm-6a3">
         <name>_system_pre_init</name>
         <value>0x35f1</value>
         <object_component_ref idref="oc-96"/>
      </symbol>
      <symbol id="sm-6af">
         <name>C$$EXIT</name>
         <value>0x35f5</value>
         <object_component_ref idref="oc-121"/>
      </symbol>
      <symbol id="sm-6b0">
         <name>abort</name>
         <value>0x35f5</value>
         <object_component_ref idref="oc-121"/>
      </symbol>
      <symbol id="sm-6c8">
         <name>atoi</name>
         <value>0x2f15</value>
         <object_component_ref idref="oc-2ed"/>
      </symbol>
      <symbol id="sm-6d3">
         <name>_ctypes_</name>
         <value>0x38f0</value>
         <object_component_ref idref="oc-374"/>
      </symbol>
      <symbol id="sm-6e2">
         <name>ltoa</name>
         <value>0x2e1d</value>
         <object_component_ref idref="oc-394"/>
      </symbol>
      <symbol id="sm-6f2">
         <name>memccpy</name>
         <value>0x3465</value>
         <object_component_ref idref="oc-316"/>
      </symbol>
      <symbol id="sm-702">
         <name>strchr</name>
         <value>0x3559</value>
         <object_component_ref idref="oc-3cb"/>
      </symbol>
      <symbol id="sm-710">
         <name>strlen</name>
         <value>0x356f</value>
         <object_component_ref idref="oc-2e7"/>
      </symbol>
      <symbol id="sm-726">
         <name>__aeabi_errno_addr</name>
         <value>0x35e9</value>
         <object_component_ref idref="oc-322"/>
      </symbol>
      <symbol id="sm-727">
         <name>errno</name>
         <value>0x20000040</value>
         <object_component_ref idref="oc-3db"/>
      </symbol>
      <symbol id="sm-740">
         <name>wcslen</name>
         <value>0x35a7</value>
         <object_component_ref idref="oc-31c"/>
      </symbol>
      <symbol id="sm-74a">
         <name>__aeabi_idiv0</name>
         <value>0x1d07</value>
         <object_component_ref idref="oc-404"/>
      </symbol>
      <symbol id="sm-74b">
         <name>__aeabi_ldiv0</name>
         <value>0x1d07</value>
         <object_component_ref idref="oc-404"/>
      </symbol>
      <symbol id="sm-74c">
         <name>__TI_static_base__</name>
         <value>0x0</value>
      </symbol>
      <symbol id="sm-74f">
         <name>__mpu_init</name>
         <value>0x0</value>
      </symbol>
      <symbol id="sm-750">
         <name>_system_post_cinit</name>
         <value>0x0</value>
      </symbol>
      <symbol id="sm-751">
         <name>NMI_Handler</name>
         <value>0x177f</value>
      </symbol>
      <symbol id="sm-752">
         <name>HardFault_Handler</name>
         <value>0x177f</value>
      </symbol>
      <symbol id="sm-753">
         <name>MemManage_Handler</name>
         <value>0x177f</value>
      </symbol>
      <symbol id="sm-754">
         <name>BusFault_Handler</name>
         <value>0x177f</value>
      </symbol>
      <symbol id="sm-755">
         <name>UsageFault_Handler</name>
         <value>0x177f</value>
      </symbol>
      <symbol id="sm-756">
         <name>SVC_Handler</name>
         <value>0x177f</value>
      </symbol>
      <symbol id="sm-757">
         <name>DebugMon_Handler</name>
         <value>0x177f</value>
      </symbol>
      <symbol id="sm-758">
         <name>PendSV_Handler</name>
         <value>0x177f</value>
      </symbol>
      <symbol id="sm-759">
         <name>SysTick_Handler</name>
         <value>0x177f</value>
      </symbol>
      <symbol id="sm-75a">
         <name>PSS_IRQHandler</name>
         <value>0x177f</value>
      </symbol>
      <symbol id="sm-75b">
         <name>CS_IRQHandler</name>
         <value>0x177f</value>
      </symbol>
      <symbol id="sm-75c">
         <name>PCM_IRQHandler</name>
         <value>0x177f</value>
      </symbol>
      <symbol id="sm-75d">
         <name>WDT_A_IRQHandler</name>
         <value>0x177f</value>
      </symbol>
      <symbol id="sm-75e">
         <name>FPU_IRQHandler</name>
         <value>0x177f</value>
      </symbol>
      <symbol id="sm-75f">
         <name>FLCTL_IRQHandler</name>
         <value>0x177f</value>
      </symbol>
      <symbol id="sm-760">
         <name>COMP_E0_IRQHandler</name>
         <value>0x177f</value>
      </symbol>
      <symbol id="sm-761">
         <name>COMP_E1_IRQHandler</name>
         <value>0x177f</value>
      </symbol>
      <symbol id="sm-762">
         <name>TA0_0_IRQHandler</name>
         <value>0x177f</value>
      </symbol>
      <symbol id="sm-763">
         <name>TA0_N_IRQHandler</name>
         <value>0x177f</value>
      </symbol>
      <symbol id="sm-764">
         <name>TA1_0_IRQHandler</name>
         <value>0x177f</value>
      </symbol>
      <symbol id="sm-765">
         <name>TA1_N_IRQHandler</name>
         <value>0x177f</value>
      </symbol>
      <symbol id="sm-766">
         <name>TA2_0_IRQHandler</name>
         <value>0x177f</value>
      </symbol>
      <symbol id="sm-767">
         <name>TA2_N_IRQHandler</name>
         <value>0x177f</value>
      </symbol>
      <symbol id="sm-768">
         <name>TA3_0_IRQHandler</name>
         <value>0x177f</value>
      </symbol>
      <symbol id="sm-769">
         <name>TA3_N_IRQHandler</name>
         <value>0x177f</value>
      </symbol>
      <symbol id="sm-76a">
         <name>EUSCIA0_IRQHandler</name>
         <value>0x177f</value>
      </symbol>
      <symbol id="sm-76b">
         <name>EUSCIA1_IRQHandler</name>
         <value>0x177f</value>
      </symbol>
      <symbol id="sm-76c">
         <name>EUSCIA2_IRQHandler</name>
         <value>0x177f</value>
      </symbol>
      <symbol id="sm-76d">
         <name>EUSCIA3_IRQHandler</name>
         <value>0x177f</value>
      </symbol>
      <symbol id="sm-76e">
         <name>EUSCIB0_IRQHandler</name>
         <value>0x177f</value>
      </symbol>
      <symbol id="sm-76f">
         <name>EUSCIB1_IRQHandler</name>
         <value>0x177f</value>
      </symbol>
      <symbol id="sm-770">
         <name>EUSCIB2_IRQHandler</name>
         <value>0x177f</value>
      </symbol>
      <symbol id="sm-771">
         <name>EUSCIB3_IRQHandler</name>
         <value>0x177f</value>
      </symbol>
      <symbol id="sm-772">
         <name>ADC14_IRQHandler</name>
         <value>0x2395</value>
      </symbol>
      <symbol id="sm-773">
         <name>T32_INT1_IRQHandler</name>
         <value>0x177f</value>
      </symbol>
      <symbol id="sm-774">
         <name>T32_INT2_IRQHandler</name>
         <value>0x177f</value>
      </symbol>
      <symbol id="sm-775">
         <name>T32_INTC_IRQHandler</name>
         <value>0x177f</value>
      </symbol>
      <symbol id="sm-776">
         <name>AES256_IRQHandler</name>
         <value>0x177f</value>
      </symbol>
      <symbol id="sm-777">
         <name>RTC_C_IRQHandler</name>
         <value>0x177f</value>
      </symbol>
      <symbol id="sm-778">
         <name>DMA_ERR_IRQHandler</name>
         <value>0x177f</value>
      </symbol>
      <symbol id="sm-779">
         <name>DMA_INT3_IRQHandler</name>
         <value>0x177f</value>
      </symbol>
      <symbol id="sm-77a">
         <name>DMA_INT2_IRQHandler</name>
         <value>0x177f</value>
      </symbol>
      <symbol id="sm-77b">
         <name>DMA_INT1_IRQHandler</name>
         <value>0x177f</value>
      </symbol>
      <symbol id="sm-77c">
         <name>DMA_INT0_IRQHandler</name>
         <value>0x177f</value>
      </symbol>
      <symbol id="sm-77d">
         <name>PORT1_IRQHandler</name>
         <value>0x177f</value>
      </symbol>
      <symbol id="sm-77e">
         <name>PORT2_IRQHandler</name>
         <value>0x177f</value>
      </symbol>
      <symbol id="sm-77f">
         <name>PORT3_IRQHandler</name>
         <value>0x177f</value>
      </symbol>
      <symbol id="sm-780">
         <name>PORT4_IRQHandler</name>
         <value>0x177f</value>
      </symbol>
      <symbol id="sm-781">
         <name>PORT5_IRQHandler</name>
         <value>0x177f</value>
      </symbol>
      <symbol id="sm-782">
         <name>PORT6_IRQHandler</name>
         <value>0x177f</value>
      </symbol>
   </symbol_table>
   <title>Link successful</title>
</link_info>
