******************************************************************************
                  TI ARM Linker Unix v18.12.1                  
******************************************************************************
>> Linked Wed May 29 23:23:50 2019

OUTPUT FILE NAME:   <Lab2.out>
ENTRY POINT SYMBOL: "_c_int00_noargs"  address: 00001b1d


MEMORY CONFIGURATION

         name            origin    length      used     unused   attr    fill
----------------------  --------  ---------  --------  --------  ----  --------
  MAIN                  00000000   00040000  0000251e  0003dae2  R  X
  INFO                  00200000   00004000  00000000  00004000  R  X
  SRAM_CODE             01000000   00010000  00000cc2  0000f33e  RW X
  SRAM_DATA             20000000   00010000  00000cc2  0000f33e  RW  


SEGMENT ALLOCATION MAP

run origin  load origin   length   init length attrs members
----------  ----------- ---------- ----------- ----- -------
00000000    00000000    00002520   00002520    r-x
  00000000    00000000    000000e4   000000e4    r-- .intvecs
  000000e4    000000e4    00001e3c   00001e3c    r-x .text
  00001f20    00001f20    000005ba   000005ba    r-- .const
  000024dc    000024dc    00000004   00000004    r-- .init_array
  000024e0    000024e0    00000040   00000040    r-- .cinit
20000000    20000000    00000ac4   00000000    rw-
  20000000    20000000    00000800   00000000    rw- .sysmem
  20000800    20000800    00000296   00000000    rw- .bss
  20000a98    20000a98    0000002c   00000000    rw- .data
2000fe00    2000fe00    00000200   00000000    rw-
  2000fe00    2000fe00    00000200   00000000    rw- .stack


SECTION ALLOCATION MAP

 output                                  attributes/
section   page    origin      length       input sections
--------  ----  ----------  ----------   ----------------
.intvecs   0    00000000    000000e4     
                  00000000    000000e4     startup_msp432p401r_ccs.obj (.intvecs:retain)

.binit     0    00000000    00000000     

.text      0    000000e4    00001e3c     
                  000000e4    000001d8     Crystalfontz128x128_ST7735.obj (.text:_ZN52_INTERNAL_30_Crystalfontz128x128_ST7735_cpp_acdafc1437Crystalfontz128x128_PixelDrawMultipleEPK16Graphics_DisplaysssssPKhPKj)
                  000002bc    000001c0     main.obj (.text:main)
                  0000047c    000001b6     rtsv7M4_T_le_v4SPD16_eabi.lib : fd_add_t2.asm.obj (.text)
                  00000632    00000180     Scheduler.obj (.text:_ZN9Scheduler3runEv)
                  000007b2    00000002     startup_msp432p401r_ccs.obj (.text:Default_Handler)
                  000007b4    00000160     msp432p4xx_driverlib.lib : adc14.o (.text:_getIndexForMemRegister)
                  00000914    00000134     Crystalfontz128x128_ST7735.obj (.text:_Z32Crystalfontz128x128_SetDrawFrametttt)
                  00000a48    0000012c     Crystalfontz128x128_ST7735.obj (.text:_Z24Crystalfontz128x128_Initv)
                  00000b74    00000124     main.obj (.text:_Z5Setupv)
                  00000c98    00000112     grlib.a : rectangle.obj (.text:Graphics_fillRectangle)
                  00000daa    000000fc     rtsv7M4_T_le_v4SPD16_eabi.lib : fd_mul_t2.asm.obj (.text)
                  00000ea6    00000002                                   : stdlib_typeinfo.cpp.obj (.text:_ZNSt9type_infoD1Ev)
                  00000ea8    000000e8                                   : memory.c.obj (.text:free)
                  00000f90    000000e4     CalcDiff.obj (.text:_ZN8CalcDiff3runEv)
                  00001074    000000b8     Scheduler.obj (.text:_ZN9Scheduler6attachEhP4Tasky)
                  0000112c    000000b0     msp432p4xx_driverlib.lib : spi.o (.text:SPI_initMaster)
                  000011dc    0000009c     Crystalfontz128x128_ST7735.obj (.text:_ZN52_INTERNAL_30_Crystalfontz128x128_ST7735_cpp_acdafc1428Crystalfontz128x128_RectFillEPK16Graphics_DisplayPK18Graphics_Rectanglet)
                  00001278    0000009c     rtsv7M4_T_le_v4SPD16_eabi.lib : memcpy_t2.asm.obj (.text)
                  00001314    00000088     msp432p4xx_driverlib.lib : gpio.o (.text:GPIO_setAsPeripheralModuleFunctionOutputPin)
                  0000139c    00000082     Scheduler.obj (.text:_ZN9Scheduler8CallTaskEh)
                  0000141e    0000007a     Scheduler.obj (.text:_ZN9SchedulerC1Ev)
                  00001498    00000078     system_msp432p401r.obj (.text:SystemInit)
                  00001510    0000006c     main.obj (.text:ADC14_IRQHandler)
                  0000157c    00000068     rtsv7M4_T_le_v4SPD16_eabi.lib : copy_decompress_lzss.c.obj (.text:decompress:lzss:__TI_decompress_lzss)
                  000015e4    00000066     ColorRect.obj (.text:_ZN9ColorRect3runEv)
                  0000164a    00000060     Crystalfontz128x128_ST7735.obj (.text:_ZN52_INTERNAL_30_Crystalfontz128x128_ST7735_cpp_acdafc1429Crystalfontz128x128_LineDrawHEPK16Graphics_Displayssst)
                  000016aa    00000060     Crystalfontz128x128_ST7735.obj (.text:_ZN52_INTERNAL_30_Crystalfontz128x128_ST7735_cpp_acdafc1429Crystalfontz128x128_LineDrawVEPK16Graphics_Displayssst)
                  0000170a    00000002     rtsv7M4_T_le_v4SPD16_eabi.lib : _lock.c.obj (.text:_nop)
                  0000170c    00000060                                   : autoinit.c.obj (.text:__TI_auto_init_nobinit:__TI_auto_init_nobinit)
                  0000176c    0000005e     Task.obj (.text:_ZN4Task11SendMessageEPyh)
                  000017ca    0000005c     rtsv7M4_T_le_v4SPD16_eabi.lib : fd_toull_t2.asm.obj (.text)
                  00001826    00000002     --HOLE-- [fill = 0]
                  00001828    00000054     Crystalfontz128x128_ST7735.obj (.text:_Z34Crystalfontz128x128_SetOrientationh)
                  0000187c    00000052     grlib.a : context.obj (.text:Graphics_initContext)
                  000018ce    00000052     Scheduler.obj (.text:_ZN9Scheduler5setupEv)
                  00001920    00000048     main.obj (.text:_ZN29_INTERNAL_8_main_cpp_937618a818__NVIC_SetPriorityE4IRQnj)
                  00001968    00000048     ColorRect.obj (.text:_ZN9ColorRectC1E16Graphics_Context18Graphics_Rectangle)
                  000019b0    00000040     msp432p4xx_driverlib.lib : gpio.o (.text:GPIO_setAsOutputPin)
                  000019f0    00000040     HAL_MSP_EXP432P401R_Crystalfontz128x128_ST7735.obj (.text:_Z15HAL_LCD_SpiInitv)
                  00001a30    00000040     Crystalfontz128x128_ST7735.obj (.text:_ZN52_INTERNAL_30_Crystalfontz128x128_ST7735_cpp_acdafc1429Crystalfontz128x128_PixelDrawEPK16Graphics_Displaysst)
                  00001a70    00000040     msp432p4xx_driverlib.lib : spi.o (.text:is_A_Module)
                  00001ab0    00000038     HAL_MSP_EXP432P401R_Crystalfontz128x128_ST7735.obj (.text:_Z20HAL_LCD_writeCommandh)
                  00001ae8    00000034     main.obj (.text:T32_INT1_IRQHandler)
                  00001b1c    00000034     rtsv7M4_T_le_v4SPD16_eabi.lib : boot_cortex_m.c.obj (.text:_c_int00_noargs:_c_int00_noargs)
                  00001b50    00000030     HAL_MSP_EXP432P401R_Crystalfontz128x128_ST7735.obj (.text:_Z16HAL_LCD_PortInitv)
                  00001b80    00000030     main.obj (.text:_ZN29_INTERNAL_8_main_cpp_937618a816__NVIC_EnableIRQE4IRQn)
                  00001bb0    00000030     Task.obj (.text:_ZN4TaskC1Ev)
                  00001be0    00000030     Scheduler.obj (.text:_ZN9Scheduler18AssignMemoryToTaskEh)
                  00001c10    0000002c     HAL_MSP_EXP432P401R_Crystalfontz128x128_ST7735.obj (.text:_Z17HAL_LCD_writeDatah)
                  00001c3c    0000002c     Crystalfontz128x128_ST7735.obj (.text:_ZN52_INTERNAL_30_Crystalfontz128x128_ST7735_cpp_acdafc1431Crystalfontz128x128_ClearScreenEPK16Graphics_Displayt)
                  00001c68    0000002c     rtsv7M4_T_le_v4SPD16_eabi.lib : ull_tofd_t2.asm.obj (.text)
                  00001c94    00000028     msp432p4xx_driverlib.lib : gpio.o (.text:GPIO_setOutputHighOnPin)
                  00001cbc    00000028                              : gpio.o (.text:GPIO_setOutputLowOnPin)
                  00001ce4    00000028     Crystalfontz128x128_ST7735.obj (.text:_ZN52_INTERNAL_30_Crystalfontz128x128_ST7735_cpp_acdafc1434Crystalfontz128x128_ColorTranslateEPK16Graphics_Displayj)
                  00001d0c    00000028     rtsv7M4_T_le_v4SPD16_eabi.lib : memory.c.obj (.text:free_list_insert)
                  00001d34    00000024     CalcDiff.obj (.text:_ZN8CalcDiffC1Et)
                  00001d58    0000001e     grlib.a : display.obj (.text:Graphics_fillRectangleOnDisplay)
                  00001d76    00000002     --HOLE-- [fill = 0]
                  00001d78    0000001c     msp432p4xx_driverlib.lib : adc14.o (.text:ADC14_getResult)
                  00001d94    0000001c                              : spi.o (.text:SPI_enableModule)
                  00001db0    0000001c     rtsv7M4_T_le_v4SPD16_eabi.lib : memory.c.obj (.text:free_list_remove)
                  00001dcc    0000001a     grlib.a : context.obj (.text:Graphics_setBackgroundColor)
                  00001de6    0000001a             : context.obj (.text:Graphics_setFont)
                  00001e00    00000018     CalcDiff.obj (.text:_ZN8CalcDiff5setupEv)
                  00001e18    00000016     msp432p4xx_driverlib.lib : spi.o (.text:EUSCI_A_SPI_enable)
                  00001e2e    00000016                              : spi.o (.text:EUSCI_B_SPI_enable)
                  00001e44    00000016     grlib.a : context.obj (.text:Graphics_setForegroundColor)
                  00001e5a    00000016             : display.obj (.text:Graphics_translateColorOnDisplay)
                  00001e70    00000012     rtsv7M4_T_le_v4SPD16_eabi.lib : copy_zero_init.c.obj (.text:decompress:ZI:__TI_zero_init_nomemset:__TI_zero_init_nomemset)
                  00001e82    00000002     --HOLE-- [fill = 0]
                  00001e84    00000010     main.obj (.text:__sti___8_main_cpp_937618a8)
                  00001e94    0000000e     rtsv7M4_T_le_v4SPD16_eabi.lib : typeinfo.c.obj (.text:_ZN10__cxxabiv117__class_type_infoD0Ev)
                  00001ea2    0000000e                                   : typeinfo.c.obj (.text:_ZN10__cxxabiv120__si_class_type_infoD0Ev)
                  00001eb0    0000000e                                   : copy_decompress_none.c.obj (.text:decompress:none:__TI_decompress_none)
                  00001ebe    0000000c     startup_msp432p401r_ccs.obj (.text:Reset_Handler)
                  00001eca    0000000c     Task.obj (.text:_ZN4Task3runEv)
                  00001ed6    0000000c     Task.obj (.text:_ZN4Task5setupEv)
                  00001ee2    0000000c     ColorRect.obj (.text:_ZN9ColorRect5setupEv)
                  00001eee    0000000c     Scheduler.obj (.text:_ZN9Scheduler21CalculateNextScheduleEv)
                  00001efa    0000000a     Crystalfontz128x128_ST7735.obj (.text:_ZN52_INTERNAL_30_Crystalfontz128x128_ST7735_cpp_acdafc1425Crystalfontz128x128_FlushEPK16Graphics_Display)
                  00001f04    00000008     rtsv7M4_T_le_v4SPD16_eabi.lib : new.cpp.obj (.text:_ZdlPv)
                  00001f0c    00000004                                   : typeinfo.c.obj (.text:_ZN10__cxxabiv117__class_type_infoD1Ev)
                  00001f10    00000004                                   : typeinfo.c.obj (.text:_ZN10__cxxabiv120__si_class_type_infoD1Ev)
                  00001f14    00000004                                   : new.cpp.obj (.text:_ZdlPvj)
                  00001f18    00000004                                   : pre_init.c.obj (.text:_system_pre_init)
                  00001f1c    00000004                                   : exit.c.obj (.text:abort:abort)

.const     0    00001f20    000005ba     
                  00001f20    000002f8     grlib.a : fontfixed6x8.obj (.const:.string:g_pucFontFixed6x8Data)
                  00002218    000000c8             : fontfixed6x8.obj (.const:g_sFontFixed6x8)
                  000022e0    00000080     msp432p4xx_driverlib.lib : adc14.o (.const:_ctlRegs)
                  00002360    00000030                              : gpio.o (.const:GPIO_PORT_TO_BASE)
                  00002390    00000025     rtsv7M4_T_le_v4SPD16_eabi.lib : typeinfo.c.obj (.const:.typeinfo:_ZTSN10__cxxabiv120__si_class_type_infoE)
                  000023b5    00000022                                   : typeinfo.c.obj (.const:.typeinfo:_ZTSN10__cxxabiv117__class_type_infoE)
                  000023d7    00000001     --HOLE-- [fill = 0]
                  000023d8    00000020     Crystalfontz128x128_ST7735.obj (.const:g_sCrystalfontz128x128_funcs)
                  000023f8    0000001c     HAL_MSP_EXP432P401R_Crystalfontz128x128_ST7735.obj (.const:$P$T40$1)
                  00002414    00000010     Task.obj (.const:_ZTV4Task)
                  00002424    00000010     CalcDiff.obj (.const:_ZTV8CalcDiff)
                  00002434    00000010     ColorRect.obj (.const:_ZTV9ColorRect)
                  00002444    00000010     rtsv7M4_T_le_v4SPD16_eabi.lib : typeinfo.c.obj (.const:_ZTVN10__cxxabiv117__class_type_infoE)
                  00002454    00000010                                   : typeinfo.c.obj (.const:_ZTVN10__cxxabiv120__si_class_type_infoE)
                  00002464    0000000d                                   : stdlib_typeinfo.cpp.obj (.const:.typeinfo:_ZTSSt9type_info)
                  00002471    00000003     --HOLE-- [fill = 0]
                  00002474    0000000c     CalcDiff.obj (.const:.typeinfo:_ZTI8CalcDiff)
                  00002480    0000000c     ColorRect.obj (.const:.typeinfo:_ZTI9ColorRect)
                  0000248c    0000000c     rtsv7M4_T_le_v4SPD16_eabi.lib : typeinfo.c.obj (.const:.typeinfo:_ZTIN10__cxxabiv117__class_type_infoE)
                  00002498    0000000c                                   : typeinfo.c.obj (.const:.typeinfo:_ZTIN10__cxxabiv120__si_class_type_infoE)
                  000024a4    0000000b     ColorRect.obj (.const:.typeinfo:_ZTS9ColorRect)
                  000024af    0000000a     CalcDiff.obj (.const:.typeinfo:_ZTS8CalcDiff)
                  000024b9    00000001     --HOLE-- [fill = 0]
                  000024ba    00000008     Crystalfontz128x128_ST7735.obj (.const:$P$T40$1)
                  000024c2    00000002     --HOLE-- [fill = 0]
                  000024c4    00000008     CalcDiff.obj (.const:.typeinfo:_ZTI4Task)
                  000024cc    00000008     rtsv7M4_T_le_v4SPD16_eabi.lib : stdlib_typeinfo.cpp.obj (.const:.typeinfo:_ZTISt9type_info)
                  000024d4    00000006     CalcDiff.obj (.const:.typeinfo:_ZTS4Task)

.cinit     0    000024e0    00000040     
                  000024e0    00000017     (.cinit..data.load) [load image, compression = lzss]
                  000024f7    00000001     --HOLE-- [fill = 0]
                  000024f8    0000000c     (__TI_handler_table)
                  00002504    00000004     --HOLE-- [fill = 0]
                  00002508    00000008     (.cinit..bss.load) [load image, compression = zero_init]
                  00002510    00000010     (__TI_cinit_table)

.init_array 
*          0    000024dc    00000004     
                  000024dc    00000004     main.obj (.init_array)

.sysmem    0    20000000    00000800     UNINITIALIZED
                  20000000    00000010     rtsv7M4_T_le_v4SPD16_eabi.lib : memory.c.obj (.sysmem)
                  20000010    000007f0     --HOLE--

.bss       0    20000800    00000296     UNINITIALIZED
                  20000800    00000250     main.obj (.bss:g_MainScheduler)
                  20000a50    0000001c     (.common:g_sContext)
                  20000a6c    00000002     (.common:Lcd_ScreenHeigth)
                  20000a6e    00000002     (.common:Lcd_ScreenWidth)
                  20000a70    00000018     (.common:resultsBuffer)
                  20000a88    00000008     (.common:g_rect)
                  20000a90    00000002     (.common:Lcd_TouchTrim)
                  20000a92    00000001     (.common:Lcd_FlagRead)
                  20000a93    00000001     (.common:Lcd_FontSolid)
                  20000a94    00000001     (.common:Lcd_Orientation)
                  20000a95    00000001     (.common:Lcd_PenSolid)

.data      0    20000a98    0000002c     UNINITIALIZED
                  20000a98    00000010     Crystalfontz128x128_ST7735.obj (.data:g_sCrystalfontz128x128)
                  20000aa8    00000009     main.obj (.data)
                  20000ab1    00000003     --HOLE--
                  20000ab4    00000008     rtsv7M4_T_le_v4SPD16_eabi.lib : _lock.c.obj (.data:$O1$$)
                  20000abc    00000008                                   : memory.c.obj (.data:$O1$$)

.stack     0    2000fe00    00000200     UNINITIALIZED
                  2000fe00    00000004     rtsv7M4_T_le_v4SPD16_eabi.lib : boot_cortex_m.c.obj (.stack)
                  2000fe04    000001fc     --HOLE--

MODULE SUMMARY

       Module                                               code   ro data   rw data
       ------                                               ----   -------   -------
    ./
       main.obj                                             1036   4         1322   
       Scheduler.obj                                        962    0         0      
       CalcDiff.obj                                         288    52        0      
       ColorRect.obj                                        186    39        0      
       Task.obj                                             166    16        0      
       system_msp432p401r.obj                               120    0         0      
    +--+----------------------------------------------------+------+---------+---------+
       Total:                                               2758   111       1322   
                                                                                    
    ./LcdDriver/
       Crystalfontz128x128_ST7735.obj                       1670   40        52     
       HAL_MSP_EXP432P401R_Crystalfontz128x128_ST7735.obj   212    28        0      
    +--+----------------------------------------------------+------+---------+---------+
       Total:                                               1882   68        52     
                                                                                    
    ./ccs/
       startup_msp432p401r_ccs.obj                          14     228       0      
    +--+----------------------------------------------------+------+---------+---------+
       Total:                                               14     228       0      
                                                                                    
    /home/cerva08/ti/simplelink_msp432p4_sdk_3_10_00_08/source/ti/devices/msp432p4xx/driverlib/ccs/msp432p4xx_driverlib.lib
       adc14.o                                              380    128       0      
       gpio.o                                               280    48        0      
       spi.o                                                312    0         0      
    +--+----------------------------------------------------+------+---------+---------+
       Total:                                               972    176       0      
                                                                                    
    /home/cerva08/ti/simplelink_msp432p4_sdk_3_10_00_08/source/ti/grlib/lib/ccs/m4f/grlib.a
       fontfixed6x8.obj                                     0      960       0      
       rectangle.obj                                        274    0         0      
       context.obj                                          156    0         0      
       display.obj                                          52     0         0      
    +--+----------------------------------------------------+------+---------+---------+
       Total:                                               482    960       0      
                                                                                    
    /opt/ti/ccs901/ccs/tools/compiler/ti-cgt-arm_18.12.1.LTS/lib/rtsv7M4_T_le_v4SPD16_eabi.lib
       fd_add_t2.asm.obj                                    438    0         0      
       memory.c.obj                                         300    0         16     
       fd_mul_t2.asm.obj                                    252    0         0      
       typeinfo.c.obj                                       36     127       0      
       memcpy_t2.asm.obj                                    156    0         0      
       copy_decompress_lzss.c.obj                           104    0         0      
       autoinit.c.obj                                       96     0         0      
       fd_toull_t2.asm.obj                                  92     0         0      
       boot_cortex_m.c.obj                                  52     0         0      
       ull_tofd_t2.asm.obj                                  44     0         0      
       stdlib_typeinfo.cpp.obj                              2      21        0      
       _lock.c.obj                                          2      0         16     
       copy_zero_init.c.obj                                 18     0         0      
       copy_decompress_none.c.obj                           14     0         0      
       new.cpp.obj                                          12     0         0      
       exit.c.obj                                           4      0         0      
       pre_init.c.obj                                       4      0         0      
    +--+----------------------------------------------------+------+---------+---------+
       Total:                                               1626   148       32     
                                                                                    
       Heap:                                                0      0         4096   
       Stack:                                               0      0         1024   
       Linker Generated:                                    0      59        0      
    +--+----------------------------------------------------+------+---------+---------+
       Grand Total:                                         7734   1750      6526   


LINKER GENERATED COPY TABLES

__TI_cinit_table @ 00002510 records: 2, size/record: 8, table size: 16
	.data: load addr=000024e0, load size=00000017 bytes, run addr=20000a98, run size=0000002c bytes, compression=lzss
	.bss: load addr=00002508, load size=00000008 bytes, run addr=20000800, run size=00000296 bytes, compression=zero_init


LINKER GENERATED HANDLER TABLE

__TI_handler_table @ 000024f8 records: 3, size/record: 4, table size: 12
	index: 0, handler: __TI_decompress_lzss
	index: 1, handler: __TI_decompress_none
	index: 2, handler: __TI_zero_init


GLOBAL SYMBOLS: SORTED ALPHABETICALLY BY Name 

address   name                                                  
-------   ----                                                  
00001511  ADC14_IRQHandler                                      
00001511  ADC14_IRQHandler                                      
00001d79  ADC14_getResult                                       
000007b3  AES256_IRQHandler                                     
000007b3  BusFault_Handler                                      
00001f1d  C$$EXIT                                               
000007b3  COMP_E0_IRQHandler                                    
000007b3  COMP_E1_IRQHandler                                    
000007b3  CS_IRQHandler                                         
000007b3  DMA_ERR_IRQHandler                                    
000007b3  DMA_INT0_IRQHandler                                   
000007b3  DMA_INT1_IRQHandler                                   
000007b3  DMA_INT2_IRQHandler                                   
000007b3  DMA_INT3_IRQHandler                                   
000007b3  DebugMon_Handler                                      
000007b3  Default_Handler                                       
000007b3  EUSCIA0_IRQHandler                                    
000007b3  EUSCIA1_IRQHandler                                    
000007b3  EUSCIA2_IRQHandler                                    
000007b3  EUSCIA3_IRQHandler                                    
000007b3  EUSCIB0_IRQHandler                                    
000007b3  EUSCIB1_IRQHandler                                    
000007b3  EUSCIB2_IRQHandler                                    
000007b3  EUSCIB3_IRQHandler                                    
00001e19  EUSCI_A_SPI_enable                                    
00001e2f  EUSCI_B_SPI_enable                                    
000007b3  FLCTL_IRQHandler                                      
000007b3  FPU_IRQHandler                                        
000019b1  GPIO_setAsOutputPin                                   
00001315  GPIO_setAsPeripheralModuleFunctionOutputPin           
00001c95  GPIO_setOutputHighOnPin                               
00001cbd  GPIO_setOutputLowOnPin                                
00000c99  Graphics_fillRectangle                                
00001d59  Graphics_fillRectangleOnDisplay                       
0000187d  Graphics_initContext                                  
00001dcd  Graphics_setBackgroundColor                           
00001de7  Graphics_setFont                                      
00001e45  Graphics_setForegroundColor                           
00001e5b  Graphics_translateColorOnDisplay                      
000007b3  HardFault_Handler                                     
20000a92  Lcd_FlagRead                                          
20000a93  Lcd_FontSolid                                         
20000a94  Lcd_Orientation                                       
20000a95  Lcd_PenSolid                                          
20000a6c  Lcd_ScreenHeigth                                      
20000a6e  Lcd_ScreenWidth                                       
20000a90  Lcd_TouchTrim                                         
000007b3  MemManage_Handler                                     
000007b3  NMI_Handler                                           
000007b3  PCM_IRQHandler                                        
000007b3  PORT1_IRQHandler                                      
000007b3  PORT2_IRQHandler                                      
000007b3  PORT3_IRQHandler                                      
000007b3  PORT4_IRQHandler                                      
000007b3  PORT5_IRQHandler                                      
000007b3  PORT6_IRQHandler                                      
000007b3  PSS_IRQHandler                                        
000007b3  PendSV_Handler                                        
000007b3  RTC_C_IRQHandler                                      
00001ebf  Reset_Handler                                         
000024dc  SHT$$INIT_ARRAY$$Base                                 
000024e0  SHT$$INIT_ARRAY$$Limit                                
00001d95  SPI_enableModule                                      
0000112d  SPI_initMaster                                        
000007b3  SVC_Handler                                           
000007b3  SysTick_Handler                                       
00001499  SystemInit                                            
00001ae9  T32_INT1_IRQHandler                                   
00001ae9  T32_INT1_IRQHandler                                   
000007b3  T32_INT2_IRQHandler                                   
000007b3  T32_INTC_IRQHandler                                   
000007b3  TA0_0_IRQHandler                                      
000007b3  TA0_N_IRQHandler                                      
000007b3  TA1_0_IRQHandler                                      
000007b3  TA1_N_IRQHandler                                      
000007b3  TA2_0_IRQHandler                                      
000007b3  TA2_N_IRQHandler                                      
000007b3  TA3_0_IRQHandler                                      
000007b3  TA3_N_IRQHandler                                      
000007b3  UsageFault_Handler                                    
4000480c  WDTCTL_SYM                                            
000007b3  WDT_A_IRQHandler                                      
000019f1  _Z15HAL_LCD_SpiInitv                                  
00001b51  _Z16HAL_LCD_PortInitv                                 
00001c11  _Z17HAL_LCD_writeDatah                                
00001ab1  _Z20HAL_LCD_writeCommandh                             
00000a49  _Z24Crystalfontz128x128_Initv                         
00000915  _Z32Crystalfontz128x128_SetDrawFrametttt              
00001829  _Z34Crystalfontz128x128_SetOrientationh               
00000b75  _Z5Setupv                                             
00001e95  _ZN10__cxxabiv117__class_type_infoD0Ev                
00001f0d  _ZN10__cxxabiv117__class_type_infoD1Ev                
00001f0d  _ZN10__cxxabiv117__class_type_infoD2Ev                
00001ea3  _ZN10__cxxabiv120__si_class_type_infoD0Ev             
00001f11  _ZN10__cxxabiv120__si_class_type_infoD1Ev             
00001f11  _ZN10__cxxabiv120__si_class_type_infoD2Ev             
0000176d  _ZN4Task11SendMessageEPyh                             
20000ab0  _ZN4Task14m_u8NextTaskIDE                             
00001ecb  _ZN4Task3runEv                                        
00001ed7  _ZN4Task5setupEv                                      
00001bb1  _ZN4TaskC1Ev                                          
00001bb1  _ZN4TaskC2Ev                                          
00000f91  _ZN8CalcDiff3runEv                                    
00001e01  _ZN8CalcDiff5setupEv                                  
00001d35  _ZN8CalcDiffC1Et                                      
00001d35  _ZN8CalcDiffC2Et                                      
000015e5  _ZN9ColorRect3runEv                                   
00001ee3  _ZN9ColorRect5setupEv                                 
00001969  _ZN9ColorRectC1E16Graphics_Context18Graphics_Rectangle
00001969  _ZN9ColorRectC2E16Graphics_Context18Graphics_Rectangle
00001be1  _ZN9Scheduler18AssignMemoryToTaskEh                   
00001eef  _ZN9Scheduler21CalculateNextScheduleEv                
00000633  _ZN9Scheduler3runEv                                   
000018cf  _ZN9Scheduler5setupEv                                 
00001075  _ZN9Scheduler6attachEhP4Tasky                         
0000139d  _ZN9Scheduler8CallTaskEh                              
0000141f  _ZN9SchedulerC1Ev                                     
0000141f  _ZN9SchedulerC2Ev                                     
00000ea7  _ZNSt9type_infoD1Ev                                   
00000ea7  _ZNSt9type_infoD2Ev                                   
00001f1d  _ZSt17__throw_bad_allocv                              
000024c4  _ZTI4Task                                             
00002474  _ZTI8CalcDiff                                         
00002480  _ZTI9ColorRect                                        
0000248c  _ZTIN10__cxxabiv117__class_type_infoE                 
00002498  _ZTIN10__cxxabiv120__si_class_type_infoE              
000024cc  _ZTISt9type_info                                      
000024d4  _ZTS4Task                                             
000024af  _ZTS8CalcDiff                                         
000024a4  _ZTS9ColorRect                                        
000023b5  _ZTSN10__cxxabiv117__class_type_infoE                 
00002390  _ZTSN10__cxxabiv120__si_class_type_infoE              
00002464  _ZTSSt9type_info                                      
00002414  _ZTV4Task                                             
00002424  _ZTV8CalcDiff                                         
00002434  _ZTV9ColorRect                                        
00002444  _ZTVN10__cxxabiv117__class_type_infoE                 
00002454  _ZTVN10__cxxabiv120__si_class_type_infoE              
00001f05  _ZdlPv                                                
00001f15  _ZdlPvj                                               
20010000  __STACK_END                                           
00000200  __STACK_SIZE                                          
00000800  __SYSMEM_SIZE                                         
00002510  __TI_CINIT_Base                                       
00002520  __TI_CINIT_Limit                                      
000024f8  __TI_Handler_Table_Base                               
00002504  __TI_Handler_Table_Limit                              
0000170d  __TI_auto_init_nobinit                                
0000157d  __TI_decompress_lzss                                  
00001eb1  __TI_decompress_none                                  
ffffffff  __TI_pprof_out_hndl                                   
ffffffff  __TI_prof_data_size                                   
ffffffff  __TI_prof_data_start                                  
00000000  __TI_static_base__                                    
00001e71  __TI_zero_init_nomemset                               
000017cb  __aeabi_d2ulz                                         
00000487  __aeabi_dadd                                          
00000dab  __aeabi_dmul                                          
0000047d  __aeabi_dsub                                          
00001279  __aeabi_memcpy                                        
00001279  __aeabi_memcpy4                                       
00001279  __aeabi_memcpy8                                       
00001c69  __aeabi_ul2d                                          
ffffffff  __binit__                                             
ffffffff  __c_args__                                            
UNDEFED   __mpu_init                                            
2000fe00  __stack                                               
00001e85  __sti___8_main_cpp_937618a8                           
00001b1d  _c_int00_noargs                                       
20000ab4  _lock                                                 
0000170b  _nop                                                  
20000000  _sys_memory                                           
UNDEFED   _system_post_cinit                                    
00001f19  _system_pre_init                                      
20000ab8  _unlock                                               
00001f1d  abort                                                 
ffffffff  binit                                                 
00000ea9  free                                                  
20000800  g_MainScheduler                                       
20000a88  g_rect                                                
20000a50  g_sContext                                            
20000a98  g_sCrystalfontz128x128                                
000023d8  g_sCrystalfontz128x128_funcs                          
00002218  g_sFontFixed6x8                                       
00000000  interruptVectors                                      
000002bd  main                                                  
00001279  memcpy                                                
20000a70  resultsBuffer                                         


GLOBAL SYMBOLS: SORTED BY Symbol Address 

address   name                                                  
-------   ----                                                  
00000000  __TI_static_base__                                    
00000000  interruptVectors                                      
00000200  __STACK_SIZE                                          
000002bd  main                                                  
0000047d  __aeabi_dsub                                          
00000487  __aeabi_dadd                                          
00000633  _ZN9Scheduler3runEv                                   
000007b3  AES256_IRQHandler                                     
000007b3  BusFault_Handler                                      
000007b3  COMP_E0_IRQHandler                                    
000007b3  COMP_E1_IRQHandler                                    
000007b3  CS_IRQHandler                                         
000007b3  DMA_ERR_IRQHandler                                    
000007b3  DMA_INT0_IRQHandler                                   
000007b3  DMA_INT1_IRQHandler                                   
000007b3  DMA_INT2_IRQHandler                                   
000007b3  DMA_INT3_IRQHandler                                   
000007b3  DebugMon_Handler                                      
000007b3  Default_Handler                                       
000007b3  EUSCIA0_IRQHandler                                    
000007b3  EUSCIA1_IRQHandler                                    
000007b3  EUSCIA2_IRQHandler                                    
000007b3  EUSCIA3_IRQHandler                                    
000007b3  EUSCIB0_IRQHandler                                    
000007b3  EUSCIB1_IRQHandler                                    
000007b3  EUSCIB2_IRQHandler                                    
000007b3  EUSCIB3_IRQHandler                                    
000007b3  FLCTL_IRQHandler                                      
000007b3  FPU_IRQHandler                                        
000007b3  HardFault_Handler                                     
000007b3  MemManage_Handler                                     
000007b3  NMI_Handler                                           
000007b3  PCM_IRQHandler                                        
000007b3  PORT1_IRQHandler                                      
000007b3  PORT2_IRQHandler                                      
000007b3  PORT3_IRQHandler                                      
000007b3  PORT4_IRQHandler                                      
000007b3  PORT5_IRQHandler                                      
000007b3  PORT6_IRQHandler                                      
000007b3  PSS_IRQHandler                                        
000007b3  PendSV_Handler                                        
000007b3  RTC_C_IRQHandler                                      
000007b3  SVC_Handler                                           
000007b3  SysTick_Handler                                       
000007b3  T32_INT2_IRQHandler                                   
000007b3  T32_INTC_IRQHandler                                   
000007b3  TA0_0_IRQHandler                                      
000007b3  TA0_N_IRQHandler                                      
000007b3  TA1_0_IRQHandler                                      
000007b3  TA1_N_IRQHandler                                      
000007b3  TA2_0_IRQHandler                                      
000007b3  TA2_N_IRQHandler                                      
000007b3  TA3_0_IRQHandler                                      
000007b3  TA3_N_IRQHandler                                      
000007b3  UsageFault_Handler                                    
000007b3  WDT_A_IRQHandler                                      
00000800  __SYSMEM_SIZE                                         
00000915  _Z32Crystalfontz128x128_SetDrawFrametttt              
00000a49  _Z24Crystalfontz128x128_Initv                         
00000b75  _Z5Setupv                                             
00000c99  Graphics_fillRectangle                                
00000dab  __aeabi_dmul                                          
00000ea7  _ZNSt9type_infoD1Ev                                   
00000ea7  _ZNSt9type_infoD2Ev                                   
00000ea9  free                                                  
00000f91  _ZN8CalcDiff3runEv                                    
00001075  _ZN9Scheduler6attachEhP4Tasky                         
0000112d  SPI_initMaster                                        
00001279  __aeabi_memcpy                                        
00001279  __aeabi_memcpy4                                       
00001279  __aeabi_memcpy8                                       
00001279  memcpy                                                
00001315  GPIO_setAsPeripheralModuleFunctionOutputPin           
0000139d  _ZN9Scheduler8CallTaskEh                              
0000141f  _ZN9SchedulerC1Ev                                     
0000141f  _ZN9SchedulerC2Ev                                     
00001499  SystemInit                                            
00001511  ADC14_IRQHandler                                      
00001511  ADC14_IRQHandler                                      
0000157d  __TI_decompress_lzss                                  
000015e5  _ZN9ColorRect3runEv                                   
0000170b  _nop                                                  
0000170d  __TI_auto_init_nobinit                                
0000176d  _ZN4Task11SendMessageEPyh                             
000017cb  __aeabi_d2ulz                                         
00001829  _Z34Crystalfontz128x128_SetOrientationh               
0000187d  Graphics_initContext                                  
000018cf  _ZN9Scheduler5setupEv                                 
00001969  _ZN9ColorRectC1E16Graphics_Context18Graphics_Rectangle
00001969  _ZN9ColorRectC2E16Graphics_Context18Graphics_Rectangle
000019b1  GPIO_setAsOutputPin                                   
000019f1  _Z15HAL_LCD_SpiInitv                                  
00001ab1  _Z20HAL_LCD_writeCommandh                             
00001ae9  T32_INT1_IRQHandler                                   
00001ae9  T32_INT1_IRQHandler                                   
00001b1d  _c_int00_noargs                                       
00001b51  _Z16HAL_LCD_PortInitv                                 
00001bb1  _ZN4TaskC1Ev                                          
00001bb1  _ZN4TaskC2Ev                                          
00001be1  _ZN9Scheduler18AssignMemoryToTaskEh                   
00001c11  _Z17HAL_LCD_writeDatah                                
00001c69  __aeabi_ul2d                                          
00001c95  GPIO_setOutputHighOnPin                               
00001cbd  GPIO_setOutputLowOnPin                                
00001d35  _ZN8CalcDiffC1Et                                      
00001d35  _ZN8CalcDiffC2Et                                      
00001d59  Graphics_fillRectangleOnDisplay                       
00001d79  ADC14_getResult                                       
00001d95  SPI_enableModule                                      
00001dcd  Graphics_setBackgroundColor                           
00001de7  Graphics_setFont                                      
00001e01  _ZN8CalcDiff5setupEv                                  
00001e19  EUSCI_A_SPI_enable                                    
00001e2f  EUSCI_B_SPI_enable                                    
00001e45  Graphics_setForegroundColor                           
00001e5b  Graphics_translateColorOnDisplay                      
00001e71  __TI_zero_init_nomemset                               
00001e85  __sti___8_main_cpp_937618a8                           
00001e95  _ZN10__cxxabiv117__class_type_infoD0Ev                
00001ea3  _ZN10__cxxabiv120__si_class_type_infoD0Ev             
00001eb1  __TI_decompress_none                                  
00001ebf  Reset_Handler                                         
00001ecb  _ZN4Task3runEv                                        
00001ed7  _ZN4Task5setupEv                                      
00001ee3  _ZN9ColorRect5setupEv                                 
00001eef  _ZN9Scheduler21CalculateNextScheduleEv                
00001f05  _ZdlPv                                                
00001f0d  _ZN10__cxxabiv117__class_type_infoD1Ev                
00001f0d  _ZN10__cxxabiv117__class_type_infoD2Ev                
00001f11  _ZN10__cxxabiv120__si_class_type_infoD1Ev             
00001f11  _ZN10__cxxabiv120__si_class_type_infoD2Ev             
00001f15  _ZdlPvj                                               
00001f19  _system_pre_init                                      
00001f1d  C$$EXIT                                               
00001f1d  _ZSt17__throw_bad_allocv                              
00001f1d  abort                                                 
00002218  g_sFontFixed6x8                                       
00002390  _ZTSN10__cxxabiv120__si_class_type_infoE              
000023b5  _ZTSN10__cxxabiv117__class_type_infoE                 
000023d8  g_sCrystalfontz128x128_funcs                          
00002414  _ZTV4Task                                             
00002424  _ZTV8CalcDiff                                         
00002434  _ZTV9ColorRect                                        
00002444  _ZTVN10__cxxabiv117__class_type_infoE                 
00002454  _ZTVN10__cxxabiv120__si_class_type_infoE              
00002464  _ZTSSt9type_info                                      
00002474  _ZTI8CalcDiff                                         
00002480  _ZTI9ColorRect                                        
0000248c  _ZTIN10__cxxabiv117__class_type_infoE                 
00002498  _ZTIN10__cxxabiv120__si_class_type_infoE              
000024a4  _ZTS9ColorRect                                        
000024af  _ZTS8CalcDiff                                         
000024c4  _ZTI4Task                                             
000024cc  _ZTISt9type_info                                      
000024d4  _ZTS4Task                                             
000024dc  SHT$$INIT_ARRAY$$Base                                 
000024e0  SHT$$INIT_ARRAY$$Limit                                
000024f8  __TI_Handler_Table_Base                               
00002504  __TI_Handler_Table_Limit                              
00002510  __TI_CINIT_Base                                       
00002520  __TI_CINIT_Limit                                      
20000000  _sys_memory                                           
20000800  g_MainScheduler                                       
20000a50  g_sContext                                            
20000a6c  Lcd_ScreenHeigth                                      
20000a6e  Lcd_ScreenWidth                                       
20000a70  resultsBuffer                                         
20000a88  g_rect                                                
20000a90  Lcd_TouchTrim                                         
20000a92  Lcd_FlagRead                                          
20000a93  Lcd_FontSolid                                         
20000a94  Lcd_Orientation                                       
20000a95  Lcd_PenSolid                                          
20000a98  g_sCrystalfontz128x128                                
20000ab0  _ZN4Task14m_u8NextTaskIDE                             
20000ab4  _lock                                                 
20000ab8  _unlock                                               
2000fe00  __stack                                               
20010000  __STACK_END                                           
4000480c  WDTCTL_SYM                                            
ffffffff  __TI_pprof_out_hndl                                   
ffffffff  __TI_prof_data_size                                   
ffffffff  __TI_prof_data_start                                  
ffffffff  __binit__                                             
ffffffff  __c_args__                                            
ffffffff  binit                                                 
UNDEFED   __mpu_init                                            
UNDEFED   _system_post_cinit                                    

[188 symbols]
