<?xml version="1.0" encoding="ISO-8859-1" ?>
<link_info>
   <banner>TI ARM Linker Unix v18.12.1.LTS</banner>
   <copyright>Copyright (c) 1996-2018 Texas Instruments Incorporated</copyright>
   <link_time>0x5cef68e6</link_time>
   <link_errors>0x0</link_errors>
   <output_file>Lab2.out</output_file>
   <entry_point>
      <name>_c_int00_noargs</name>
      <address>0x1b1d</address>
   </entry_point>
   <input_file_list>
      <input_file id="fl-2">
         <path>./</path>
         <kind>object</kind>
         <file>CalcDiff.obj</file>
         <name>CalcDiff.obj</name>
      </input_file>
      <input_file id="fl-3">
         <path>./</path>
         <kind>object</kind>
         <file>ColorRect.obj</file>
         <name>ColorRect.obj</name>
      </input_file>
      <input_file id="fl-4">
         <path>./</path>
         <kind>object</kind>
         <file>LED.obj</file>
         <name>LED.obj</name>
      </input_file>
      <input_file id="fl-5">
         <path>./</path>
         <kind>object</kind>
         <file>Scheduler.obj</file>
         <name>Scheduler.obj</name>
      </input_file>
      <input_file id="fl-6">
         <path>./</path>
         <kind>object</kind>
         <file>Task.obj</file>
         <name>Task.obj</name>
      </input_file>
      <input_file id="fl-7">
         <path>./</path>
         <kind>object</kind>
         <file>main.obj</file>
         <name>main.obj</name>
      </input_file>
      <input_file id="fl-8">
         <path>./</path>
         <kind>object</kind>
         <file>system_msp432p401r.obj</file>
         <name>system_msp432p401r.obj</name>
      </input_file>
      <input_file id="fl-9">
         <path>./LcdDriver/</path>
         <kind>object</kind>
         <file>Crystalfontz128x128_ST7735.obj</file>
         <name>Crystalfontz128x128_ST7735.obj</name>
      </input_file>
      <input_file id="fl-a">
         <path>./LcdDriver/</path>
         <kind>object</kind>
         <file>HAL_MSP_EXP432P401R_Crystalfontz128x128_ST7735.obj</file>
         <name>HAL_MSP_EXP432P401R_Crystalfontz128x128_ST7735.obj</name>
      </input_file>
      <input_file id="fl-b">
         <path>./ccs/</path>
         <kind>object</kind>
         <file>startup_msp432p401r_ccs.obj</file>
         <name>startup_msp432p401r_ccs.obj</name>
      </input_file>
      <input_file id="fl-16">
         <kind>object</kind>
         <file>&lt;internal&gt;</file>
         <name>&lt;internal&gt;</name>
      </input_file>
      <input_file id="fl-17">
         <path>/home/cerva08/ti/simplelink_msp432p4_sdk_3_10_00_08/source/ti/grlib/lib/ccs/m4f/</path>
         <kind>archive</kind>
         <file>grlib.a</file>
         <name>context.obj</name>
      </input_file>
      <input_file id="fl-18">
         <path>/home/cerva08/ti/simplelink_msp432p4_sdk_3_10_00_08/source/ti/grlib/lib/ccs/m4f/</path>
         <kind>archive</kind>
         <file>grlib.a</file>
         <name>display.obj</name>
      </input_file>
      <input_file id="fl-19">
         <path>/home/cerva08/ti/simplelink_msp432p4_sdk_3_10_00_08/source/ti/grlib/lib/ccs/m4f/</path>
         <kind>archive</kind>
         <file>grlib.a</file>
         <name>fontfixed6x8.obj</name>
      </input_file>
      <input_file id="fl-1a">
         <path>/home/cerva08/ti/simplelink_msp432p4_sdk_3_10_00_08/source/ti/grlib/lib/ccs/m4f/</path>
         <kind>archive</kind>
         <file>grlib.a</file>
         <name>rectangle.obj</name>
      </input_file>
      <input_file id="fl-1b">
         <path>/home/cerva08/ti/simplelink_msp432p4_sdk_3_10_00_08/source/ti/grlib/lib/ccs/m4f/</path>
         <kind>archive</kind>
         <file>grlib.a</file>
         <name>line.obj</name>
      </input_file>
      <input_file id="fl-1c">
         <path>/home/cerva08/ti/simplelink_msp432p4_sdk_3_10_00_08/source/ti/devices/msp432p4xx/driverlib/ccs/</path>
         <kind>archive</kind>
         <file>msp432p4xx_driverlib.lib</file>
         <name>adc14.o</name>
      </input_file>
      <input_file id="fl-1d">
         <path>/home/cerva08/ti/simplelink_msp432p4_sdk_3_10_00_08/source/ti/devices/msp432p4xx/driverlib/ccs/</path>
         <kind>archive</kind>
         <file>msp432p4xx_driverlib.lib</file>
         <name>gpio.o</name>
      </input_file>
      <input_file id="fl-1e">
         <path>/home/cerva08/ti/simplelink_msp432p4_sdk_3_10_00_08/source/ti/devices/msp432p4xx/driverlib/ccs/</path>
         <kind>archive</kind>
         <file>msp432p4xx_driverlib.lib</file>
         <name>interrupt.o</name>
      </input_file>
      <input_file id="fl-1f">
         <path>/home/cerva08/ti/simplelink_msp432p4_sdk_3_10_00_08/source/ti/devices/msp432p4xx/driverlib/ccs/</path>
         <kind>archive</kind>
         <file>msp432p4xx_driverlib.lib</file>
         <name>spi.o</name>
      </input_file>
      <input_file id="fl-20">
         <path>/home/cerva08/ti/simplelink_msp432p4_sdk_3_10_00_08/source/ti/devices/msp432p4xx/driverlib/ccs/</path>
         <kind>archive</kind>
         <file>msp432p4xx_driverlib.lib</file>
         <name>cpu.o</name>
      </input_file>
      <input_file id="fl-d6">
         <path>/opt/ti/ccs901/ccs/tools/compiler/ti-cgt-arm_18.12.1.LTS/lib/</path>
         <kind>archive</kind>
         <file>rtsv7M4_T_le_v4SPD16_eabi.lib</file>
         <name>typeinfo.c.obj</name>
      </input_file>
      <input_file id="fl-d7">
         <path>/opt/ti/ccs901/ccs/tools/compiler/ti-cgt-arm_18.12.1.LTS/lib/</path>
         <kind>archive</kind>
         <file>rtsv7M4_T_le_v4SPD16_eabi.lib</file>
         <name>new.cpp.obj</name>
      </input_file>
      <input_file id="fl-d8">
         <path>/opt/ti/ccs901/ccs/tools/compiler/ti-cgt-arm_18.12.1.LTS/lib/</path>
         <kind>archive</kind>
         <file>rtsv7M4_T_le_v4SPD16_eabi.lib</file>
         <name>stdlib_typeinfo.cpp.obj</name>
      </input_file>
      <input_file id="fl-d9">
         <path>/opt/ti/ccs901/ccs/tools/compiler/ti-cgt-arm_18.12.1.LTS/lib/</path>
         <kind>archive</kind>
         <file>rtsv7M4_T_le_v4SPD16_eabi.lib</file>
         <name>fd_add_t2.asm.obj</name>
      </input_file>
      <input_file id="fl-da">
         <path>/opt/ti/ccs901/ccs/tools/compiler/ti-cgt-arm_18.12.1.LTS/lib/</path>
         <kind>archive</kind>
         <file>rtsv7M4_T_le_v4SPD16_eabi.lib</file>
         <name>fd_mul_t2.asm.obj</name>
      </input_file>
      <input_file id="fl-db">
         <path>/opt/ti/ccs901/ccs/tools/compiler/ti-cgt-arm_18.12.1.LTS/lib/</path>
         <kind>archive</kind>
         <file>rtsv7M4_T_le_v4SPD16_eabi.lib</file>
         <name>fd_toull_t2.asm.obj</name>
      </input_file>
      <input_file id="fl-dc">
         <path>/opt/ti/ccs901/ccs/tools/compiler/ti-cgt-arm_18.12.1.LTS/lib/</path>
         <kind>archive</kind>
         <file>rtsv7M4_T_le_v4SPD16_eabi.lib</file>
         <name>ull_tofd_t2.asm.obj</name>
      </input_file>
      <input_file id="fl-dd">
         <path>/opt/ti/ccs901/ccs/tools/compiler/ti-cgt-arm_18.12.1.LTS/lib/</path>
         <kind>archive</kind>
         <file>rtsv7M4_T_le_v4SPD16_eabi.lib</file>
         <name>copy_zero_init.c.obj</name>
      </input_file>
      <input_file id="fl-de">
         <path>/opt/ti/ccs901/ccs/tools/compiler/ti-cgt-arm_18.12.1.LTS/lib/</path>
         <kind>archive</kind>
         <file>rtsv7M4_T_le_v4SPD16_eabi.lib</file>
         <name>copy_decompress_none.c.obj</name>
      </input_file>
      <input_file id="fl-df">
         <path>/opt/ti/ccs901/ccs/tools/compiler/ti-cgt-arm_18.12.1.LTS/lib/</path>
         <kind>archive</kind>
         <file>rtsv7M4_T_le_v4SPD16_eabi.lib</file>
         <name>copy_decompress_lzss.c.obj</name>
      </input_file>
      <input_file id="fl-e0">
         <path>/opt/ti/ccs901/ccs/tools/compiler/ti-cgt-arm_18.12.1.LTS/lib/</path>
         <kind>archive</kind>
         <file>rtsv7M4_T_le_v4SPD16_eabi.lib</file>
         <name>exit.c.obj</name>
      </input_file>
      <input_file id="fl-e1">
         <path>/opt/ti/ccs901/ccs/tools/compiler/ti-cgt-arm_18.12.1.LTS/lib/</path>
         <kind>archive</kind>
         <file>rtsv7M4_T_le_v4SPD16_eabi.lib</file>
         <name>_lock.c.obj</name>
      </input_file>
      <input_file id="fl-e2">
         <path>/opt/ti/ccs901/ccs/tools/compiler/ti-cgt-arm_18.12.1.LTS/lib/</path>
         <kind>archive</kind>
         <file>rtsv7M4_T_le_v4SPD16_eabi.lib</file>
         <name>memory.c.obj</name>
      </input_file>
      <input_file id="fl-e3">
         <path>/opt/ti/ccs901/ccs/tools/compiler/ti-cgt-arm_18.12.1.LTS/lib/</path>
         <kind>archive</kind>
         <file>rtsv7M4_T_le_v4SPD16_eabi.lib</file>
         <name>boot_cortex_m.c.obj</name>
      </input_file>
      <input_file id="fl-e4">
         <path>/opt/ti/ccs901/ccs/tools/compiler/ti-cgt-arm_18.12.1.LTS/lib/</path>
         <kind>archive</kind>
         <file>rtsv7M4_T_le_v4SPD16_eabi.lib</file>
         <name>stdlib_exception.cpp.obj</name>
      </input_file>
      <input_file id="fl-e5">
         <path>/opt/ti/ccs901/ccs/tools/compiler/ti-cgt-arm_18.12.1.LTS/lib/</path>
         <kind>archive</kind>
         <file>rtsv7M4_T_le_v4SPD16_eabi.lib</file>
         <name>memcpy_t2.asm.obj</name>
      </input_file>
      <input_file id="fl-e6">
         <path>/opt/ti/ccs901/ccs/tools/compiler/ti-cgt-arm_18.12.1.LTS/lib/</path>
         <kind>archive</kind>
         <file>rtsv7M4_T_le_v4SPD16_eabi.lib</file>
         <name>memset_t2.asm.obj</name>
      </input_file>
      <input_file id="fl-e7">
         <path>/opt/ti/ccs901/ccs/tools/compiler/ti-cgt-arm_18.12.1.LTS/lib/</path>
         <kind>archive</kind>
         <file>rtsv7M4_T_le_v4SPD16_eabi.lib</file>
         <name>autoinit.c.obj</name>
      </input_file>
      <input_file id="fl-e8">
         <path>/opt/ti/ccs901/ccs/tools/compiler/ti-cgt-arm_18.12.1.LTS/lib/</path>
         <kind>archive</kind>
         <file>rtsv7M4_T_le_v4SPD16_eabi.lib</file>
         <name>pre_init.c.obj</name>
      </input_file>
      <input_file id="fl-e9">
         <path>/opt/ti/ccs901/ccs/tools/compiler/ti-cgt-arm_18.12.1.LTS/lib/</path>
         <kind>archive</kind>
         <file>rtsv7M4_T_le_v4SPD16_eabi.lib</file>
         <name>cpy_tbl.c.obj</name>
      </input_file>
      <input_file id="fl-ea">
         <path>/opt/ti/ccs901/ccs/tools/compiler/ti-cgt-arm_18.12.1.LTS/lib/</path>
         <kind>archive</kind>
         <file>rtsv7M4_T_le_v4SPD16_eabi.lib</file>
         <name>args_main.c.obj</name>
      </input_file>
   </input_file_list>
   <object_component_list>
      <object_component id="oc-24">
         <name>.intvecs:retain</name>
         <load_address>0x0</load_address>
         <run_address>0x0</run_address>
         <size>0xe4</size>
         <input_file_ref idref="fl-b"/>
      </object_component>
      <object_component id="oc-33d">
         <name>.text:_ZN52_INTERNAL_30_Crystalfontz128x128_ST7735_cpp_acdafc1437Crystalfontz128x128_PixelDrawMultipleEPK16Graphics_DisplaysssssPKhPKj</name>
         <load_address>0xe4</load_address>
         <run_address>0xe4</run_address>
         <size>0x1d8</size>
         <input_file_ref idref="fl-9"/>
      </object_component>
      <object_component id="oc-b0">
         <name>.text:main</name>
         <load_address>0x2bc</load_address>
         <run_address>0x2bc</run_address>
         <size>0x1c0</size>
         <input_file_ref idref="fl-7"/>
      </object_component>
      <object_component id="oc-499">
         <name>.text</name>
         <load_address>0x47c</load_address>
         <run_address>0x47c</run_address>
         <size>0x1b6</size>
         <input_file_ref idref="fl-d9"/>
      </object_component>
      <object_component id="oc-159">
         <name>.text:_ZN9Scheduler3runEv</name>
         <load_address>0x632</load_address>
         <run_address>0x632</run_address>
         <size>0x180</size>
         <input_file_ref idref="fl-5"/>
      </object_component>
      <object_component id="oc-74">
         <name>.text:Default_Handler</name>
         <load_address>0x7b2</load_address>
         <run_address>0x7b2</run_address>
         <size>0x2</size>
         <input_file_ref idref="fl-b"/>
      </object_component>
      <object_component id="oc-1c3">
         <name>.text:_getIndexForMemRegister</name>
         <load_address>0x7b4</load_address>
         <run_address>0x7b4</run_address>
         <size>0x160</size>
         <input_file_ref idref="fl-1c"/>
      </object_component>
      <object_component id="oc-2dc">
         <name>.text:_Z32Crystalfontz128x128_SetDrawFrametttt</name>
         <load_address>0x914</load_address>
         <run_address>0x914</run_address>
         <size>0x134</size>
         <input_file_ref idref="fl-9"/>
      </object_component>
      <object_component id="oc-10b">
         <name>.text:_Z24Crystalfontz128x128_Initv</name>
         <load_address>0xa48</load_address>
         <run_address>0xa48</run_address>
         <size>0x12c</size>
         <input_file_ref idref="fl-9"/>
      </object_component>
      <object_component id="oc-141">
         <name>.text:_Z5Setupv</name>
         <load_address>0xb74</load_address>
         <run_address>0xb74</run_address>
         <size>0x124</size>
         <input_file_ref idref="fl-7"/>
      </object_component>
      <object_component id="oc-31c">
         <name>.text:Graphics_fillRectangle</name>
         <load_address>0xc98</load_address>
         <run_address>0xc98</run_address>
         <size>0x112</size>
         <input_file_ref idref="fl-1a"/>
      </object_component>
      <object_component id="oc-494">
         <name>.text</name>
         <load_address>0xdaa</load_address>
         <run_address>0xdaa</run_address>
         <size>0xfc</size>
         <input_file_ref idref="fl-da"/>
      </object_component>
      <object_component id="oc-522">
         <name>.text:_ZNSt9type_infoD1Ev</name>
         <load_address>0xea6</load_address>
         <run_address>0xea6</run_address>
         <size>0x2</size>
         <input_file_ref idref="fl-d8"/>
      </object_component>
      <object_component id="oc-53b">
         <name>.text:free</name>
         <load_address>0xea8</load_address>
         <run_address>0xea8</run_address>
         <size>0xe8</size>
         <input_file_ref idref="fl-e2"/>
      </object_component>
      <object_component id="oc-3f6">
         <name>.text:_ZN8CalcDiff3runEv</name>
         <load_address>0xf90</load_address>
         <run_address>0xf90</run_address>
         <size>0xe4</size>
         <input_file_ref idref="fl-2"/>
      </object_component>
      <object_component id="oc-147">
         <name>.text:_ZN9Scheduler6attachEhP4Tasky</name>
         <load_address>0x1074</load_address>
         <run_address>0x1074</run_address>
         <size>0xb8</size>
         <input_file_ref idref="fl-5"/>
      </object_component>
      <object_component id="oc-3b5">
         <name>.text:SPI_initMaster</name>
         <load_address>0x112c</load_address>
         <run_address>0x112c</run_address>
         <size>0xb0</size>
         <input_file_ref idref="fl-1f"/>
      </object_component>
      <object_component id="oc-34f">
         <name>.text:_ZN52_INTERNAL_30_Crystalfontz128x128_ST7735_cpp_acdafc1428Crystalfontz128x128_RectFillEPK16Graphics_DisplayPK18Graphics_Rectanglet</name>
         <load_address>0x11dc</load_address>
         <run_address>0x11dc</run_address>
         <size>0x9c</size>
         <input_file_ref idref="fl-9"/>
      </object_component>
      <object_component id="oc-38">
         <name>.text</name>
         <load_address>0x1278</load_address>
         <run_address>0x1278</run_address>
         <size>0x9c</size>
         <input_file_ref idref="fl-e5"/>
      </object_component>
      <object_component id="oc-3a8">
         <name>.text:GPIO_setAsPeripheralModuleFunctionOutputPin</name>
         <load_address>0x1314</load_address>
         <run_address>0x1314</run_address>
         <size>0x88</size>
         <input_file_ref idref="fl-1d"/>
      </object_component>
      <object_component id="oc-328">
         <name>.text:_ZN9Scheduler8CallTaskEh</name>
         <load_address>0x139c</load_address>
         <run_address>0x139c</run_address>
         <size>0x82</size>
         <input_file_ref idref="fl-5"/>
      </object_component>
      <object_component id="oc-c2">
         <name>.text:_ZN9SchedulerC1Ev</name>
         <load_address>0x141e</load_address>
         <run_address>0x141e</run_address>
         <size>0x7a</size>
         <input_file_ref idref="fl-5"/>
      </object_component>
      <object_component id="oc-cc">
         <name>.text:SystemInit</name>
         <load_address>0x1498</load_address>
         <run_address>0x1498</run_address>
         <size>0x78</size>
         <input_file_ref idref="fl-8"/>
      </object_component>
      <object_component id="oc-7a">
         <name>.text:ADC14_IRQHandler</name>
         <load_address>0x1510</load_address>
         <run_address>0x1510</run_address>
         <size>0x6c</size>
         <input_file_ref idref="fl-7"/>
      </object_component>
      <object_component id="oc-14">
         <name>.text:decompress:lzss:__TI_decompress_lzss</name>
         <load_address>0x157c</load_address>
         <run_address>0x157c</run_address>
         <size>0x68</size>
         <input_file_ref idref="fl-df"/>
      </object_component>
      <object_component id="oc-3e3">
         <name>.text:_ZN9ColorRect3runEv</name>
         <load_address>0x15e4</load_address>
         <run_address>0x15e4</run_address>
         <size>0x66</size>
         <input_file_ref idref="fl-3"/>
      </object_component>
      <object_component id="oc-343">
         <name>.text:_ZN52_INTERNAL_30_Crystalfontz128x128_ST7735_cpp_acdafc1429Crystalfontz128x128_LineDrawHEPK16Graphics_Displayssst</name>
         <load_address>0x164a</load_address>
         <run_address>0x164a</run_address>
         <size>0x60</size>
         <input_file_ref idref="fl-9"/>
      </object_component>
      <object_component id="oc-349">
         <name>.text:_ZN52_INTERNAL_30_Crystalfontz128x128_ST7735_cpp_acdafc1429Crystalfontz128x128_LineDrawVEPK16Graphics_Displayssst</name>
         <load_address>0x16aa</load_address>
         <run_address>0x16aa</run_address>
         <size>0x60</size>
         <input_file_ref idref="fl-9"/>
      </object_component>
      <object_component id="oc-423">
         <name>.text:_nop</name>
         <load_address>0x170a</load_address>
         <run_address>0x170a</run_address>
         <size>0x2</size>
         <input_file_ref idref="fl-e1"/>
      </object_component>
      <object_component id="oc-187">
         <name>.text:__TI_auto_init_nobinit:__TI_auto_init_nobinit</name>
         <load_address>0x170c</load_address>
         <run_address>0x170c</run_address>
         <size>0x60</size>
         <input_file_ref idref="fl-e7"/>
      </object_component>
      <object_component id="oc-153">
         <name>.text:_ZN4Task11SendMessageEPyh</name>
         <load_address>0x176c</load_address>
         <run_address>0x176c</run_address>
         <size>0x5e</size>
         <input_file_ref idref="fl-6"/>
      </object_component>
      <object_component id="oc-49e">
         <name>.text</name>
         <load_address>0x17ca</load_address>
         <run_address>0x17ca</run_address>
         <size>0x5c</size>
         <input_file_ref idref="fl-db"/>
      </object_component>
      <object_component id="oc-111">
         <name>.text:_Z34Crystalfontz128x128_SetOrientationh</name>
         <load_address>0x1828</load_address>
         <run_address>0x1828</run_address>
         <size>0x54</size>
         <input_file_ref idref="fl-9"/>
      </object_component>
      <object_component id="oc-117">
         <name>.text:Graphics_initContext</name>
         <load_address>0x187c</load_address>
         <run_address>0x187c</run_address>
         <size>0x52</size>
         <input_file_ref idref="fl-17"/>
      </object_component>
      <object_component id="oc-14d">
         <name>.text:_ZN9Scheduler5setupEv</name>
         <load_address>0x18ce</load_address>
         <run_address>0x18ce</run_address>
         <size>0x52</size>
         <input_file_ref idref="fl-5"/>
      </object_component>
      <object_component id="oc-310">
         <name>.text:_ZN29_INTERNAL_8_main_cpp_937618a818__NVIC_SetPriorityE4IRQnj</name>
         <load_address>0x1920</load_address>
         <run_address>0x1920</run_address>
         <size>0x48</size>
         <input_file_ref idref="fl-7"/>
      </object_component>
      <object_component id="oc-12f">
         <name>.text:_ZN9ColorRectC1E16Graphics_Context18Graphics_Rectangle</name>
         <load_address>0x1968</load_address>
         <run_address>0x1968</run_address>
         <size>0x48</size>
         <input_file_ref idref="fl-3"/>
      </object_component>
      <object_component id="oc-3ae">
         <name>.text:GPIO_setAsOutputPin</name>
         <load_address>0x19b0</load_address>
         <run_address>0x19b0</run_address>
         <size>0x40</size>
         <input_file_ref idref="fl-1d"/>
      </object_component>
      <object_component id="oc-2be">
         <name>.text:_Z15HAL_LCD_SpiInitv</name>
         <load_address>0x19f0</load_address>
         <run_address>0x19f0</run_address>
         <size>0x40</size>
         <input_file_ref idref="fl-a"/>
      </object_component>
      <object_component id="oc-337">
         <name>.text:_ZN52_INTERNAL_30_Crystalfontz128x128_ST7735_cpp_acdafc1429Crystalfontz128x128_PixelDrawEPK16Graphics_Displaysst</name>
         <load_address>0x1a30</load_address>
         <run_address>0x1a30</run_address>
         <size>0x40</size>
         <input_file_ref idref="fl-9"/>
      </object_component>
      <object_component id="oc-44d">
         <name>.text:is_A_Module</name>
         <load_address>0x1a70</load_address>
         <run_address>0x1a70</run_address>
         <size>0x40</size>
         <input_file_ref idref="fl-1f"/>
      </object_component>
      <object_component id="oc-2d0">
         <name>.text:_Z20HAL_LCD_writeCommandh</name>
         <load_address>0x1ab0</load_address>
         <run_address>0x1ab0</run_address>
         <size>0x38</size>
         <input_file_ref idref="fl-a"/>
      </object_component>
      <object_component id="oc-80">
         <name>.text:T32_INT1_IRQHandler</name>
         <load_address>0x1ae8</load_address>
         <run_address>0x1ae8</run_address>
         <size>0x34</size>
         <input_file_ref idref="fl-7"/>
      </object_component>
      <object_component id="oc-56">
         <name>.text:_c_int00_noargs:_c_int00_noargs</name>
         <load_address>0x1b1c</load_address>
         <run_address>0x1b1c</run_address>
         <size>0x34</size>
         <input_file_ref idref="fl-e3"/>
      </object_component>
      <object_component id="oc-2b8">
         <name>.text:_Z16HAL_LCD_PortInitv</name>
         <load_address>0x1b50</load_address>
         <run_address>0x1b50</run_address>
         <size>0x30</size>
         <input_file_ref idref="fl-a"/>
      </object_component>
      <object_component id="oc-316">
         <name>.text:_ZN29_INTERNAL_8_main_cpp_937618a816__NVIC_EnableIRQE4IRQn</name>
         <load_address>0x1b80</load_address>
         <run_address>0x1b80</run_address>
         <size>0x30</size>
         <input_file_ref idref="fl-7"/>
      </object_component>
      <object_component id="oc-2f9">
         <name>.text:_ZN4TaskC1Ev</name>
         <load_address>0x1bb0</load_address>
         <run_address>0x1bb0</run_address>
         <size>0x30</size>
         <input_file_ref idref="fl-6"/>
      </object_component>
      <object_component id="oc-13b">
         <name>.text:_ZN9Scheduler18AssignMemoryToTaskEh</name>
         <load_address>0x1be0</load_address>
         <run_address>0x1be0</run_address>
         <size>0x30</size>
         <input_file_ref idref="fl-5"/>
      </object_component>
      <object_component id="oc-2d6">
         <name>.text:_Z17HAL_LCD_writeDatah</name>
         <load_address>0x1c10</load_address>
         <run_address>0x1c10</run_address>
         <size>0x2c</size>
         <input_file_ref idref="fl-a"/>
      </object_component>
      <object_component id="oc-361">
         <name>.text:_ZN52_INTERNAL_30_Crystalfontz128x128_ST7735_cpp_acdafc1431Crystalfontz128x128_ClearScreenEPK16Graphics_Displayt</name>
         <load_address>0x1c3c</load_address>
         <run_address>0x1c3c</run_address>
         <size>0x2c</size>
         <input_file_ref idref="fl-9"/>
      </object_component>
      <object_component id="oc-48f">
         <name>.text</name>
         <load_address>0x1c68</load_address>
         <run_address>0x1c68</run_address>
         <size>0x2c</size>
         <input_file_ref idref="fl-dc"/>
      </object_component>
      <object_component id="oc-2ca">
         <name>.text:GPIO_setOutputHighOnPin</name>
         <load_address>0x1c94</load_address>
         <run_address>0x1c94</run_address>
         <size>0x28</size>
         <input_file_ref idref="fl-1d"/>
      </object_component>
      <object_component id="oc-2c4">
         <name>.text:GPIO_setOutputLowOnPin</name>
         <load_address>0x1cbc</load_address>
         <run_address>0x1cbc</run_address>
         <size>0x28</size>
         <input_file_ref idref="fl-1d"/>
      </object_component>
      <object_component id="oc-355">
         <name>.text:_ZN52_INTERNAL_30_Crystalfontz128x128_ST7735_cpp_acdafc1434Crystalfontz128x128_ColorTranslateEPK16Graphics_Displayj</name>
         <load_address>0x1ce4</load_address>
         <run_address>0x1ce4</run_address>
         <size>0x28</size>
         <input_file_ref idref="fl-9"/>
      </object_component>
      <object_component id="oc-55b">
         <name>.text:free_list_insert</name>
         <load_address>0x1d0c</load_address>
         <run_address>0x1d0c</run_address>
         <size>0x28</size>
         <input_file_ref idref="fl-e2"/>
      </object_component>
      <object_component id="oc-135">
         <name>.text:_ZN8CalcDiffC1Et</name>
         <load_address>0x1d34</load_address>
         <run_address>0x1d34</run_address>
         <size>0x24</size>
         <input_file_ref idref="fl-2"/>
      </object_component>
      <object_component id="oc-406">
         <name>.text:Graphics_fillRectangleOnDisplay</name>
         <load_address>0x1d58</load_address>
         <run_address>0x1d58</run_address>
         <size>0x1e</size>
         <input_file_ref idref="fl-18"/>
      </object_component>
      <object_component id="oc-d4">
         <name>.text:ADC14_getResult</name>
         <load_address>0x1d78</load_address>
         <run_address>0x1d78</run_address>
         <size>0x1c</size>
         <input_file_ref idref="fl-1c"/>
      </object_component>
      <object_component id="oc-3bb">
         <name>.text:SPI_enableModule</name>
         <load_address>0x1d94</load_address>
         <run_address>0x1d94</run_address>
         <size>0x1c</size>
         <input_file_ref idref="fl-1f"/>
      </object_component>
      <object_component id="oc-555">
         <name>.text:free_list_remove</name>
         <load_address>0x1db0</load_address>
         <run_address>0x1db0</run_address>
         <size>0x1c</size>
         <input_file_ref idref="fl-e2"/>
      </object_component>
      <object_component id="oc-123">
         <name>.text:Graphics_setBackgroundColor</name>
         <load_address>0x1dcc</load_address>
         <run_address>0x1dcc</run_address>
         <size>0x1a</size>
         <input_file_ref idref="fl-17"/>
      </object_component>
      <object_component id="oc-129">
         <name>.text:Graphics_setFont</name>
         <load_address>0x1de6</load_address>
         <run_address>0x1de6</run_address>
         <size>0x1a</size>
         <input_file_ref idref="fl-17"/>
      </object_component>
      <object_component id="oc-3fc">
         <name>.text:_ZN8CalcDiff5setupEv</name>
         <load_address>0x1e00</load_address>
         <run_address>0x1e00</run_address>
         <size>0x18</size>
         <input_file_ref idref="fl-2"/>
      </object_component>
      <object_component id="oc-455">
         <name>.text:EUSCI_A_SPI_enable</name>
         <load_address>0x1e18</load_address>
         <run_address>0x1e18</run_address>
         <size>0x16</size>
         <input_file_ref idref="fl-1f"/>
      </object_component>
      <object_component id="oc-45b">
         <name>.text:EUSCI_B_SPI_enable</name>
         <load_address>0x1e2e</load_address>
         <run_address>0x1e2e</run_address>
         <size>0x16</size>
         <input_file_ref idref="fl-1f"/>
      </object_component>
      <object_component id="oc-11d">
         <name>.text:Graphics_setForegroundColor</name>
         <load_address>0x1e44</load_address>
         <run_address>0x1e44</run_address>
         <size>0x16</size>
         <input_file_ref idref="fl-17"/>
      </object_component>
      <object_component id="oc-2f0">
         <name>.text:Graphics_translateColorOnDisplay</name>
         <load_address>0x1e5a</load_address>
         <run_address>0x1e5a</run_address>
         <size>0x16</size>
         <input_file_ref idref="fl-18"/>
      </object_component>
      <object_component id="oc-44">
         <name>.text:decompress:ZI:__TI_zero_init_nomemset:__TI_zero_init_nomemset</name>
         <load_address>0x1e70</load_address>
         <run_address>0x1e70</run_address>
         <size>0x12</size>
         <input_file_ref idref="fl-dd"/>
      </object_component>
      <object_component id="oc-68">
         <name>.text:__sti___8_main_cpp_937618a8</name>
         <load_address>0x1e84</load_address>
         <run_address>0x1e84</run_address>
         <size>0x10</size>
         <input_file_ref idref="fl-7"/>
      </object_component>
      <object_component id="oc-4f3">
         <name>.text:_ZN10__cxxabiv117__class_type_infoD0Ev</name>
         <load_address>0x1e94</load_address>
         <run_address>0x1e94</run_address>
         <size>0xe</size>
         <input_file_ref idref="fl-d6"/>
      </object_component>
      <object_component id="oc-4dc">
         <name>.text:_ZN10__cxxabiv120__si_class_type_infoD0Ev</name>
         <load_address>0x1ea2</load_address>
         <run_address>0x1ea2</run_address>
         <size>0xe</size>
         <input_file_ref idref="fl-d6"/>
      </object_component>
      <object_component id="oc-1a">
         <name>.text:decompress:none:__TI_decompress_none</name>
         <load_address>0x1eb0</load_address>
         <run_address>0x1eb0</run_address>
         <size>0xe</size>
         <input_file_ref idref="fl-de"/>
      </object_component>
      <object_component id="oc-6e">
         <name>.text:Reset_Handler</name>
         <load_address>0x1ebe</load_address>
         <run_address>0x1ebe</run_address>
         <size>0xc</size>
         <input_file_ref idref="fl-b"/>
      </object_component>
      <object_component id="oc-470">
         <name>.text:_ZN4Task3runEv</name>
         <load_address>0x1eca</load_address>
         <run_address>0x1eca</run_address>
         <size>0xc</size>
         <input_file_ref idref="fl-6"/>
      </object_component>
      <object_component id="oc-477">
         <name>.text:_ZN4Task5setupEv</name>
         <load_address>0x1ed6</load_address>
         <run_address>0x1ed6</run_address>
         <size>0xc</size>
         <input_file_ref idref="fl-6"/>
      </object_component>
      <object_component id="oc-3e9">
         <name>.text:_ZN9ColorRect5setupEv</name>
         <load_address>0x1ee2</load_address>
         <run_address>0x1ee2</run_address>
         <size>0xc</size>
         <input_file_ref idref="fl-3"/>
      </object_component>
      <object_component id="oc-32e">
         <name>.text:_ZN9Scheduler21CalculateNextScheduleEv</name>
         <load_address>0x1eee</load_address>
         <run_address>0x1eee</run_address>
         <size>0xc</size>
         <input_file_ref idref="fl-5"/>
      </object_component>
      <object_component id="oc-35b">
         <name>.text:_ZN52_INTERNAL_30_Crystalfontz128x128_ST7735_cpp_acdafc1425Crystalfontz128x128_FlushEPK16Graphics_Display</name>
         <load_address>0x1efa</load_address>
         <run_address>0x1efa</run_address>
         <size>0xa</size>
         <input_file_ref idref="fl-9"/>
      </object_component>
      <object_component id="oc-52a">
         <name>.text:_ZdlPv</name>
         <load_address>0x1f04</load_address>
         <run_address>0x1f04</run_address>
         <size>0x8</size>
         <input_file_ref idref="fl-d7"/>
      </object_component>
      <object_component id="oc-4ed">
         <name>.text:_ZN10__cxxabiv117__class_type_infoD1Ev</name>
         <load_address>0x1f0c</load_address>
         <run_address>0x1f0c</run_address>
         <size>0x4</size>
         <input_file_ref idref="fl-d6"/>
      </object_component>
      <object_component id="oc-4d6">
         <name>.text:_ZN10__cxxabiv120__si_class_type_infoD1Ev</name>
         <load_address>0x1f10</load_address>
         <run_address>0x1f10</run_address>
         <size>0x4</size>
         <input_file_ref idref="fl-d6"/>
      </object_component>
      <object_component id="oc-504">
         <name>.text:_ZdlPvj</name>
         <load_address>0x1f14</load_address>
         <run_address>0x1f14</run_address>
         <size>0x4</size>
         <input_file_ref idref="fl-d7"/>
      </object_component>
      <object_component id="oc-aa">
         <name>.text:_system_pre_init</name>
         <load_address>0x1f18</load_address>
         <run_address>0x1f18</run_address>
         <size>0x4</size>
         <input_file_ref idref="fl-e8"/>
      </object_component>
      <object_component id="oc-175">
         <name>.text:abort:abort</name>
         <load_address>0x1f1c</load_address>
         <run_address>0x1f1c</run_address>
         <size>0x4</size>
         <input_file_ref idref="fl-e0"/>
      </object_component>
      <object_component id="oc-369">
         <name>.const:.string:g_pucFontFixed6x8Data</name>
         <load_address>0x1f20</load_address>
         <run_address>0x1f20</run_address>
         <size>0x2f8</size>
         <input_file_ref idref="fl-19"/>
      </object_component>
      <object_component id="oc-166">
         <name>.const:g_sFontFixed6x8</name>
         <load_address>0x2218</load_address>
         <run_address>0x2218</run_address>
         <size>0xc8</size>
         <input_file_ref idref="fl-19"/>
      </object_component>
      <object_component id="oc-1c9">
         <name>.const:_ctlRegs</name>
         <load_address>0x22e0</load_address>
         <run_address>0x22e0</run_address>
         <size>0x80</size>
         <input_file_ref idref="fl-1c"/>
      </object_component>
      <object_component id="oc-3c5">
         <name>.const:GPIO_PORT_TO_BASE</name>
         <load_address>0x2360</load_address>
         <run_address>0x2360</run_address>
         <size>0x30</size>
         <input_file_ref idref="fl-1d"/>
      </object_component>
      <object_component id="oc-4f9">
         <name>.const:.typeinfo:_ZTSN10__cxxabiv120__si_class_type_infoE</name>
         <load_address>0x2390</load_address>
         <run_address>0x2390</run_address>
         <size>0x25</size>
         <input_file_ref idref="fl-d6"/>
      </object_component>
      <object_component id="oc-518">
         <name>.const:.typeinfo:_ZTSN10__cxxabiv117__class_type_infoE</name>
         <load_address>0x23b5</load_address>
         <run_address>0x23b5</run_address>
         <size>0x22</size>
         <input_file_ref idref="fl-d6"/>
      </object_component>
      <object_component id="oc-163">
         <name>.const:g_sCrystalfontz128x128_funcs</name>
         <load_address>0x23d8</load_address>
         <run_address>0x23d8</run_address>
         <size>0x20</size>
         <input_file_ref idref="fl-9"/>
      </object_component>
      <object_component id="oc-3c1">
         <name>.const:$P$T40$1</name>
         <load_address>0x23f8</load_address>
         <run_address>0x23f8</run_address>
         <size>0x1c</size>
         <input_file_ref idref="fl-a"/>
      </object_component>
      <object_component id="oc-3d8">
         <name>.const:_ZTV4Task</name>
         <load_address>0x2414</load_address>
         <run_address>0x2414</run_address>
         <size>0x10</size>
         <input_file_ref idref="fl-6"/>
      </object_component>
      <object_component id="oc-307">
         <name>.const:_ZTV8CalcDiff</name>
         <load_address>0x2424</load_address>
         <run_address>0x2424</run_address>
         <size>0x10</size>
         <input_file_ref idref="fl-2"/>
      </object_component>
      <object_component id="oc-2ff">
         <name>.const:_ZTV9ColorRect</name>
         <load_address>0x2434</load_address>
         <run_address>0x2434</run_address>
         <size>0x10</size>
         <input_file_ref idref="fl-3"/>
      </object_component>
      <object_component id="oc-4c7">
         <name>.const:_ZTVN10__cxxabiv117__class_type_infoE</name>
         <load_address>0x2444</load_address>
         <run_address>0x2444</run_address>
         <size>0x10</size>
         <input_file_ref idref="fl-d6"/>
      </object_component>
      <object_component id="oc-47e">
         <name>.const:_ZTVN10__cxxabiv120__si_class_type_infoE</name>
         <load_address>0x2454</load_address>
         <run_address>0x2454</run_address>
         <size>0x10</size>
         <input_file_ref idref="fl-d6"/>
      </object_component>
      <object_component id="oc-533">
         <name>.const:.typeinfo:_ZTSSt9type_info</name>
         <load_address>0x2464</load_address>
         <run_address>0x2464</run_address>
         <size>0xd</size>
         <input_file_ref idref="fl-d8"/>
      </object_component>
      <object_component id="oc-3f1">
         <name>.const:.typeinfo:_ZTI8CalcDiff</name>
         <load_address>0x2474</load_address>
         <run_address>0x2474</run_address>
         <size>0xc</size>
         <input_file_ref idref="fl-2"/>
      </object_component>
      <object_component id="oc-3de">
         <name>.const:.typeinfo:_ZTI9ColorRect</name>
         <load_address>0x2480</load_address>
         <run_address>0x2480</run_address>
         <size>0xc</size>
         <input_file_ref idref="fl-3"/>
      </object_component>
      <object_component id="oc-4e8">
         <name>.const:.typeinfo:_ZTIN10__cxxabiv117__class_type_infoE</name>
         <load_address>0x248c</load_address>
         <run_address>0x248c</run_address>
         <size>0xc</size>
         <input_file_ref idref="fl-d6"/>
      </object_component>
      <object_component id="oc-4d1">
         <name>.const:.typeinfo:_ZTIN10__cxxabiv120__si_class_type_infoE</name>
         <load_address>0x2498</load_address>
         <run_address>0x2498</run_address>
         <size>0xc</size>
         <input_file_ref idref="fl-d6"/>
      </object_component>
      <object_component id="oc-483">
         <name>.const:.typeinfo:_ZTS9ColorRect</name>
         <load_address>0x24a4</load_address>
         <run_address>0x24a4</run_address>
         <size>0xb</size>
         <input_file_ref idref="fl-3"/>
      </object_component>
      <object_component id="oc-48a">
         <name>.const:.typeinfo:_ZTS8CalcDiff</name>
         <load_address>0x24af</load_address>
         <run_address>0x24af</run_address>
         <size>0xa</size>
         <input_file_ref idref="fl-2"/>
      </object_component>
      <object_component id="oc-419">
         <name>.const:$P$T40$1</name>
         <load_address>0x24ba</load_address>
         <run_address>0x24ba</run_address>
         <size>0x8</size>
         <input_file_ref idref="fl-9"/>
      </object_component>
      <object_component id="oc-46b">
         <name>.const:.typeinfo:_ZTI4Task</name>
         <load_address>0x24c4</load_address>
         <run_address>0x24c4</run_address>
         <size>0x8</size>
         <input_file_ref idref="fl-2"/>
      </object_component>
      <object_component id="oc-51d">
         <name>.const:.typeinfo:_ZTISt9type_info</name>
         <load_address>0x24cc</load_address>
         <run_address>0x24cc</run_address>
         <size>0x8</size>
         <input_file_ref idref="fl-d8"/>
      </object_component>
      <object_component id="oc-4cc">
         <name>.const:.typeinfo:_ZTS4Task</name>
         <load_address>0x24d4</load_address>
         <run_address>0x24d4</run_address>
         <size>0x6</size>
         <input_file_ref idref="fl-2"/>
      </object_component>
      <object_component id="oc-598">
         <name>.cinit..data.load</name>
         <load_address>0x24e0</load_address>
         <run_address>0x24e0</run_address>
         <size>0x17</size>
      </object_component>
      <object_component id="oc-596">
         <name>__TI_handler_table</name>
         <load_address>0x24f8</load_address>
         <run_address>0x24f8</run_address>
         <size>0xc</size>
      </object_component>
      <object_component id="oc-599">
         <name>.cinit..bss.load</name>
         <load_address>0x2508</load_address>
         <run_address>0x2508</run_address>
         <size>0x8</size>
      </object_component>
      <object_component id="oc-597">
         <name>__TI_cinit_table</name>
         <load_address>0x2510</load_address>
         <run_address>0x2510</run_address>
         <size>0x10</size>
      </object_component>
      <object_component id="oc-23">
         <name>.init_array</name>
         <load_address>0x24dc</load_address>
         <run_address>0x24dc</run_address>
         <size>0x4</size>
         <input_file_ref idref="fl-7"/>
      </object_component>
      <object_component id="oc-59a">
         <name>SHT$$INIT_ARRAY$$Limit</name>
         <load_address>0x24e0</load_address>
         <run_address>0x24e0</run_address>
         <size>0x0</size>
      </object_component>
      <object_component id="oc-56b">
         <name>.binit</name>
         <load_address>0x0</load_address>
         <run_address>0x0</run_address>
         <size>0x0</size>
      </object_component>
      <object_component id="oc-e4">
         <name>.data</name>
         <load_address>0x20000aa8</load_address>
         <run_address>0x20000aa8</run_address>
         <size>0x9</size>
         <input_file_ref idref="fl-7"/>
      </object_component>
      <object_component id="oc-160">
         <name>.data:g_sCrystalfontz128x128</name>
         <load_address>0x20000a98</load_address>
         <run_address>0x20000a98</run_address>
         <size>0x10</size>
         <input_file_ref idref="fl-9"/>
      </object_component>
      <object_component id="oc-373">
         <name>.data:$O1$$</name>
         <load_address>0x20000ab4</load_address>
         <run_address>0x20000ab4</run_address>
         <size>0x8</size>
         <input_file_ref idref="fl-e1"/>
      </object_component>
      <object_component id="oc-562">
         <name>.data:$O1$$</name>
         <load_address>0x20000abc</load_address>
         <run_address>0x20000abc</run_address>
         <size>0x8</size>
         <input_file_ref idref="fl-e2"/>
      </object_component>
      <object_component id="oc-c8">
         <name>.bss:g_MainScheduler</name>
         <uninitialized>true</uninitialized>
         <run_address>0x20000800</run_address>
         <size>0x250</size>
         <input_file_ref idref="fl-7"/>
      </object_component>
      <object_component id="oc-15f">
         <name>.common:g_sContext</name>
         <uninitialized>true</uninitialized>
         <run_address>0x20000a50</run_address>
         <size>0x1c</size>
      </object_component>
      <object_component id="oc-da">
         <name>.common:resultsBuffer</name>
         <uninitialized>true</uninitialized>
         <run_address>0x20000a70</run_address>
         <size>0x18</size>
      </object_component>
      <object_component id="oc-169">
         <name>.common:g_rect</name>
         <uninitialized>true</uninitialized>
         <run_address>0x20000a88</run_address>
         <size>0x8</size>
      </object_component>
      <object_component id="oc-2ec">
         <name>.common:Lcd_Orientation</name>
         <uninitialized>true</uninitialized>
         <run_address>0x20000a94</run_address>
         <size>0x1</size>
      </object_component>
      <object_component id="oc-2e2">
         <name>.common:Lcd_ScreenWidth</name>
         <uninitialized>true</uninitialized>
         <run_address>0x20000a6e</run_address>
         <size>0x2</size>
      </object_component>
      <object_component id="oc-2e6">
         <name>.common:Lcd_ScreenHeigth</name>
         <uninitialized>true</uninitialized>
         <run_address>0x20000a6c</run_address>
         <size>0x2</size>
      </object_component>
      <object_component id="oc-2e7">
         <name>.common:Lcd_PenSolid</name>
         <uninitialized>true</uninitialized>
         <run_address>0x20000a95</run_address>
         <size>0x1</size>
      </object_component>
      <object_component id="oc-2e8">
         <name>.common:Lcd_FontSolid</name>
         <uninitialized>true</uninitialized>
         <run_address>0x20000a93</run_address>
         <size>0x1</size>
      </object_component>
      <object_component id="oc-2e9">
         <name>.common:Lcd_FlagRead</name>
         <uninitialized>true</uninitialized>
         <run_address>0x20000a92</run_address>
         <size>0x1</size>
      </object_component>
      <object_component id="oc-2ea">
         <name>.common:Lcd_TouchTrim</name>
         <uninitialized>true</uninitialized>
         <run_address>0x20000a90</run_address>
         <size>0x2</size>
      </object_component>
      <object_component id="oc-27">
         <name>.sysmem</name>
         <uninitialized>true</uninitialized>
         <run_address>0x20000000</run_address>
         <size>0x10</size>
         <input_file_ref idref="fl-e2"/>
      </object_component>
      <object_component id="oc-59c">
         <name>.sysmem</name>
         <uninitialized>true</uninitialized>
         <run_address>0x20000000</run_address>
         <size>0x0</size>
      </object_component>
      <object_component id="oc-2a">
         <name>.stack</name>
         <uninitialized>true</uninitialized>
         <run_address>0x2000fe00</run_address>
         <size>0x4</size>
         <input_file_ref idref="fl-e3"/>
      </object_component>
      <object_component id="oc-59b">
         <name>.stack</name>
         <uninitialized>true</uninitialized>
         <run_address>0x2000fe00</run_address>
         <size>0x0</size>
      </object_component>
      <object_component id="oc-30d">
         <name>.debug_info</name>
         <load_address>0x0</load_address>
         <run_address>0x0</run_address>
         <size>0xdfd3</size>
         <input_file_ref idref="fl-2"/>
      </object_component>
      <object_component id="oc-308">
         <name>.debug_info</name>
         <load_address>0xdfd3</load_address>
         <run_address>0xdfd3</run_address>
         <size>0xfd</size>
         <input_file_ref idref="fl-2"/>
      </object_component>
      <object_component id="oc-3f2">
         <name>.debug_info</name>
         <load_address>0xe0d0</load_address>
         <run_address>0xe0d0</run_address>
         <size>0xef</size>
         <input_file_ref idref="fl-2"/>
      </object_component>
      <object_component id="oc-46c">
         <name>.debug_info</name>
         <load_address>0xe1bf</load_address>
         <run_address>0xe1bf</run_address>
         <size>0xe7</size>
         <input_file_ref idref="fl-2"/>
      </object_component>
      <object_component id="oc-4cd">
         <name>.debug_info</name>
         <load_address>0xe2a6</load_address>
         <run_address>0xe2a6</run_address>
         <size>0xec</size>
         <input_file_ref idref="fl-2"/>
      </object_component>
      <object_component id="oc-48b">
         <name>.debug_info</name>
         <load_address>0xe392</load_address>
         <run_address>0xe392</run_address>
         <size>0xf4</size>
         <input_file_ref idref="fl-2"/>
      </object_component>
      <object_component id="oc-136">
         <name>.debug_info</name>
         <load_address>0xe486</load_address>
         <run_address>0xe486</run_address>
         <size>0x17b</size>
         <input_file_ref idref="fl-2"/>
      </object_component>
      <object_component id="oc-3f7">
         <name>.debug_info</name>
         <load_address>0xe601</load_address>
         <run_address>0xe601</run_address>
         <size>0x24d</size>
         <input_file_ref idref="fl-2"/>
      </object_component>
      <object_component id="oc-3fd">
         <name>.debug_info</name>
         <load_address>0xe84e</load_address>
         <run_address>0xe84e</run_address>
         <size>0x13e</size>
         <input_file_ref idref="fl-2"/>
      </object_component>
      <object_component id="oc-1e3">
         <name>.debug_info</name>
         <load_address>0xe98c</load_address>
         <run_address>0xe98c</run_address>
         <size>0x36fc</size>
         <input_file_ref idref="fl-2"/>
      </object_component>
      <object_component id="oc-1d9">
         <name>.debug_info</name>
         <load_address>0x12088</load_address>
         <run_address>0x12088</run_address>
         <size>0x139b</size>
         <input_file_ref idref="fl-2"/>
      </object_component>
      <object_component id="oc-1de">
         <name>.debug_info</name>
         <load_address>0x13423</load_address>
         <run_address>0x13423</run_address>
         <size>0x46de</size>
         <input_file_ref idref="fl-2"/>
      </object_component>
      <object_component id="oc-20b">
         <name>.debug_info</name>
         <load_address>0x17b01</load_address>
         <run_address>0x17b01</run_address>
         <size>0x1342</size>
         <input_file_ref idref="fl-2"/>
      </object_component>
      <object_component id="oc-16b">
         <name>.debug_info</name>
         <load_address>0x18e43</load_address>
         <run_address>0x18e43</run_address>
         <size>0x10a</size>
         <input_file_ref idref="fl-2"/>
      </object_component>
      <object_component id="oc-1e8">
         <name>.debug_info</name>
         <load_address>0x18f4d</load_address>
         <run_address>0x18f4d</run_address>
         <size>0x57e</size>
         <input_file_ref idref="fl-2"/>
      </object_component>
      <object_component id="oc-1b4">
         <name>.debug_info</name>
         <load_address>0x194cb</load_address>
         <run_address>0x194cb</run_address>
         <size>0x2c8</size>
         <input_file_ref idref="fl-2"/>
      </object_component>
      <object_component id="oc-1f2">
         <name>.debug_info</name>
         <load_address>0x19793</load_address>
         <run_address>0x19793</run_address>
         <size>0x221</size>
         <input_file_ref idref="fl-2"/>
      </object_component>
      <object_component id="oc-1f7">
         <name>.debug_info</name>
         <load_address>0x199b4</load_address>
         <run_address>0x199b4</run_address>
         <size>0x73</size>
         <input_file_ref idref="fl-2"/>
      </object_component>
      <object_component id="oc-1fc">
         <name>.debug_info</name>
         <load_address>0x19a27</load_address>
         <run_address>0x19a27</run_address>
         <size>0x223</size>
         <input_file_ref idref="fl-2"/>
      </object_component>
      <object_component id="oc-201">
         <name>.debug_info</name>
         <load_address>0x19c4a</load_address>
         <run_address>0x19c4a</run_address>
         <size>0xd0</size>
         <input_file_ref idref="fl-2"/>
      </object_component>
      <object_component id="oc-206">
         <name>.debug_info</name>
         <load_address>0x19d1a</load_address>
         <run_address>0x19d1a</run_address>
         <size>0xbc</size>
         <input_file_ref idref="fl-2"/>
      </object_component>
      <object_component id="oc-210">
         <name>.debug_info</name>
         <load_address>0x19dd6</load_address>
         <run_address>0x19dd6</run_address>
         <size>0xf8</size>
         <input_file_ref idref="fl-2"/>
      </object_component>
      <object_component id="oc-215">
         <name>.debug_info</name>
         <load_address>0x19ece</load_address>
         <run_address>0x19ece</run_address>
         <size>0x46d</size>
         <input_file_ref idref="fl-2"/>
      </object_component>
      <object_component id="oc-251">
         <name>.debug_info</name>
         <load_address>0x1a33b</load_address>
         <run_address>0x1a33b</run_address>
         <size>0x1c0</size>
         <input_file_ref idref="fl-2"/>
      </object_component>
      <object_component id="oc-21a">
         <name>.debug_info</name>
         <load_address>0x1a4fb</load_address>
         <run_address>0x1a4fb</run_address>
         <size>0x7c6c</size>
         <input_file_ref idref="fl-2"/>
      </object_component>
      <object_component id="oc-256">
         <name>.debug_info</name>
         <load_address>0x22167</load_address>
         <run_address>0x22167</run_address>
         <size>0x1c6</size>
         <input_file_ref idref="fl-2"/>
      </object_component>
      <object_component id="oc-229">
         <name>.debug_info</name>
         <load_address>0x2232d</load_address>
         <run_address>0x2232d</run_address>
         <size>0x3ac1</size>
         <input_file_ref idref="fl-2"/>
      </object_component>
      <object_component id="oc-28d">
         <name>.debug_info</name>
         <load_address>0x25dee</load_address>
         <run_address>0x25dee</run_address>
         <size>0x29e6</size>
         <input_file_ref idref="fl-2"/>
      </object_component>
      <object_component id="oc-21f">
         <name>.debug_info</name>
         <load_address>0x287d4</load_address>
         <run_address>0x287d4</run_address>
         <size>0x763</size>
         <input_file_ref idref="fl-2"/>
      </object_component>
      <object_component id="oc-1bb">
         <name>.debug_info</name>
         <load_address>0x28f37</load_address>
         <run_address>0x28f37</run_address>
         <size>0x8b</size>
         <input_file_ref idref="fl-2"/>
      </object_component>
      <object_component id="oc-242">
         <name>.debug_info</name>
         <load_address>0x28fc2</load_address>
         <run_address>0x28fc2</run_address>
         <size>0x2c</size>
         <input_file_ref idref="fl-2"/>
      </object_component>
      <object_component id="oc-2a1">
         <name>.debug_info</name>
         <load_address>0x28fee</load_address>
         <run_address>0x28fee</run_address>
         <size>0x198</size>
         <input_file_ref idref="fl-2"/>
      </object_component>
      <object_component id="oc-292">
         <name>.debug_info</name>
         <load_address>0x29186</load_address>
         <run_address>0x29186</run_address>
         <size>0x201</size>
         <input_file_ref idref="fl-2"/>
      </object_component>
      <object_component id="oc-23d">
         <name>.debug_info</name>
         <load_address>0x29387</load_address>
         <run_address>0x29387</run_address>
         <size>0x25f</size>
         <input_file_ref idref="fl-2"/>
      </object_component>
      <object_component id="oc-260">
         <name>.debug_info</name>
         <load_address>0x295e6</load_address>
         <run_address>0x295e6</run_address>
         <size>0x11e</size>
         <input_file_ref idref="fl-2"/>
      </object_component>
      <object_component id="oc-29c">
         <name>.debug_info</name>
         <load_address>0x29704</load_address>
         <run_address>0x29704</run_address>
         <size>0x2c1</size>
         <input_file_ref idref="fl-2"/>
      </object_component>
      <object_component id="oc-25b">
         <name>.debug_info</name>
         <load_address>0x299c5</load_address>
         <run_address>0x299c5</run_address>
         <size>0xea</size>
         <input_file_ref idref="fl-2"/>
      </object_component>
      <object_component id="oc-24c">
         <name>.debug_info</name>
         <load_address>0x29aaf</load_address>
         <run_address>0x29aaf</run_address>
         <size>0xa0a</size>
         <input_file_ref idref="fl-2"/>
      </object_component>
      <object_component id="oc-279">
         <name>.debug_info</name>
         <load_address>0x2a4b9</load_address>
         <run_address>0x2a4b9</run_address>
         <size>0x2c9</size>
         <input_file_ref idref="fl-2"/>
      </object_component>
      <object_component id="oc-2ab">
         <name>.debug_info</name>
         <load_address>0x2a782</load_address>
         <run_address>0x2a782</run_address>
         <size>0xef</size>
         <input_file_ref idref="fl-2"/>
      </object_component>
      <object_component id="oc-df">
         <name>.debug_info</name>
         <load_address>0x2a871</load_address>
         <run_address>0x2a871</run_address>
         <size>0xbb</size>
         <input_file_ref idref="fl-2"/>
      </object_component>
      <object_component id="oc-26a">
         <name>.debug_info</name>
         <load_address>0x2a92c</load_address>
         <run_address>0x2a92c</run_address>
         <size>0x2a1</size>
         <input_file_ref idref="fl-2"/>
      </object_component>
      <object_component id="oc-22e">
         <name>.debug_info</name>
         <load_address>0x2abcd</load_address>
         <run_address>0x2abcd</run_address>
         <size>0x4fb</size>
         <input_file_ref idref="fl-2"/>
      </object_component>
      <object_component id="oc-238">
         <name>.debug_info</name>
         <load_address>0x2b0c8</load_address>
         <run_address>0x2b0c8</run_address>
         <size>0x1ae7</size>
         <input_file_ref idref="fl-2"/>
      </object_component>
      <object_component id="oc-247">
         <name>.debug_info</name>
         <load_address>0x2cbaf</load_address>
         <run_address>0x2cbaf</run_address>
         <size>0x8c5</size>
         <input_file_ref idref="fl-2"/>
      </object_component>
      <object_component id="oc-397">
         <name>.debug_info</name>
         <load_address>0x2d474</load_address>
         <run_address>0x2d474</run_address>
         <size>0x5c</size>
         <input_file_ref idref="fl-2"/>
      </object_component>
      <object_component id="oc-224">
         <name>.debug_info</name>
         <load_address>0x2d4d0</load_address>
         <run_address>0x2d4d0</run_address>
         <size>0x46</size>
         <input_file_ref idref="fl-2"/>
      </object_component>
      <object_component id="oc-26f">
         <name>.debug_info</name>
         <load_address>0x2d516</load_address>
         <run_address>0x2d516</run_address>
         <size>0xe4</size>
         <input_file_ref idref="fl-2"/>
      </object_component>
      <object_component id="oc-233">
         <name>.debug_info</name>
         <load_address>0x2d5fa</load_address>
         <run_address>0x2d5fa</run_address>
         <size>0x519</size>
         <input_file_ref idref="fl-2"/>
      </object_component>
      <object_component id="oc-265">
         <name>.debug_info</name>
         <load_address>0x2db13</load_address>
         <run_address>0x2db13</run_address>
         <size>0x626</size>
         <input_file_ref idref="fl-2"/>
      </object_component>
      <object_component id="oc-274">
         <name>.debug_info</name>
         <load_address>0x2e139</load_address>
         <run_address>0x2e139</run_address>
         <size>0x401</size>
         <input_file_ref idref="fl-2"/>
      </object_component>
      <object_component id="oc-27e">
         <name>.debug_info</name>
         <load_address>0x2e53a</load_address>
         <run_address>0x2e53a</run_address>
         <size>0x195</size>
         <input_file_ref idref="fl-2"/>
      </object_component>
      <object_component id="oc-283">
         <name>.debug_info</name>
         <load_address>0x2e6cf</load_address>
         <run_address>0x2e6cf</run_address>
         <size>0x120</size>
         <input_file_ref idref="fl-2"/>
      </object_component>
      <object_component id="oc-288">
         <name>.debug_info</name>
         <load_address>0x2e7ef</load_address>
         <run_address>0x2e7ef</run_address>
         <size>0x35</size>
         <input_file_ref idref="fl-2"/>
      </object_component>
      <object_component id="oc-297">
         <name>.debug_info</name>
         <load_address>0x2e824</load_address>
         <run_address>0x2e824</run_address>
         <size>0x21e</size>
         <input_file_ref idref="fl-2"/>
      </object_component>
      <object_component id="oc-2a6">
         <name>.debug_info</name>
         <load_address>0x2ea42</load_address>
         <run_address>0x2ea42</run_address>
         <size>0xd0</size>
         <input_file_ref idref="fl-2"/>
      </object_component>
      <object_component id="oc-305">
         <name>.debug_info</name>
         <load_address>0x2eb12</load_address>
         <run_address>0x2eb12</run_address>
         <size>0xe037</size>
         <input_file_ref idref="fl-3"/>
      </object_component>
      <object_component id="oc-300">
         <name>.debug_info</name>
         <load_address>0x3cb49</load_address>
         <run_address>0x3cb49</run_address>
         <size>0x100</size>
         <input_file_ref idref="fl-3"/>
      </object_component>
      <object_component id="oc-3df">
         <name>.debug_info</name>
         <load_address>0x3cc49</load_address>
         <run_address>0x3cc49</run_address>
         <size>0xf2</size>
         <input_file_ref idref="fl-3"/>
      </object_component>
      <object_component id="oc-484">
         <name>.debug_info</name>
         <load_address>0x3cd3b</load_address>
         <run_address>0x3cd3b</run_address>
         <size>0xf7</size>
         <input_file_ref idref="fl-3"/>
      </object_component>
      <object_component id="oc-130">
         <name>.debug_info</name>
         <load_address>0x3ce32</load_address>
         <run_address>0x3ce32</run_address>
         <size>0x19c</size>
         <input_file_ref idref="fl-3"/>
      </object_component>
      <object_component id="oc-3e4">
         <name>.debug_info</name>
         <load_address>0x3cfce</load_address>
         <run_address>0x3cfce</run_address>
         <size>0x195</size>
         <input_file_ref idref="fl-3"/>
      </object_component>
      <object_component id="oc-3ea">
         <name>.debug_info</name>
         <load_address>0x3d163</load_address>
         <run_address>0x3d163</run_address>
         <size>0x142</size>
         <input_file_ref idref="fl-3"/>
      </object_component>
      <object_component id="oc-170">
         <name>.debug_info</name>
         <load_address>0x3d2a5</load_address>
         <run_address>0x3d2a5</run_address>
         <size>0x123</size>
         <input_file_ref idref="fl-3"/>
      </object_component>
      <object_component id="oc-395">
         <name>.debug_info</name>
         <load_address>0x3d3c8</load_address>
         <run_address>0x3d3c8</run_address>
         <size>0xd9f5</size>
         <input_file_ref idref="fl-4"/>
      </object_component>
      <object_component id="oc-1ed">
         <name>.debug_info</name>
         <load_address>0x4adbd</load_address>
         <run_address>0x4adbd</run_address>
         <size>0x129</size>
         <input_file_ref idref="fl-4"/>
      </object_component>
      <object_component id="oc-1b9">
         <name>.debug_info</name>
         <load_address>0x4aee6</load_address>
         <run_address>0x4aee6</run_address>
         <size>0xd42c</size>
         <input_file_ref idref="fl-5"/>
      </object_component>
      <object_component id="oc-c3">
         <name>.debug_info</name>
         <load_address>0x58312</load_address>
         <run_address>0x58312</run_address>
         <size>0x17e</size>
         <input_file_ref idref="fl-5"/>
      </object_component>
      <object_component id="oc-329">
         <name>.debug_info</name>
         <load_address>0x58490</load_address>
         <run_address>0x58490</run_address>
         <size>0x197</size>
         <input_file_ref idref="fl-5"/>
      </object_component>
      <object_component id="oc-148">
         <name>.debug_info</name>
         <load_address>0x58627</load_address>
         <run_address>0x58627</run_address>
         <size>0x21e</size>
         <input_file_ref idref="fl-5"/>
      </object_component>
      <object_component id="oc-15a">
         <name>.debug_info</name>
         <load_address>0x58845</load_address>
         <run_address>0x58845</run_address>
         <size>0x227</size>
         <input_file_ref idref="fl-5"/>
      </object_component>
      <object_component id="oc-14e">
         <name>.debug_info</name>
         <load_address>0x58a6c</load_address>
         <run_address>0x58a6c</run_address>
         <size>0x1b7</size>
         <input_file_ref idref="fl-5"/>
      </object_component>
      <object_component id="oc-13c">
         <name>.debug_info</name>
         <load_address>0x58c23</load_address>
         <run_address>0x58c23</run_address>
         <size>0x1c2</size>
         <input_file_ref idref="fl-5"/>
      </object_component>
      <object_component id="oc-32f">
         <name>.debug_info</name>
         <load_address>0x58de5</load_address>
         <run_address>0x58de5</run_address>
         <size>0x163</size>
         <input_file_ref idref="fl-5"/>
      </object_component>
      <object_component id="oc-326">
         <name>.debug_info</name>
         <load_address>0x58f48</load_address>
         <run_address>0x58f48</run_address>
         <size>0xd83c</size>
         <input_file_ref idref="fl-6"/>
      </object_component>
      <object_component id="oc-3d9">
         <name>.debug_info</name>
         <load_address>0x66784</load_address>
         <run_address>0x66784</run_address>
         <size>0xf1</size>
         <input_file_ref idref="fl-6"/>
      </object_component>
      <object_component id="oc-471">
         <name>.debug_info</name>
         <load_address>0x66875</load_address>
         <run_address>0x66875</run_address>
         <size>0x12a</size>
         <input_file_ref idref="fl-6"/>
      </object_component>
      <object_component id="oc-478">
         <name>.debug_info</name>
         <load_address>0x6699f</load_address>
         <run_address>0x6699f</run_address>
         <size>0x12e</size>
         <input_file_ref idref="fl-6"/>
      </object_component>
      <object_component id="oc-2fa">
         <name>.debug_info</name>
         <load_address>0x66acd</load_address>
         <run_address>0x66acd</run_address>
         <size>0x129</size>
         <input_file_ref idref="fl-6"/>
      </object_component>
      <object_component id="oc-154">
         <name>.debug_info</name>
         <load_address>0x66bf6</load_address>
         <run_address>0x66bf6</run_address>
         <size>0x18d</size>
         <input_file_ref idref="fl-6"/>
      </object_component>
      <object_component id="oc-db">
         <name>.debug_info</name>
         <load_address>0x66d83</load_address>
         <run_address>0x66d83</run_address>
         <size>0xe021</size>
         <input_file_ref idref="fl-7"/>
      </object_component>
      <object_component id="oc-e5">
         <name>.debug_info</name>
         <load_address>0x74da4</load_address>
         <run_address>0x74da4</run_address>
         <size>0x124</size>
         <input_file_ref idref="fl-7"/>
      </object_component>
      <object_component id="oc-c9">
         <name>.debug_info</name>
         <load_address>0x74ec8</load_address>
         <run_address>0x74ec8</run_address>
         <size>0xe7</size>
         <input_file_ref idref="fl-7"/>
      </object_component>
      <object_component id="oc-317">
         <name>.debug_info</name>
         <load_address>0x74faf</load_address>
         <run_address>0x74faf</run_address>
         <size>0x20e</size>
         <input_file_ref idref="fl-7"/>
      </object_component>
      <object_component id="oc-311">
         <name>.debug_info</name>
         <load_address>0x751bd</load_address>
         <run_address>0x751bd</run_address>
         <size>0x242</size>
         <input_file_ref idref="fl-7"/>
      </object_component>
      <object_component id="oc-b1">
         <name>.debug_info</name>
         <load_address>0x753ff</load_address>
         <run_address>0x753ff</run_address>
         <size>0x38b</size>
         <input_file_ref idref="fl-7"/>
      </object_component>
      <object_component id="oc-142">
         <name>.debug_info</name>
         <load_address>0x7578a</load_address>
         <run_address>0x7578a</run_address>
         <size>0x209</size>
         <input_file_ref idref="fl-7"/>
      </object_component>
      <object_component id="oc-81">
         <name>.debug_info</name>
         <load_address>0x75993</load_address>
         <run_address>0x75993</run_address>
         <size>0x11d</size>
         <input_file_ref idref="fl-7"/>
      </object_component>
      <object_component id="oc-7b">
         <name>.debug_info</name>
         <load_address>0x75ab0</load_address>
         <run_address>0x75ab0</run_address>
         <size>0x17d</size>
         <input_file_ref idref="fl-7"/>
      </object_component>
      <object_component id="oc-69">
         <name>.debug_info</name>
         <load_address>0x75c2d</load_address>
         <run_address>0x75c2d</run_address>
         <size>0x126</size>
         <input_file_ref idref="fl-7"/>
      </object_component>
      <object_component id="oc-2b7">
         <name>.debug_info</name>
         <load_address>0x75d53</load_address>
         <run_address>0x75d53</run_address>
         <size>0x53c</size>
         <input_file_ref idref="fl-8"/>
      </object_component>
      <object_component id="oc-cd">
         <name>.debug_info</name>
         <load_address>0x7628f</load_address>
         <run_address>0x7628f</run_address>
         <size>0x132</size>
         <input_file_ref idref="fl-8"/>
      </object_component>
      <object_component id="oc-39e">
         <name>.debug_info</name>
         <load_address>0x763c1</load_address>
         <run_address>0x763c1</run_address>
         <size>0x37e2</size>
         <input_file_ref idref="fl-8"/>
      </object_component>
      <object_component id="oc-3a3">
         <name>.debug_info</name>
         <load_address>0x79ba3</load_address>
         <run_address>0x79ba3</run_address>
         <size>0x1055</size>
         <input_file_ref idref="fl-8"/>
      </object_component>
      <object_component id="oc-ea">
         <name>.debug_info</name>
         <load_address>0x7abf8</load_address>
         <run_address>0x7abf8</run_address>
         <size>0x26b</size>
         <input_file_ref idref="fl-8"/>
      </object_component>
      <object_component id="oc-33">
         <name>.debug_info</name>
         <load_address>0x7ae63</load_address>
         <run_address>0x7ae63</run_address>
         <size>0x84</size>
         <input_file_ref idref="fl-8"/>
      </object_component>
      <object_component id="oc-2b2">
         <name>.debug_info</name>
         <load_address>0x7aee7</load_address>
         <run_address>0x7aee7</run_address>
         <size>0x297</size>
         <input_file_ref idref="fl-8"/>
      </object_component>
      <object_component id="oc-1cd">
         <name>.debug_info</name>
         <load_address>0x7b17e</load_address>
         <run_address>0x7b17e</run_address>
         <size>0xef</size>
         <input_file_ref idref="fl-8"/>
      </object_component>
      <object_component id="oc-1d2">
         <name>.debug_info</name>
         <load_address>0x7b26d</load_address>
         <run_address>0x7b26d</run_address>
         <size>0xbb</size>
         <input_file_ref idref="fl-8"/>
      </object_component>
      <object_component id="oc-2e3">
         <name>.debug_info</name>
         <load_address>0x7b328</load_address>
         <run_address>0x7b328</run_address>
         <size>0x1f75</size>
         <input_file_ref idref="fl-9"/>
      </object_component>
      <object_component id="oc-161">
         <name>.debug_info</name>
         <load_address>0x7d29d</load_address>
         <run_address>0x7d29d</run_address>
         <size>0x116</size>
         <input_file_ref idref="fl-9"/>
      </object_component>
      <object_component id="oc-164">
         <name>.debug_info</name>
         <load_address>0x7d3b3</load_address>
         <run_address>0x7d3b3</run_address>
         <size>0x122</size>
         <input_file_ref idref="fl-9"/>
      </object_component>
      <object_component id="oc-41a">
         <name>.debug_info</name>
         <load_address>0x7d4d5</load_address>
         <run_address>0x7d4d5</run_address>
         <size>0xf9</size>
         <input_file_ref idref="fl-9"/>
      </object_component>
      <object_component id="oc-10c">
         <name>.debug_info</name>
         <load_address>0x7d5ce</load_address>
         <run_address>0x7d5ce</run_address>
         <size>0x45e</size>
         <input_file_ref idref="fl-9"/>
      </object_component>
      <object_component id="oc-2dd">
         <name>.debug_info</name>
         <load_address>0x7da2c</load_address>
         <run_address>0x7da2c</run_address>
         <size>0x333</size>
         <input_file_ref idref="fl-9"/>
      </object_component>
      <object_component id="oc-112">
         <name>.debug_info</name>
         <load_address>0x7dd5f</load_address>
         <run_address>0x7dd5f</run_address>
         <size>0x273</size>
         <input_file_ref idref="fl-9"/>
      </object_component>
      <object_component id="oc-338">
         <name>.debug_info</name>
         <load_address>0x7dfd2</load_address>
         <run_address>0x7dfd2</run_address>
         <size>0x300</size>
         <input_file_ref idref="fl-9"/>
      </object_component>
      <object_component id="oc-33e">
         <name>.debug_info</name>
         <load_address>0x7e2d2</load_address>
         <run_address>0x7e2d2</run_address>
         <size>0x48b</size>
         <input_file_ref idref="fl-9"/>
      </object_component>
      <object_component id="oc-344">
         <name>.debug_info</name>
         <load_address>0x7e75d</load_address>
         <run_address>0x7e75d</run_address>
         <size>0x31c</size>
         <input_file_ref idref="fl-9"/>
      </object_component>
      <object_component id="oc-34a">
         <name>.debug_info</name>
         <load_address>0x7ea79</load_address>
         <run_address>0x7ea79</run_address>
         <size>0x31c</size>
         <input_file_ref idref="fl-9"/>
      </object_component>
      <object_component id="oc-350">
         <name>.debug_info</name>
         <load_address>0x7ed95</load_address>
         <run_address>0x7ed95</run_address>
         <size>0x35c</size>
         <input_file_ref idref="fl-9"/>
      </object_component>
      <object_component id="oc-356">
         <name>.debug_info</name>
         <load_address>0x7f0f1</load_address>
         <run_address>0x7f0f1</run_address>
         <size>0x248</size>
         <input_file_ref idref="fl-9"/>
      </object_component>
      <object_component id="oc-35c">
         <name>.debug_info</name>
         <load_address>0x7f339</load_address>
         <run_address>0x7f339</run_address>
         <size>0x20a</size>
         <input_file_ref idref="fl-9"/>
      </object_component>
      <object_component id="oc-362">
         <name>.debug_info</name>
         <load_address>0x7f543</load_address>
         <run_address>0x7f543</run_address>
         <size>0x2e2</size>
         <input_file_ref idref="fl-9"/>
      </object_component>
      <object_component id="oc-464">
         <name>.debug_info</name>
         <load_address>0x7f825</load_address>
         <run_address>0x7f825</run_address>
         <size>0x1ea7</size>
         <input_file_ref idref="fl-a"/>
      </object_component>
      <object_component id="oc-3c2">
         <name>.debug_info</name>
         <load_address>0x816cc</load_address>
         <run_address>0x816cc</run_address>
         <size>0x10c</size>
         <input_file_ref idref="fl-a"/>
      </object_component>
      <object_component id="oc-2b9">
         <name>.debug_info</name>
         <load_address>0x817d8</load_address>
         <run_address>0x817d8</run_address>
         <size>0x26a</size>
         <input_file_ref idref="fl-a"/>
      </object_component>
      <object_component id="oc-2bf">
         <name>.debug_info</name>
         <load_address>0x81a42</load_address>
         <run_address>0x81a42</run_address>
         <size>0x233</size>
         <input_file_ref idref="fl-a"/>
      </object_component>
      <object_component id="oc-2d1">
         <name>.debug_info</name>
         <load_address>0x81c75</load_address>
         <run_address>0x81c75</run_address>
         <size>0x22a</size>
         <input_file_ref idref="fl-a"/>
      </object_component>
      <object_component id="oc-2d7">
         <name>.debug_info</name>
         <load_address>0x81e9f</load_address>
         <run_address>0x81e9f</run_address>
         <size>0x1dd</size>
         <input_file_ref idref="fl-a"/>
      </object_component>
      <object_component id="oc-88">
         <name>.debug_info</name>
         <load_address>0x8207c</load_address>
         <run_address>0x8207c</run_address>
         <size>0x2d2</size>
         <input_file_ref idref="fl-b"/>
      </object_component>
      <object_component id="oc-25">
         <name>.debug_info</name>
         <load_address>0x8234e</load_address>
         <run_address>0x8234e</run_address>
         <size>0xfe</size>
         <input_file_ref idref="fl-b"/>
      </object_component>
      <object_component id="oc-6f">
         <name>.debug_info</name>
         <load_address>0x8244c</load_address>
         <run_address>0x8244c</run_address>
         <size>0x161</size>
         <input_file_ref idref="fl-b"/>
      </object_component>
      <object_component id="oc-75">
         <name>.debug_info</name>
         <load_address>0x825ad</load_address>
         <run_address>0x825ad</run_address>
         <size>0x149</size>
         <input_file_ref idref="fl-b"/>
      </object_component>
      <object_component id="oc-2ef">
         <name>.debug_info</name>
         <load_address>0x826f6</load_address>
         <run_address>0x826f6</run_address>
         <size>0x561</size>
         <input_file_ref idref="fl-17"/>
      </object_component>
      <object_component id="oc-11b">
         <name>.debug_info</name>
         <load_address>0x82c57</load_address>
         <run_address>0x82c57</run_address>
         <size>0x1ef</size>
         <input_file_ref idref="fl-17"/>
      </object_component>
      <object_component id="oc-127">
         <name>.debug_info</name>
         <load_address>0x82e46</load_address>
         <run_address>0x82e46</run_address>
         <size>0x203</size>
         <input_file_ref idref="fl-17"/>
      </object_component>
      <object_component id="oc-12d">
         <name>.debug_info</name>
         <load_address>0x83049</load_address>
         <run_address>0x83049</run_address>
         <size>0x1d0</size>
         <input_file_ref idref="fl-17"/>
      </object_component>
      <object_component id="oc-121">
         <name>.debug_info</name>
         <load_address>0x83219</load_address>
         <run_address>0x83219</run_address>
         <size>0x1f6</size>
         <input_file_ref idref="fl-17"/>
      </object_component>
      <object_component id="oc-3d1">
         <name>.debug_info</name>
         <load_address>0x8340f</load_address>
         <run_address>0x8340f</run_address>
         <size>0x439</size>
         <input_file_ref idref="fl-17"/>
      </object_component>
      <object_component id="oc-3d7">
         <name>.debug_info</name>
         <load_address>0x83848</load_address>
         <run_address>0x83848</run_address>
         <size>0x3fb</size>
         <input_file_ref idref="fl-18"/>
      </object_component>
      <object_component id="oc-407">
         <name>.debug_info</name>
         <load_address>0x83c43</load_address>
         <run_address>0x83c43</run_address>
         <size>0x200</size>
[...]
      </symbol>
      <symbol id="sm-2c4">
         <name>g_rect</name>
         <value>0x20000a88</value>
      </symbol>
      <symbol id="sm-2c5">
         <name>_ZN4Task14m_u8NextTaskIDE</name>
         <value>0x20000ab0</value>
         <object_component_ref idref="oc-e4"/>
      </symbol>
      <symbol id="sm-2c6">
         <name>main</name>
         <value>0x2bd</value>
         <object_component_ref idref="oc-b0"/>
      </symbol>
      <symbol id="sm-2c7">
         <name>__sti___8_main_cpp_937618a8</name>
         <value>0x1e85</value>
         <object_component_ref idref="oc-68"/>
      </symbol>
      <symbol id="sm-2c8">
         <name>ADC14_IRQHandler</name>
         <value>0x1511</value>
         <object_component_ref idref="oc-7a"/>
      </symbol>
      <symbol id="sm-2c9">
         <name>g_MainScheduler</name>
         <value>0x20000800</value>
         <object_component_ref idref="oc-c8"/>
      </symbol>
      <symbol id="sm-2ca">
         <name>T32_INT1_IRQHandler</name>
         <value>0x1ae9</value>
         <object_component_ref idref="oc-80"/>
      </symbol>
      <symbol id="sm-2cb">
         <name>_Z5Setupv</name>
         <value>0xb75</value>
         <object_component_ref idref="oc-141"/>
      </symbol>
      <symbol id="sm-304">
         <name>SystemInit</name>
         <value>0x1499</value>
         <object_component_ref idref="oc-cc"/>
      </symbol>
      <symbol id="sm-3b4">
         <name>Lcd_Orientation</name>
         <value>0x20000a94</value>
      </symbol>
      <symbol id="sm-3b5">
         <name>Lcd_ScreenWidth</name>
         <value>0x20000a6e</value>
      </symbol>
      <symbol id="sm-3b6">
         <name>Lcd_ScreenHeigth</name>
         <value>0x20000a6c</value>
      </symbol>
      <symbol id="sm-3b7">
         <name>Lcd_PenSolid</name>
         <value>0x20000a95</value>
      </symbol>
      <symbol id="sm-3b8">
         <name>Lcd_FontSolid</name>
         <value>0x20000a93</value>
      </symbol>
      <symbol id="sm-3b9">
         <name>Lcd_FlagRead</name>
         <value>0x20000a92</value>
      </symbol>
      <symbol id="sm-3ba">
         <name>Lcd_TouchTrim</name>
         <value>0x20000a90</value>
      </symbol>
      <symbol id="sm-3bb">
         <name>_Z34Crystalfontz128x128_SetOrientationh</name>
         <value>0x1829</value>
         <object_component_ref idref="oc-111"/>
      </symbol>
      <symbol id="sm-3bc">
         <name>_Z24Crystalfontz128x128_Initv</name>
         <value>0xa49</value>
         <object_component_ref idref="oc-10b"/>
      </symbol>
      <symbol id="sm-3bd">
         <name>g_sCrystalfontz128x128_funcs</name>
         <value>0x23d8</value>
         <object_component_ref idref="oc-163"/>
      </symbol>
      <symbol id="sm-3be">
         <name>g_sCrystalfontz128x128</name>
         <value>0x20000a98</value>
         <object_component_ref idref="oc-160"/>
      </symbol>
      <symbol id="sm-3bf">
         <name>_Z32Crystalfontz128x128_SetDrawFrametttt</name>
         <value>0x915</value>
         <object_component_ref idref="oc-2dc"/>
      </symbol>
      <symbol id="sm-3f9">
         <name>_Z17HAL_LCD_writeDatah</name>
         <value>0x1c11</value>
         <object_component_ref idref="oc-2d6"/>
      </symbol>
      <symbol id="sm-3fa">
         <name>_Z15HAL_LCD_SpiInitv</name>
         <value>0x19f1</value>
         <object_component_ref idref="oc-2be"/>
      </symbol>
      <symbol id="sm-3fb">
         <name>_Z20HAL_LCD_writeCommandh</name>
         <value>0x1ab1</value>
         <object_component_ref idref="oc-2d0"/>
      </symbol>
      <symbol id="sm-3fc">
         <name>_Z16HAL_LCD_PortInitv</name>
         <value>0x1b51</value>
         <object_component_ref idref="oc-2b8"/>
      </symbol>
      <symbol id="sm-418">
         <name>Reset_Handler</name>
         <value>0x1ebf</value>
         <object_component_ref idref="oc-6e"/>
      </symbol>
      <symbol id="sm-419">
         <name>Default_Handler</name>
         <value>0x7b3</value>
         <object_component_ref idref="oc-74"/>
      </symbol>
      <symbol id="sm-41a">
         <name>interruptVectors</name>
         <value>0x0</value>
         <object_component_ref idref="oc-24"/>
      </symbol>
      <symbol id="sm-444">
         <name>Graphics_setBackgroundColor</name>
         <value>0x1dcd</value>
         <object_component_ref idref="oc-123"/>
      </symbol>
      <symbol id="sm-445">
         <name>Graphics_setFont</name>
         <value>0x1de7</value>
         <object_component_ref idref="oc-129"/>
      </symbol>
      <symbol id="sm-446">
         <name>Graphics_initContext</name>
         <value>0x187d</value>
         <object_component_ref idref="oc-117"/>
      </symbol>
      <symbol id="sm-447">
         <name>Graphics_setForegroundColor</name>
         <value>0x1e45</value>
         <object_component_ref idref="oc-11d"/>
      </symbol>
      <symbol id="sm-45c">
         <name>Graphics_translateColorOnDisplay</name>
         <value>0x1e5b</value>
         <object_component_ref idref="oc-2f0"/>
      </symbol>
      <symbol id="sm-45d">
         <name>Graphics_fillRectangleOnDisplay</name>
         <value>0x1d59</value>
         <object_component_ref idref="oc-406"/>
      </symbol>
      <symbol id="sm-46f">
         <name>g_sFontFixed6x8</name>
         <value>0x2218</value>
         <object_component_ref idref="oc-166"/>
      </symbol>
      <symbol id="sm-486">
         <name>Graphics_fillRectangle</name>
         <value>0xc99</value>
         <object_component_ref idref="oc-31c"/>
      </symbol>
      <symbol id="sm-4d3">
         <name>ADC14_getResult</name>
         <value>0x1d79</value>
         <object_component_ref idref="oc-d4"/>
      </symbol>
      <symbol id="sm-50c">
         <name>GPIO_setOutputHighOnPin</name>
         <value>0x1c95</value>
         <object_component_ref idref="oc-2ca"/>
      </symbol>
      <symbol id="sm-50d">
         <name>GPIO_setAsOutputPin</name>
         <value>0x19b1</value>
         <object_component_ref idref="oc-3ae"/>
      </symbol>
      <symbol id="sm-50e">
         <name>GPIO_setOutputLowOnPin</name>
         <value>0x1cbd</value>
         <object_component_ref idref="oc-2c4"/>
      </symbol>
      <symbol id="sm-50f">
         <name>GPIO_setAsPeripheralModuleFunctionOutputPin</name>
         <value>0x1315</value>
         <object_component_ref idref="oc-3a8"/>
      </symbol>
      <symbol id="sm-54f">
         <name>EUSCI_B_SPI_enable</name>
         <value>0x1e2f</value>
         <object_component_ref idref="oc-45b"/>
      </symbol>
      <symbol id="sm-550">
         <name>SPI_enableModule</name>
         <value>0x1d95</value>
         <object_component_ref idref="oc-3bb"/>
      </symbol>
      <symbol id="sm-551">
         <name>EUSCI_A_SPI_enable</name>
         <value>0x1e19</value>
         <object_component_ref idref="oc-455"/>
      </symbol>
      <symbol id="sm-552">
         <name>SPI_initMaster</name>
         <value>0x112d</value>
         <object_component_ref idref="oc-3b5"/>
      </symbol>
      <symbol id="sm-5ad">
         <name>_ZN10__cxxabiv117__class_type_infoD1Ev</name>
         <value>0x1f0d</value>
         <object_component_ref idref="oc-4ed"/>
      </symbol>
      <symbol id="sm-5ae">
         <name>_ZTSN10__cxxabiv120__si_class_type_infoE</name>
         <value>0x2390</value>
         <object_component_ref idref="oc-4f9"/>
      </symbol>
      <symbol id="sm-5af">
         <name>_ZTSN10__cxxabiv117__class_type_infoE</name>
         <value>0x23b5</value>
         <object_component_ref idref="oc-518"/>
      </symbol>
      <symbol id="sm-5b0">
         <name>_ZN10__cxxabiv117__class_type_infoD2Ev</name>
         <value>0x1f0d</value>
         <object_component_ref idref="oc-4ed"/>
      </symbol>
      <symbol id="sm-5b1">
         <name>_ZN10__cxxabiv120__si_class_type_infoD2Ev</name>
         <value>0x1f11</value>
         <object_component_ref idref="oc-4d6"/>
      </symbol>
      <symbol id="sm-5b2">
         <name>_ZTVN10__cxxabiv117__class_type_infoE</name>
         <value>0x2444</value>
         <object_component_ref idref="oc-4c7"/>
      </symbol>
      <symbol id="sm-5b3">
         <name>_ZTIN10__cxxabiv117__class_type_infoE</name>
         <value>0x248c</value>
         <object_component_ref idref="oc-4e8"/>
      </symbol>
      <symbol id="sm-5b4">
         <name>_ZN10__cxxabiv120__si_class_type_infoD1Ev</name>
         <value>0x1f11</value>
         <object_component_ref idref="oc-4d6"/>
      </symbol>
      <symbol id="sm-5b5">
         <name>_ZTIN10__cxxabiv120__si_class_type_infoE</name>
         <value>0x2498</value>
         <object_component_ref idref="oc-4d1"/>
      </symbol>
      <symbol id="sm-5b6">
         <name>_ZN10__cxxabiv117__class_type_infoD0Ev</name>
         <value>0x1e95</value>
         <object_component_ref idref="oc-4f3"/>
      </symbol>
      <symbol id="sm-5b7">
         <name>_ZTVN10__cxxabiv120__si_class_type_infoE</name>
         <value>0x2454</value>
         <object_component_ref idref="oc-47e"/>
      </symbol>
      <symbol id="sm-5b8">
         <name>_ZN10__cxxabiv120__si_class_type_infoD0Ev</name>
         <value>0x1ea3</value>
         <object_component_ref idref="oc-4dc"/>
      </symbol>
      <symbol id="sm-5d4">
         <name>_ZdlPv</name>
         <value>0x1f05</value>
         <object_component_ref idref="oc-52a"/>
      </symbol>
      <symbol id="sm-5d5">
         <name>_ZdlPvj</name>
         <value>0x1f15</value>
         <object_component_ref idref="oc-504"/>
      </symbol>
      <symbol id="sm-5f9">
         <name>_ZTSSt9type_info</name>
         <value>0x2464</value>
         <object_component_ref idref="oc-533"/>
      </symbol>
      <symbol id="sm-5fa">
         <name>_ZNSt9type_infoD2Ev</name>
         <value>0xea7</value>
         <object_component_ref idref="oc-522"/>
      </symbol>
      <symbol id="sm-5fb">
         <name>_ZNSt9type_infoD1Ev</name>
         <value>0xea7</value>
         <object_component_ref idref="oc-522"/>
      </symbol>
      <symbol id="sm-5fc">
         <name>_ZTISt9type_info</name>
         <value>0x24cc</value>
         <object_component_ref idref="oc-51d"/>
      </symbol>
      <symbol id="sm-613">
         <name>__aeabi_dsub</name>
         <value>0x47d</value>
         <object_component_ref idref="oc-499"/>
      </symbol>
      <symbol id="sm-614">
         <name>__aeabi_dadd</name>
         <value>0x487</value>
         <object_component_ref idref="oc-499"/>
      </symbol>
      <symbol id="sm-61f">
         <name>__aeabi_dmul</name>
         <value>0xdab</value>
         <object_component_ref idref="oc-494"/>
      </symbol>
      <symbol id="sm-629">
         <name>__aeabi_d2ulz</name>
         <value>0x17cb</value>
         <object_component_ref idref="oc-49e"/>
      </symbol>
      <symbol id="sm-633">
         <name>__aeabi_ul2d</name>
         <value>0x1c69</value>
         <object_component_ref idref="oc-48f"/>
      </symbol>
      <symbol id="sm-64c">
         <name>__TI_zero_init_nomemset</name>
         <value>0x1e71</value>
         <object_component_ref idref="oc-44"/>
      </symbol>
      <symbol id="sm-663">
         <name>__TI_decompress_none</name>
         <value>0x1eb1</value>
         <object_component_ref idref="oc-1a"/>
      </symbol>
      <symbol id="sm-686">
         <name>__TI_decompress_lzss</name>
         <value>0x157d</value>
         <object_component_ref idref="oc-14"/>
      </symbol>
      <symbol id="sm-691">
         <name>C$$EXIT</name>
         <value>0x1f1d</value>
         <object_component_ref idref="oc-175"/>
      </symbol>
      <symbol id="sm-692">
         <name>abort</name>
         <value>0x1f1d</value>
         <object_component_ref idref="oc-175"/>
      </symbol>
      <symbol id="sm-6a7">
         <name>_nop</name>
         <value>0x170b</value>
         <object_component_ref idref="oc-423"/>
      </symbol>
      <symbol id="sm-6a8">
         <name>_lock</name>
         <value>0x20000ab4</value>
         <object_component_ref idref="oc-373"/>
      </symbol>
      <symbol id="sm-6a9">
         <name>_unlock</name>
         <value>0x20000ab8</value>
         <object_component_ref idref="oc-373"/>
      </symbol>
      <symbol id="sm-6fe">
         <name>_sys_memory</name>
         <value>0x20000000</value>
         <object_component_ref idref="oc-27"/>
      </symbol>
      <symbol id="sm-6ff">
         <name>free</name>
         <value>0xea9</value>
         <object_component_ref idref="oc-53b"/>
      </symbol>
      <symbol id="sm-712">
         <name>__stack</name>
         <value>0x2000fe00</value>
         <object_component_ref idref="oc-2a"/>
      </symbol>
      <symbol id="sm-713">
         <name>_c_int00_noargs</name>
         <value>0x1b1d</value>
         <object_component_ref idref="oc-56"/>
      </symbol>
      <symbol id="sm-72f">
         <name>memcpy</name>
         <value>0x1279</value>
         <object_component_ref idref="oc-38"/>
      </symbol>
      <symbol id="sm-730">
         <name>__aeabi_memcpy</name>
         <value>0x1279</value>
         <object_component_ref idref="oc-38"/>
      </symbol>
      <symbol id="sm-731">
         <name>__aeabi_memcpy8</name>
         <value>0x1279</value>
         <object_component_ref idref="oc-38"/>
      </symbol>
      <symbol id="sm-732">
         <name>__aeabi_memcpy4</name>
         <value>0x1279</value>
         <object_component_ref idref="oc-38"/>
      </symbol>
      <symbol id="sm-760">
         <name>__TI_auto_init_nobinit</name>
         <value>0x170d</value>
         <object_component_ref idref="oc-187"/>
      </symbol>
      <symbol id="sm-76a">
         <name>_system_pre_init</name>
         <value>0x1f19</value>
         <object_component_ref idref="oc-aa"/>
      </symbol>
      <symbol id="sm-76d">
         <name>__TI_static_base__</name>
         <value>0x0</value>
      </symbol>
      <symbol id="sm-770">
         <name>__mpu_init</name>
         <value>0x0</value>
      </symbol>
      <symbol id="sm-771">
         <name>_system_post_cinit</name>
         <value>0x0</value>
      </symbol>
      <symbol id="sm-772">
         <name>NMI_Handler</name>
         <value>0x7b3</value>
      </symbol>
      <symbol id="sm-773">
         <name>HardFault_Handler</name>
         <value>0x7b3</value>
      </symbol>
      <symbol id="sm-774">
         <name>MemManage_Handler</name>
         <value>0x7b3</value>
      </symbol>
      <symbol id="sm-775">
         <name>BusFault_Handler</name>
         <value>0x7b3</value>
      </symbol>
      <symbol id="sm-776">
         <name>UsageFault_Handler</name>
         <value>0x7b3</value>
      </symbol>
      <symbol id="sm-777">
         <name>SVC_Handler</name>
         <value>0x7b3</value>
      </symbol>
      <symbol id="sm-778">
         <name>DebugMon_Handler</name>
         <value>0x7b3</value>
      </symbol>
      <symbol id="sm-779">
         <name>PendSV_Handler</name>
         <value>0x7b3</value>
      </symbol>
      <symbol id="sm-77a">
         <name>SysTick_Handler</name>
         <value>0x7b3</value>
      </symbol>
      <symbol id="sm-77b">
         <name>PSS_IRQHandler</name>
         <value>0x7b3</value>
      </symbol>
      <symbol id="sm-77c">
         <name>CS_IRQHandler</name>
         <value>0x7b3</value>
      </symbol>
      <symbol id="sm-77d">
         <name>PCM_IRQHandler</name>
         <value>0x7b3</value>
      </symbol>
      <symbol id="sm-77e">
         <name>WDT_A_IRQHandler</name>
         <value>0x7b3</value>
      </symbol>
      <symbol id="sm-77f">
         <name>FPU_IRQHandler</name>
         <value>0x7b3</value>
      </symbol>
      <symbol id="sm-780">
         <name>FLCTL_IRQHandler</name>
         <value>0x7b3</value>
      </symbol>
      <symbol id="sm-781">
         <name>COMP_E0_IRQHandler</name>
         <value>0x7b3</value>
      </symbol>
      <symbol id="sm-782">
         <name>COMP_E1_IRQHandler</name>
         <value>0x7b3</value>
      </symbol>
      <symbol id="sm-783">
         <name>TA0_0_IRQHandler</name>
         <value>0x7b3</value>
      </symbol>
      <symbol id="sm-784">
         <name>TA0_N_IRQHandler</name>
         <value>0x7b3</value>
      </symbol>
      <symbol id="sm-785">
         <name>TA1_0_IRQHandler</name>
         <value>0x7b3</value>
      </symbol>
      <symbol id="sm-786">
         <name>TA1_N_IRQHandler</name>
         <value>0x7b3</value>
      </symbol>
      <symbol id="sm-787">
         <name>TA2_0_IRQHandler</name>
         <value>0x7b3</value>
      </symbol>
      <symbol id="sm-788">
         <name>TA2_N_IRQHandler</name>
         <value>0x7b3</value>
      </symbol>
      <symbol id="sm-789">
         <name>TA3_0_IRQHandler</name>
         <value>0x7b3</value>
      </symbol>
      <symbol id="sm-78a">
         <name>TA3_N_IRQHandler</name>
         <value>0x7b3</value>
      </symbol>
      <symbol id="sm-78b">
         <name>EUSCIA0_IRQHandler</name>
         <value>0x7b3</value>
      </symbol>
      <symbol id="sm-78c">
         <name>EUSCIA1_IRQHandler</name>
         <value>0x7b3</value>
      </symbol>
      <symbol id="sm-78d">
         <name>EUSCIA2_IRQHandler</name>
         <value>0x7b3</value>
      </symbol>
      <symbol id="sm-78e">
         <name>EUSCIA3_IRQHandler</name>
         <value>0x7b3</value>
      </symbol>
      <symbol id="sm-78f">
         <name>EUSCIB0_IRQHandler</name>
         <value>0x7b3</value>
      </symbol>
      <symbol id="sm-790">
         <name>EUSCIB1_IRQHandler</name>
         <value>0x7b3</value>
      </symbol>
      <symbol id="sm-791">
         <name>EUSCIB2_IRQHandler</name>
         <value>0x7b3</value>
      </symbol>
      <symbol id="sm-792">
         <name>EUSCIB3_IRQHandler</name>
         <value>0x7b3</value>
      </symbol>
      <symbol id="sm-793">
         <name>ADC14_IRQHandler</name>
         <value>0x1511</value>
      </symbol>
      <symbol id="sm-794">
         <name>T32_INT1_IRQHandler</name>
         <value>0x1ae9</value>
      </symbol>
      <symbol id="sm-795">
         <name>T32_INT2_IRQHandler</name>
         <value>0x7b3</value>
      </symbol>
      <symbol id="sm-796">
         <name>T32_INTC_IRQHandler</name>
         <value>0x7b3</value>
      </symbol>
      <symbol id="sm-797">
         <name>AES256_IRQHandler</name>
         <value>0x7b3</value>
      </symbol>
      <symbol id="sm-798">
         <name>RTC_C_IRQHandler</name>
         <value>0x7b3</value>
      </symbol>
      <symbol id="sm-799">
         <name>DMA_ERR_IRQHandler</name>
         <value>0x7b3</value>
      </symbol>
      <symbol id="sm-79a">
         <name>DMA_INT3_IRQHandler</name>
         <value>0x7b3</value>
      </symbol>
      <symbol id="sm-79b">
         <name>DMA_INT2_IRQHandler</name>
         <value>0x7b3</value>
      </symbol>
      <symbol id="sm-79c">
         <name>DMA_INT1_IRQHandler</name>
         <value>0x7b3</value>
      </symbol>
      <symbol id="sm-79d">
         <name>DMA_INT0_IRQHandler</name>
         <value>0x7b3</value>
      </symbol>
      <symbol id="sm-79e">
         <name>PORT1_IRQHandler</name>
         <value>0x7b3</value>
      </symbol>
      <symbol id="sm-79f">
         <name>PORT2_IRQHandler</name>
         <value>0x7b3</value>
      </symbol>
      <symbol id="sm-7a0">
         <name>PORT3_IRQHandler</name>
         <value>0x7b3</value>
      </symbol>
      <symbol id="sm-7a1">
         <name>PORT4_IRQHandler</name>
         <value>0x7b3</value>
      </symbol>
      <symbol id="sm-7a2">
         <name>PORT5_IRQHandler</name>
         <value>0x7b3</value>
      </symbol>
      <symbol id="sm-7a3">
         <name>PORT6_IRQHandler</name>
         <value>0x7b3</value>
      </symbol>
      <symbol id="sm-7a4">
         <name>_ZSt17__throw_bad_allocv</name>
         <value>0x1f1d</value>
      </symbol>
   </symbol_table>
   <title>Link successful</title>
</link_info>
